2026-09-28 18:31:34,487 [INFO] openwam.model.action_backbone.components: Using attention backend: sdpa (auto-detected)
2026-09-28 18:31:34,487 [INFO] deploy: Attention backend diagnostics:
  ActionDiT          : _sdpa
  Video DiT          : torch_sdpa
  Wan shared core    : torch
2026-09-28 18:31:34,550 [INFO] openwam.deploy.model_loader: Loading checkpoint: /root/data/robot/OpenWAM/assets/openwam_ckpt/experiment3/openwam-robotwin-clean40-action-only/checkpoint_step_50000.safetensors
2026-09-28 18:31:34,551 [INFO] openwam.deploy.model_loader: Using config-embedded component specs for video-backbone construction
2026-09-28 18:31:34,553 [INFO] openwam.model.video_backbone.wan.loader: Instantiating openwam.model.video_backbone.wan.models.dit.WanModel as holder.dit (extra_kwargs keys=['has_image_input', 'patch_size', 'in_dim', 'dim', 'ffn_dim', 'freq_dim', 'text_dim', 'out_dim', 'num_heads', 'num_layers', 'eps', 'seperated_timestep', 'require_clip_embedding', 'require_vae_embedding', 'fuse_vae_embedding_in_latents'])
2026-09-28 18:32:08,426 [INFO] openwam.model.video_backbone.wan.loader: Instantiating openwam.model.video_backbone.wan.models.vae.WanVideoVAE38 as holder.vae (extra_kwargs keys=[])
2026-09-28 18:32:13,220 [INFO] openwam.model.video_backbone.wan.loader: Instantiating openwam.model.video_backbone.wan.models.text_encoder.WanTextEncoder as holder.text_encoder (extra_kwargs keys=[])
2026-09-28 18:33:15,817 [INFO] openwam.model.video_backbone.wan.loader: Tokenizer not found under ckpt_dir; falling back to model_path/google/umt5-xxl
2026-09-28 18:33:23,849 [INFO] openwam.deploy.model_loader: Architecture: dual_system_self_attn (framework=dual_system variant=joint_self_attn)
2026-09-28 18:33:23,849 [INFO] openwam.deploy.model_loader: Loading frozen text encoder from upstream model path: /root/data/robot/OpenWAM/assets/Wan2.2-TI2V-5B
Loading models from: "/root/data/robot/OpenWAM/assets/Wan2.2-TI2V-5B/models_t5_umt5-xxl-enc-bf16.pth"
Detected non-safetensors files, which may cause slower loading. It's recommended to convert it to a safetensors file.
Loaded model: {
    "model_name": "wan_video_text_encoder",
    "model_class": "openwam.model.video_backbone.wan.models.text_encoder.WanTextEncoder",
    "extra_kwargs": null
}
Using wan_video_text_encoder from "/root/data/robot/OpenWAM/assets/Wan2.2-TI2V-5B/models_t5_umt5-xxl-enc-bf16.pth".
No wan_video_dit models available. This is not an error.
No wan_video_vae models available. This is not an error.
No wan_video_image_encoder models available. This is not an error.
No wan_video_motion_controller models available. This is not an error.
No wan_video_vace models available. This is not an error.
No wan_video_vap models available. This is not an error.
No wans2v_audio_encoder models available. This is not an error.
No wan_video_animate_adapter models available. This is not an error.
2026-09-28 18:33:41,449 [INFO] openwam.deploy.model_loader: Loading all models with dtype=torch.bfloat16 (mixed_precision=bf16)
Traceback (most recent call last):
  File "/root/data/robot/OpenWAM/scripts/deploy.py", line 20, in <module>
    main()
  File "/root/data/robot/OpenWAM/openwam/deploy/server.py", line 681, in main
    server = build_server_from_config(
  File "/root/data/robot/OpenWAM/openwam/deploy/server.py", line 361, in build_server_from_config
    training_cfg, architecture = load_from_checkpoint_dir(ckpt_dir, device=device, ckpt_name=ckpt_name)
  File "/root/data/robot/OpenWAM/openwam/deploy/model_loader.py", line 237, in load_from_checkpoint_dir
    architecture.set_dtype_device(model_dtype, torch.device(device))
  File "/root/data/robot/OpenWAM/openwam/model/architectures/base.py", line 632, in set_dtype_device
    bb.set_dtype_device(dtype, device)
  File "/root/data/robot/OpenWAM/openwam/model/video_backbone/base.py", line 311, in set_dtype_device
    self.to(dtype=dtype, device=device)
  File "/root/data/miniconda3/envs/openwam/lib/python3.10/site-packages/torch/nn/modules/module.py", line 1355, in to
    return self._apply(convert)
  File "/root/data/miniconda3/envs/openwam/lib/python3.10/site-packages/torch/nn/modules/module.py", line 915, in _apply
    module._apply(fn)
  File "/root/data/miniconda3/envs/openwam/lib/python3.10/site-packages/torch/nn/modules/module.py", line 915, in _apply
    module._apply(fn)
  File "/root/data/miniconda3/envs/openwam/lib/python3.10/site-packages/torch/nn/modules/module.py", line 915, in _apply
    module._apply(fn)
  [Previous line repeated 2 more times]
  File "/root/data/miniconda3/envs/openwam/lib/python3.10/site-packages/torch/nn/modules/module.py", line 942, in _apply
    param_applied = fn(param)
  File "/root/data/miniconda3/envs/openwam/lib/python3.10/site-packages/torch/nn/modules/module.py", line 1341, in convert
    return t.to(
torch.OutOfMemoryError: CUDA out of memory. Tried to allocate 84.00 MiB. GPU 5 has a total capacity of 31.50 GiB of which 43.50 MiB is free. Process 13517 has 23.89 GiB memory in use. Including non-PyTorch memory, this process has 7.55 GiB memory in use. Of the allocated memory 7.32 GiB is allocated by PyTorch, and 1.76 MiB is reserved by PyTorch but unallocated. If reserved but unallocated memory is large try setting PYTORCH_CUDA_ALLOC_CONF=expandable_segments:True to avoid fragmentation.  See documentation for Memory Management  (https://pytorch.org/docs/stable/notes/cuda.html#environment-variables)
ERROR conda.cli.main_run:execute(142): `conda run python scripts/deploy.py --ckpt-dir /root/data/robot/OpenWAM/assets/openwam_ckpt/experiment3/openwam-robotwin-clean40-action-only --device cuda:5 --host 127.0.0.1 --port 8848 --compile-enabled false` failed. (See above for error)
