[2026-09-26 11:24:11] manager start tasks=10 gpu_ids=[4, 5, 6] max_tasks_per_gpu=1 output_dir=/root/data/robot/FastWAM/evaluate_results/robotwin/robotwin_uncond_3cam_384/exp3_refactored_smoke_official_smoke_unseen
[2026-09-26 11:24:11] launch task=adjust_bottle phase=clean gpu=4 cmd=/root/data/miniconda3/envs/fastwam/bin/python /root/data/robot/FastWAM/experiments/robotwin/eval_robotwin_single.py ckpt=/root/data/robot/FastWAM/checkpoints/fastwam_release/robotwin_uncond_3cam_384.pt gpu_id=4 EVALUATION.task_name=adjust_bottle EVALUATION.task_config=demo_clean EVALUATION.output_dir=/root/data/robot/FastWAM/exp3_refactored_smoke_official_smoke_unseen task=robotwin_uncond_3cam_384_1e-4 EVALUATION.dataset_stats_path=/root/data/robot/FastWAM/checkpoints/fastwam_release/robotwin_uncond_3cam_384_dataset_stats.json EVALUATION.task_file=/root/data/robot/experiment3/tasks/unseen_10.txt EVALUATION.eval_num_episodes=1 EVALUATION.instruction_type=unseen seed=0
[2026-09-26 11:24:11] launch task=grab_roller phase=clean gpu=5 cmd=/root/data/miniconda3/envs/fastwam/bin/python /root/data/robot/FastWAM/experiments/robotwin/eval_robotwin_single.py ckpt=/root/data/robot/FastWAM/checkpoints/fastwam_release/robotwin_uncond_3cam_384.pt gpu_id=5 EVALUATION.task_name=grab_roller EVALUATION.task_config=demo_clean EVALUATION.output_dir=/root/data/robot/FastWAM/exp3_refactored_smoke_official_smoke_unseen task=robotwin_uncond_3cam_384_1e-4 EVALUATION.dataset_stats_path=/root/data/robot/FastWAM/checkpoints/fastwam_release/robotwin_uncond_3cam_384_dataset_stats.json EVALUATION.task_file=/root/data/robot/experiment3/tasks/unseen_10.txt EVALUATION.eval_num_episodes=1 EVALUATION.instruction_type=unseen seed=0
[2026-09-26 11:24:11] launch task=place_container_plate phase=clean gpu=6 cmd=/root/data/miniconda3/envs/fastwam/bin/python /root/data/robot/FastWAM/experiments/robotwin/eval_robotwin_single.py ckpt=/root/data/robot/FastWAM/checkpoints/fastwam_release/robotwin_uncond_3cam_384.pt gpu_id=6 EVALUATION.task_name=place_container_plate EVALUATION.task_config=demo_clean EVALUATION.output_dir=/root/data/robot/FastWAM/exp3_refactored_smoke_official_smoke_unseen task=robotwin_uncond_3cam_384_1e-4 EVALUATION.dataset_stats_path=/root/data/robot/FastWAM/checkpoints/fastwam_release/robotwin_uncond_3cam_384_dataset_stats.json EVALUATION.task_file=/root/data/robot/experiment3/tasks/unseen_10.txt EVALUATION.eval_num_episodes=1 EVALUATION.instruction_type=unseen seed=0
[32mRender Well[0m
[32mRender Well[0m
[32mRender Well[0m
============= Config =============

[95mMessy Table:[0m False
[95mRandom Background:[0m False
[95mRandom Light:[0m False
[95mRandom Table Height:[0m 0
[95mRandom Head Camera Distance:[0m 0
[94mHead Camera Config:[0m D435, True
[94mWrist Camera Config:[0m D435, True
[94mEmbodiment Config:[0m aloha-agilex

==================================
============= Config =============

[95mMessy Table:[0m False
[95mRandom Background:[0m False
[95mRandom Light:[0m False
[95mRandom Table Height:[0m 0
[95mRandom Head Camera Distance:[0m 0
[94mHead Camera Config:[0m D435, True
[94mWrist Camera Config:[0m D435, True
[94mEmbodiment Config:[0m aloha-agilex

==================================
============= Config =============

[95mMessy Table:[0m False
[95mRandom Background:[0m False
[95mRandom Light:[0m False
[95mRandom Table Height:[0m 0
[95mRandom Head Camera Distance:[0m 0
[94mHead Camera Config:[0m D435, True
[94mWrist Camera Config:[0m D435, True
[94mEmbodiment Config:[0m aloha-agilex

==================================
missing pytorch3d
missing pytorch3d
missing pytorch3d
[INFO] [fastwam.models.wan22.helpers.loader] Loading Wan2.2-TI2V-5B components...
[INFO] [fastwam.models.wan22.helpers.loader] Loading Wan2.2-TI2V-5B components...
[INFO] [fastwam.models.wan22.helpers.loader] Loading Wan2.2-TI2V-5B components...
[INFO] [fastwam.models.wan22.helpers.loader] Skipping pretrained video DiT load (`skip_dit_load_from_pretrain=True`); initializing video expert randomly and expecting checkpoint override.
[INFO] [fastwam.models.wan22.helpers.loader] Skipping pretrained video DiT load (`skip_dit_load_from_pretrain=True`); initializing video expert randomly and expecting checkpoint override.
[INFO] [fastwam.models.wan22.helpers.loader] Skipping pretrained video DiT load (`skip_dit_load_from_pretrain=True`); initializing video expert randomly and expecting checkpoint override.
[INFO] [fastwam.models.wan22.helpers.loader] Finished loading Wan2.2-TI2V-5B components in 88.40 seconds.
[INFO] [fastwam.models.wan22.action_dit] Skipping ActionDiT pretrained load (`skip_dit_load_from_pretrain=True`); initializing action expert randomly and expecting checkpoint override.
[INFO] [fastwam.models.wan22.helpers.loader] Finished loading Wan2.2-TI2V-5B components in 88.95 seconds.
[INFO] [fastwam.models.wan22.action_dit] Skipping ActionDiT pretrained load (`skip_dit_load_from_pretrain=True`); initializing action expert randomly and expecting checkpoint override.
[INFO] [fastwam.models.wan22.helpers.loader] Finished loading Wan2.2-TI2V-5B components in 89.34 seconds.
[INFO] [fastwam.models.wan22.action_dit] Skipping ActionDiT pretrained load (`skip_dit_load_from_pretrain=True`); initializing action expert randomly and expecting checkpoint override.
[INFO] [fastwam.models.wan22.mot] Initialized MoT with experts: ['video', 'action'], num_layers=30
[INFO] [fastwam.models.wan22.mot]   Expert 'video': num_params=5.00 B
[INFO] [fastwam.models.wan22.mot]   Expert 'action': num_params=1.02 B
[INFO] [fastwam.models.wan22.mot] Initialized MoT with experts: ['video', 'action'], num_layers=30
[INFO] [fastwam.models.wan22.mot]   Expert 'video': num_params=5.00 B
[INFO] [fastwam.models.wan22.mot]   Expert 'action': num_params=1.02 B
[INFO] [fastwam.models.wan22.mot] Initialized MoT with experts: ['video', 'action'], num_layers=30
[INFO] [fastwam.models.wan22.mot]   Expert 'video': num_params=5.00 B
[INFO] [fastwam.models.wan22.mot]   Expert 'action': num_params=1.02 B
[34mTask Name: grab_roller[0m
[34mPolicy Name: fastwam_policy[0m
Using fixed episode manifest: /root/data/robot/experiment3/manifests/1_episodes/grab_roller/demo_clean/manifest.json
[34mTask Name: place_container_plate[0m
[34mPolicy Name: fastwam_policy[0m
Using fixed episode manifest: /root/data/robot/experiment3/manifests/1_episodes/place_container_plate/demo_clean/manifest.json
[34mTask Name: adjust_bottle[0m
[34mPolicy Name: fastwam_policy[0m
Using fixed episode manifest: /root/data/robot/experiment3/manifests/1_episodes/adjust_bottle/demo_clean/manifest.json
[92mSuccess![0m
[93mgrab_roller[0m | [94mfastwam_policy[0m | [92mdemo_clean[0m | [91m/root/data/robot/FastWAM/checkpoints/fastwam_release/robotwin_uncond_3cam_384.pt[0m
Success rate: [96m1/1[0m => [95m100.0%[0m, current seed: [90m100000[0m

Data has been saved to /root/data/robot/FastWAM/evaluate_results/robotwin/robotwin_uncond_3cam_384/exp3_refactored_smoke_official_smoke_unseen/grab_roller/_result_clean.txt
Evaluation finished successfully. Log saved to: /root/data/robot/FastWAM/evaluate_results/robotwin/robotwin_uncond_3cam_384/exp3_refactored_smoke_official_smoke_unseen/eval_grab_roller_20260926_112411.log
[2026-09-26 11:27:13] done task=grab_roller phase=clean gpu=5 success_rate=1.0000
[2026-09-26 11:27:13] launch task=grab_roller phase=random gpu=5 cmd=/root/data/miniconda3/envs/fastwam/bin/python /root/data/robot/FastWAM/experiments/robotwin/eval_robotwin_single.py ckpt=/root/data/robot/FastWAM/checkpoints/fastwam_release/robotwin_uncond_3cam_384.pt gpu_id=5 EVALUATION.task_name=grab_roller EVALUATION.task_config=demo_randomized EVALUATION.output_dir=/root/data/robot/FastWAM/exp3_refactored_smoke_official_smoke_unseen task=robotwin_uncond_3cam_384_1e-4 EVALUATION.dataset_stats_path=/root/data/robot/FastWAM/checkpoints/fastwam_release/robotwin_uncond_3cam_384_dataset_stats.json EVALUATION.task_file=/root/data/robot/experiment3/tasks/unseen_10.txt EVALUATION.eval_num_episodes=1 EVALUATION.instruction_type=unseen seed=0
[92mSuccess![0m
[93madjust_bottle[0m | [94mfastwam_policy[0m | [92mdemo_clean[0m | [91m/root/data/robot/FastWAM/checkpoints/fastwam_release/robotwin_uncond_3cam_384.pt[0m
Success rate: [96m1/1[0m => [95m100.0%[0m, current seed: [90m100001[0m

Data has been saved to /root/data/robot/FastWAM/evaluate_results/robotwin/robotwin_uncond_3cam_384/exp3_refactored_smoke_official_smoke_unseen/adjust_bottle/_result_clean.txt
[92mSuccess![0m
[93mplace_container_plate[0m | [94mfastwam_policy[0m | [92mdemo_clean[0m | [91m/root/data/robot/FastWAM/checkpoints/fastwam_release/robotwin_uncond_3cam_384.pt[0m
Success rate: [96m1/1[0m => [95m100.0%[0m, current seed: [90m100000[0m

Data has been saved to /root/data/robot/FastWAM/evaluate_results/robotwin/robotwin_uncond_3cam_384/exp3_refactored_smoke_official_smoke_unseen/place_container_plate/_result_clean.txt
Evaluation finished successfully. Log saved to: /root/data/robot/FastWAM/evaluate_results/robotwin/robotwin_uncond_3cam_384/exp3_refactored_smoke_official_smoke_unseen/eval_adjust_bottle_20260926_112411.log
[2026-09-26 11:27:19] done task=adjust_bottle phase=clean gpu=4 success_rate=1.0000
[2026-09-26 11:27:19] launch task=adjust_bottle phase=random gpu=4 cmd=/root/data/miniconda3/envs/fastwam/bin/python /root/data/robot/FastWAM/experiments/robotwin/eval_robotwin_single.py ckpt=/root/data/robot/FastWAM/checkpoints/fastwam_release/robotwin_uncond_3cam_384.pt gpu_id=4 EVALUATION.task_name=adjust_bottle EVALUATION.task_config=demo_randomized EVALUATION.output_dir=/root/data/robot/FastWAM/exp3_refactored_smoke_official_smoke_unseen task=robotwin_uncond_3cam_384_1e-4 EVALUATION.dataset_stats_path=/root/data/robot/FastWAM/checkpoints/fastwam_release/robotwin_uncond_3cam_384_dataset_stats.json EVALUATION.task_file=/root/data/robot/experiment3/tasks/unseen_10.txt EVALUATION.eval_num_episodes=1 EVALUATION.instruction_type=unseen seed=0
Evaluation finished successfully. Log saved to: /root/data/robot/FastWAM/evaluate_results/robotwin/robotwin_uncond_3cam_384/exp3_refactored_smoke_official_smoke_unseen/eval_place_container_plate_20260926_112411.log
[2026-09-26 11:27:21] done task=place_container_plate phase=clean gpu=6 success_rate=1.0000
[2026-09-26 11:27:21] launch task=place_container_plate phase=random gpu=6 cmd=/root/data/miniconda3/envs/fastwam/bin/python /root/data/robot/FastWAM/experiments/robotwin/eval_robotwin_single.py ckpt=/root/data/robot/FastWAM/checkpoints/fastwam_release/robotwin_uncond_3cam_384.pt gpu_id=6 EVALUATION.task_name=place_container_plate EVALUATION.task_config=demo_randomized EVALUATION.output_dir=/root/data/robot/FastWAM/exp3_refactored_smoke_official_smoke_unseen task=robotwin_uncond_3cam_384_1e-4 EVALUATION.dataset_stats_path=/root/data/robot/FastWAM/checkpoints/fastwam_release/robotwin_uncond_3cam_384_dataset_stats.json EVALUATION.task_file=/root/data/robot/experiment3/tasks/unseen_10.txt EVALUATION.eval_num_episodes=1 EVALUATION.instruction_type=unseen seed=0
[32mRender Well[0m
[32mRender Well[0m
============= Config =============

[95mMessy Table:[0m True
[95mRandom Background:[0m True
 - Clean Background Rate: 0.02
[95mRandom Light:[0m True
 - Crazy Random Light Rate: 0.02
[95mRandom Table Height:[0m 0.03
[95mRandom Head Camera Distance:[0m 0
[94mHead Camera Config:[0m D435, True
[94mWrist Camera Config:[0m D435, True
[94mEmbodiment Config:[0m aloha-agilex

==================================
[32mRender Well[0m
missing pytorch3d
============= Config =============

[95mMessy Table:[0m True
[95mRandom Background:[0m True
 - Clean Background Rate: 0.02
[95mRandom Light:[0m True
 - Crazy Random Light Rate: 0.02
[95mRandom Table Height:[0m 0.03
[95mRandom Head Camera Distance:[0m 0
[94mHead Camera Config:[0m D435, True
[94mWrist Camera Config:[0m D435, True
[94mEmbodiment Config:[0m aloha-agilex

==================================
missing pytorch3d
[INFO] [fastwam.models.wan22.helpers.loader] Loading Wan2.2-TI2V-5B components...
[INFO] [fastwam.models.wan22.helpers.loader] Skipping pretrained video DiT load (`skip_dit_load_from_pretrain=True`); initializing video expert randomly and expecting checkpoint override.
============= Config =============

[95mMessy Table:[0m True
[95mRandom Background:[0m True
 - Clean Background Rate: 0.02
[95mRandom Light:[0m True
 - Crazy Random Light Rate: 0.02
[95mRandom Table Height:[0m 0.03
[95mRandom Head Camera Distance:[0m 0
[94mHead Camera Config:[0m D435, True
[94mWrist Camera Config:[0m D435, True
[94mEmbodiment Config:[0m aloha-agilex

==================================
[INFO] [fastwam.models.wan22.helpers.loader] Loading Wan2.2-TI2V-5B components...
[INFO] [fastwam.models.wan22.helpers.loader] Skipping pretrained video DiT load (`skip_dit_load_from_pretrain=True`); initializing video expert randomly and expecting checkpoint override.
missing pytorch3d
[INFO] [fastwam.models.wan22.helpers.loader] Loading Wan2.2-TI2V-5B components...
[INFO] [fastwam.models.wan22.helpers.loader] Skipping pretrained video DiT load (`skip_dit_load_from_pretrain=True`); initializing video expert randomly and expecting checkpoint override.
[INFO] [fastwam.models.wan22.helpers.loader] Finished loading Wan2.2-TI2V-5B components in 89.32 seconds.
[INFO] [fastwam.models.wan22.action_dit] Skipping ActionDiT pretrained load (`skip_dit_load_from_pretrain=True`); initializing action expert randomly and expecting checkpoint override.
[INFO] [fastwam.models.wan22.helpers.loader] Finished loading Wan2.2-TI2V-5B components in 89.08 seconds.
[INFO] [fastwam.models.wan22.action_dit] Skipping ActionDiT pretrained load (`skip_dit_load_from_pretrain=True`); initializing action expert randomly and expecting checkpoint override.
[INFO] [fastwam.models.wan22.helpers.loader] Finished loading Wan2.2-TI2V-5B components in 88.44 seconds.
[INFO] [fastwam.models.wan22.action_dit] Skipping ActionDiT pretrained load (`skip_dit_load_from_pretrain=True`); initializing action expert randomly and expecting checkpoint override.
[INFO] [fastwam.models.wan22.mot] Initialized MoT with experts: ['video', 'action'], num_layers=30
[INFO] [fastwam.models.wan22.mot]   Expert 'video': num_params=5.00 B
[INFO] [fastwam.models.wan22.mot]   Expert 'action': num_params=1.02 B
[INFO] [fastwam.models.wan22.mot] Initialized MoT with experts: ['video', 'action'], num_layers=30
[INFO] [fastwam.models.wan22.mot]   Expert 'video': num_params=5.00 B
[INFO] [fastwam.models.wan22.mot]   Expert 'action': num_params=1.02 B
[INFO] [fastwam.models.wan22.mot] Initialized MoT with experts: ['video', 'action'], num_layers=30
[INFO] [fastwam.models.wan22.mot]   Expert 'video': num_params=5.00 B
[INFO] [fastwam.models.wan22.mot]   Expert 'action': num_params=1.02 B
[34mTask Name: grab_roller[0m
[34mPolicy Name: fastwam_policy[0m
Using fixed episode manifest: /root/data/robot/experiment3/manifests/1_episodes/grab_roller/demo_randomized/manifest.json
[34mTask Name: adjust_bottle[0m
[34mPolicy Name: fastwam_policy[0m
Using fixed episode manifest: /root/data/robot/experiment3/manifests/1_episodes/adjust_bottle/demo_randomized/manifest.json
[34mTask Name: place_container_plate[0m
[34mPolicy Name: fastwam_policy[0m
Using fixed episode manifest: /root/data/robot/experiment3/manifests/1_episodes/place_container_plate/demo_randomized/manifest.json
[92mSuccess![0m
[93mgrab_roller[0m | [94mfastwam_policy[0m | [92mdemo_randomized[0m | [91m/root/data/robot/FastWAM/checkpoints/fastwam_release/robotwin_uncond_3cam_384.pt[0m
Success rate: [96m1/1[0m => [95m100.0%[0m, current seed: [90m100000[0m

Data has been saved to /root/data/robot/FastWAM/evaluate_results/robotwin/robotwin_uncond_3cam_384/exp3_refactored_smoke_official_smoke_unseen/grab_roller/_result_random.txt
Evaluation finished successfully. Log saved to: /root/data/robot/FastWAM/evaluate_results/robotwin/robotwin_uncond_3cam_384/exp3_refactored_smoke_official_smoke_unseen/eval_grab_roller_20260926_112714.log
[2026-09-26 11:30:15] done task=grab_roller phase=random gpu=5 success_rate=1.0000
[2026-09-26 11:30:15] launch task=move_pillbottle_pad phase=clean gpu=5 cmd=/root/data/miniconda3/envs/fastwam/bin/python /root/data/robot/FastWAM/experiments/robotwin/eval_robotwin_single.py ckpt=/root/data/robot/FastWAM/checkpoints/fastwam_release/robotwin_uncond_3cam_384.pt gpu_id=5 EVALUATION.task_name=move_pillbottle_pad EVALUATION.task_config=demo_clean EVALUATION.output_dir=/root/data/robot/FastWAM/exp3_refactored_smoke_official_smoke_unseen task=robotwin_uncond_3cam_384_1e-4 EVALUATION.dataset_stats_path=/root/data/robot/FastWAM/checkpoints/fastwam_release/robotwin_uncond_3cam_384_dataset_stats.json EVALUATION.task_file=/root/data/robot/experiment3/tasks/unseen_10.txt EVALUATION.eval_num_episodes=1 EVALUATION.instruction_type=unseen seed=0
[92mSuccess![0m
[93madjust_bottle[0m | [94mfastwam_policy[0m | [92mdemo_randomized[0m | [91m/root/data/robot/FastWAM/checkpoints/fastwam_release/robotwin_uncond_3cam_384.pt[0m
Success rate: [96m1/1[0m => [95m100.0%[0m, current seed: [90m100000[0m

Data has been saved to /root/data/robot/FastWAM/evaluate_results/robotwin/robotwin_uncond_3cam_384/exp3_refactored_smoke_official_smoke_unseen/adjust_bottle/_result_random.txt
[92mSuccess![0m
[93mplace_container_plate[0m | [94mfastwam_policy[0m | [92mdemo_randomized[0m | [91m/root/data/robot/FastWAM/checkpoints/fastwam_release/robotwin_uncond_3cam_384.pt[0m
Success rate: [96m1/1[0m => [95m100.0%[0m, current seed: [90m100000[0m

Data has been saved to /root/data/robot/FastWAM/evaluate_results/robotwin/robotwin_uncond_3cam_384/exp3_refactored_smoke_official_smoke_unseen/place_container_plate/_result_random.txt
Evaluation finished successfully. Log saved to: /root/data/robot/FastWAM/evaluate_results/robotwin/robotwin_uncond_3cam_384/exp3_refactored_smoke_official_smoke_unseen/eval_adjust_bottle_20260926_112720.log
Evaluation finished successfully. Log saved to: /root/data/robot/FastWAM/evaluate_results/robotwin/robotwin_uncond_3cam_384/exp3_refactored_smoke_official_smoke_unseen/eval_place_container_plate_20260926_112722.log
[2026-09-26 11:30:23] done task=adjust_bottle phase=random gpu=4 success_rate=1.0000
[2026-09-26 11:30:23] launch task=move_can_pot phase=clean gpu=4 cmd=/root/data/miniconda3/envs/fastwam/bin/python /root/data/robot/FastWAM/experiments/robotwin/eval_robotwin_single.py ckpt=/root/data/robot/FastWAM/checkpoints/fastwam_release/robotwin_uncond_3cam_384.pt gpu_id=4 EVALUATION.task_name=move_can_pot EVALUATION.task_config=demo_clean EVALUATION.output_dir=/root/data/robot/FastWAM/exp3_refactored_smoke_official_smoke_unseen task=robotwin_uncond_3cam_384_1e-4 EVALUATION.dataset_stats_path=/root/data/robot/FastWAM/checkpoints/fastwam_release/robotwin_uncond_3cam_384_dataset_stats.json EVALUATION.task_file=/root/data/robot/experiment3/tasks/unseen_10.txt EVALUATION.eval_num_episodes=1 EVALUATION.instruction_type=unseen seed=0
[2026-09-26 11:30:25] done task=place_container_plate phase=random gpu=6 success_rate=1.0000
[2026-09-26 11:30:25] launch task=open_microwave phase=clean gpu=6 cmd=/root/data/miniconda3/envs/fastwam/bin/python /root/data/robot/FastWAM/experiments/robotwin/eval_robotwin_single.py ckpt=/root/data/robot/FastWAM/checkpoints/fastwam_release/robotwin_uncond_3cam_384.pt gpu_id=6 EVALUATION.task_name=open_microwave EVALUATION.task_config=demo_clean EVALUATION.output_dir=/root/data/robot/FastWAM/exp3_refactored_smoke_official_smoke_unseen task=robotwin_uncond_3cam_384_1e-4 EVALUATION.dataset_stats_path=/root/data/robot/FastWAM/checkpoints/fastwam_release/robotwin_uncond_3cam_384_dataset_stats.json EVALUATION.task_file=/root/data/robot/experiment3/tasks/unseen_10.txt EVALUATION.eval_num_episodes=1 EVALUATION.instruction_type=unseen seed=0
[32mRender Well[0m
============= Config =============

[95mMessy Table:[0m False
[95mRandom Background:[0m False
[95mRandom Light:[0m False
[95mRandom Table Height:[0m 0
[95mRandom Head Camera Distance:[0m 0
[94mHead Camera Config:[0m D435, True
[94mWrist Camera Config:[0m D435, True
[94mEmbodiment Config:[0m aloha-agilex

==================================
[32mRender Well[0m
missing pytorch3d
[32mRender Well[0m
[INFO] [fastwam.models.wan22.helpers.loader] Loading Wan2.2-TI2V-5B components...
[INFO] [fastwam.models.wan22.helpers.loader] Skipping pretrained video DiT load (`skip_dit_load_from_pretrain=True`); initializing video expert randomly and expecting checkpoint override.
============= Config =============

[95mMessy Table:[0m False
[95mRandom Background:[0m False
[95mRandom Light:[0m False
[95mRandom Table Height:[0m 0
[95mRandom Head Camera Distance:[0m 0
[94mHead Camera Config:[0m D435, True
[94mWrist Camera Config:[0m D435, True
[94mEmbodiment Config:[0m aloha-agilex

==================================
missing pytorch3d
============= Config =============

[95mMessy Table:[0m False
[95mRandom Background:[0m False
[95mRandom Light:[0m False
[95mRandom Table Height:[0m 0
[95mRandom Head Camera Distance:[0m 0
[94mHead Camera Config:[0m D435, True
[94mWrist Camera Config:[0m D435, True
[94mEmbodiment Config:[0m aloha-agilex

==================================
[INFO] [fastwam.models.wan22.helpers.loader] Loading Wan2.2-TI2V-5B components...
[INFO] [fastwam.models.wan22.helpers.loader] Skipping pretrained video DiT load (`skip_dit_load_from_pretrain=True`); initializing video expert randomly and expecting checkpoint override.
missing pytorch3d
[INFO] [fastwam.models.wan22.helpers.loader] Loading Wan2.2-TI2V-5B components...
[INFO] [fastwam.models.wan22.helpers.loader] Skipping pretrained video DiT load (`skip_dit_load_from_pretrain=True`); initializing video expert randomly and expecting checkpoint override.
[INFO] [fastwam.models.wan22.helpers.loader] Finished loading Wan2.2-TI2V-5B components in 89.89 seconds.
[INFO] [fastwam.models.wan22.action_dit] Skipping ActionDiT pretrained load (`skip_dit_load_from_pretrain=True`); initializing action expert randomly and expecting checkpoint override.
[INFO] [fastwam.models.wan22.helpers.loader] Finished loading Wan2.2-TI2V-5B components in 89.76 seconds.
[INFO] [fastwam.models.wan22.action_dit] Skipping ActionDiT pretrained load (`skip_dit_load_from_pretrain=True`); initializing action expert randomly and expecting checkpoint override.
[INFO] [fastwam.models.wan22.helpers.loader] Finished loading Wan2.2-TI2V-5B components in 90.73 seconds.
[INFO] [fastwam.models.wan22.action_dit] Skipping ActionDiT pretrained load (`skip_dit_load_from_pretrain=True`); initializing action expert randomly and expecting checkpoint override.
[INFO] [fastwam.models.wan22.mot] Initialized MoT with experts: ['video', 'action'], num_layers=30
[INFO] [fastwam.models.wan22.mot]   Expert 'video': num_params=5.00 B
[INFO] [fastwam.models.wan22.mot]   Expert 'action': num_params=1.02 B
[INFO] [fastwam.models.wan22.mot] Initialized MoT with experts: ['video', 'action'], num_layers=30
[INFO] [fastwam.models.wan22.mot]   Expert 'video': num_params=5.00 B
[INFO] [fastwam.models.wan22.mot]   Expert 'action': num_params=1.02 B
[INFO] [fastwam.models.wan22.mot] Initialized MoT with experts: ['video', 'action'], num_layers=30
[INFO] [fastwam.models.wan22.mot]   Expert 'video': num_params=5.00 B
[INFO] [fastwam.models.wan22.mot]   Expert 'action': num_params=1.02 B
[34mTask Name: move_pillbottle_pad[0m
[34mPolicy Name: fastwam_policy[0m
Using fixed episode manifest: /root/data/robot/experiment3/manifests/1_episodes/move_pillbottle_pad/demo_clean/manifest.json
[34mTask Name: move_can_pot[0m
[34mPolicy Name: fastwam_policy[0m
Using fixed episode manifest: /root/data/robot/experiment3/manifests/1_episodes/move_can_pot/demo_clean/manifest.json
[34mTask Name: open_microwave[0m
[34mPolicy Name: fastwam_policy[0m
Using fixed episode manifest: /root/data/robot/experiment3/manifests/1_episodes/open_microwave/demo_clean/manifest.json
[92mSuccess![0m
[93mmove_pillbottle_pad[0m | [94mfastwam_policy[0m | [92mdemo_clean[0m | [91m/root/data/robot/FastWAM/checkpoints/fastwam_release/robotwin_uncond_3cam_384.pt[0m
Success rate: [96m1/1[0m => [95m100.0%[0m, current seed: [90m100002[0m

Data has been saved to /root/data/robot/FastWAM/evaluate_results/robotwin/robotwin_uncond_3cam_384/exp3_refactored_smoke_official_smoke_unseen/move_pillbottle_pad/_result_clean.txt
Evaluation finished successfully. Log saved to: /root/data/robot/FastWAM/evaluate_results/robotwin/robotwin_uncond_3cam_384/exp3_refactored_smoke_official_smoke_unseen/eval_move_pillbottle_pad_20260926_113016.log
[2026-09-26 11:33:19] done task=move_pillbottle_pad phase=clean gpu=5 success_rate=1.0000
[2026-09-26 11:33:19] launch task=move_pillbottle_pad phase=random gpu=5 cmd=/root/data/miniconda3/envs/fastwam/bin/python /root/data/robot/FastWAM/experiments/robotwin/eval_robotwin_single.py ckpt=/root/data/robot/FastWAM/checkpoints/fastwam_release/robotwin_uncond_3cam_384.pt gpu_id=5 EVALUATION.task_name=move_pillbottle_pad EVALUATION.task_config=demo_randomized EVALUATION.output_dir=/root/data/robot/FastWAM/exp3_refactored_smoke_official_smoke_unseen task=robotwin_uncond_3cam_384_1e-4 EVALUATION.dataset_stats_path=/root/data/robot/FastWAM/checkpoints/fastwam_release/robotwin_uncond_3cam_384_dataset_stats.json EVALUATION.task_file=/root/data/robot/experiment3/tasks/unseen_10.txt EVALUATION.eval_num_episodes=1 EVALUATION.instruction_type=unseen seed=0
[32mRender Well[0m
============= Config =============

[95mMessy Table:[0m True
[95mRandom Background:[0m True
 - Clean Background Rate: 0.02
[95mRandom Light:[0m True
 - Crazy Random Light Rate: 0.02
[95mRandom Table Height:[0m 0.03
[95mRandom Head Camera Distance:[0m 0
[94mHead Camera Config:[0m D435, True
[94mWrist Camera Config:[0m D435, True
[94mEmbodiment Config:[0m aloha-agilex

==================================
[91mFail![0m
[93mmove_can_pot[0m | [94mfastwam_policy[0m | [92mdemo_clean[0m | [91m/root/data/robot/FastWAM/checkpoints/fastwam_release/robotwin_uncond_3cam_384.pt[0m
Success rate: [96m0/1[0m => [95m0.0%[0m, current seed: [90m100000[0m

Data has been saved to /root/data/robot/FastWAM/evaluate_results/robotwin/robotwin_uncond_3cam_384/exp3_refactored_smoke_official_smoke_unseen/move_can_pot/_result_clean.txt
missing pytorch3d
[INFO] [fastwam.models.wan22.helpers.loader] Loading Wan2.2-TI2V-5B components...
[INFO] [fastwam.models.wan22.helpers.loader] Skipping pretrained video DiT load (`skip_dit_load_from_pretrain=True`); initializing video expert randomly and expecting checkpoint override.
Evaluation finished successfully. Log saved to: /root/data/robot/FastWAM/evaluate_results/robotwin/robotwin_uncond_3cam_384/exp3_refactored_smoke_official_smoke_unseen/eval_move_can_pot_20260926_113024.log
[2026-09-26 11:33:41] done task=move_can_pot phase=clean gpu=4 success_rate=0.0000
[2026-09-26 11:33:41] launch task=move_can_pot phase=random gpu=4 cmd=/root/data/miniconda3/envs/fastwam/bin/python /root/data/robot/FastWAM/experiments/robotwin/eval_robotwin_single.py ckpt=/root/data/robot/FastWAM/checkpoints/fastwam_release/robotwin_uncond_3cam_384.pt gpu_id=4 EVALUATION.task_name=move_can_pot EVALUATION.task_config=demo_randomized EVALUATION.output_dir=/root/data/robot/FastWAM/exp3_refactored_smoke_official_smoke_unseen task=robotwin_uncond_3cam_384_1e-4 EVALUATION.dataset_stats_path=/root/data/robot/FastWAM/checkpoints/fastwam_release/robotwin_uncond_3cam_384_dataset_stats.json EVALUATION.task_file=/root/data/robot/experiment3/tasks/unseen_10.txt EVALUATION.eval_num_episodes=1 EVALUATION.instruction_type=unseen seed=0
[92mSuccess![0m
[93mopen_microwave[0m | [94mfastwam_policy[0m | [92mdemo_clean[0m | [91m/root/data/robot/FastWAM/checkpoints/fastwam_release/robotwin_uncond_3cam_384.pt[0m
Success rate: [96m1/1[0m => [95m100.0%[0m, current seed: [90m100000[0m

Data has been saved to /root/data/robot/FastWAM/evaluate_results/robotwin/robotwin_uncond_3cam_384/exp3_refactored_smoke_official_smoke_unseen/open_microwave/_result_clean.txt
[32mRender Well[0m
Evaluation finished successfully. Log saved to: /root/data/robot/FastWAM/evaluate_results/robotwin/robotwin_uncond_3cam_384/exp3_refactored_smoke_official_smoke_unseen/eval_open_microwave_20260926_113026.log
[2026-09-26 11:33:54] done task=open_microwave phase=clean gpu=6 success_rate=1.0000
[2026-09-26 11:33:54] launch task=open_microwave phase=random gpu=6 cmd=/root/data/miniconda3/envs/fastwam/bin/python /root/data/robot/FastWAM/experiments/robotwin/eval_robotwin_single.py ckpt=/root/data/robot/FastWAM/checkpoints/fastwam_release/robotwin_uncond_3cam_384.pt gpu_id=6 EVALUATION.task_name=open_microwave EVALUATION.task_config=demo_randomized EVALUATION.output_dir=/root/data/robot/FastWAM/exp3_refactored_smoke_official_smoke_unseen task=robotwin_uncond_3cam_384_1e-4 EVALUATION.dataset_stats_path=/root/data/robot/FastWAM/checkpoints/fastwam_release/robotwin_uncond_3cam_384_dataset_stats.json EVALUATION.task_file=/root/data/robot/experiment3/tasks/unseen_10.txt EVALUATION.eval_num_episodes=1 EVALUATION.instruction_type=unseen seed=0
============= Config =============

[95mMessy Table:[0m True
[95mRandom Background:[0m True
 - Clean Background Rate: 0.02
[95mRandom Light:[0m True
 - Crazy Random Light Rate: 0.02
[95mRandom Table Height:[0m 0.03
[95mRandom Head Camera Distance:[0m 0
[94mHead Camera Config:[0m D435, True
[94mWrist Camera Config:[0m D435, True
[94mEmbodiment Config:[0m aloha-agilex

==================================
missing pytorch3d
[INFO] [fastwam.models.wan22.helpers.loader] Loading Wan2.2-TI2V-5B components...
[INFO] [fastwam.models.wan22.helpers.loader] Skipping pretrained video DiT load (`skip_dit_load_from_pretrain=True`); initializing video expert randomly and expecting checkpoint override.
[32mRender Well[0m
============= Config =============

[95mMessy Table:[0m True
[95mRandom Background:[0m True
 - Clean Background Rate: 0.02
[95mRandom Light:[0m True
 - Crazy Random Light Rate: 0.02
[95mRandom Table Height:[0m 0.03
[95mRandom Head Camera Distance:[0m 0
[94mHead Camera Config:[0m D435, True
[94mWrist Camera Config:[0m D435, True
[94mEmbodiment Config:[0m aloha-agilex

==================================
missing pytorch3d
[INFO] [fastwam.models.wan22.helpers.loader] Loading Wan2.2-TI2V-5B components...
[INFO] [fastwam.models.wan22.helpers.loader] Skipping pretrained video DiT load (`skip_dit_load_from_pretrain=True`); initializing video expert randomly and expecting checkpoint override.
[INFO] [fastwam.models.wan22.helpers.loader] Finished loading Wan2.2-TI2V-5B components in 85.78 seconds.
[INFO] [fastwam.models.wan22.action_dit] Skipping ActionDiT pretrained load (`skip_dit_load_from_pretrain=True`); initializing action expert randomly and expecting checkpoint override.
[INFO] [fastwam.models.wan22.mot] Initialized MoT with experts: ['video', 'action'], num_layers=30
[INFO] [fastwam.models.wan22.mot]   Expert 'video': num_params=5.00 B
[INFO] [fastwam.models.wan22.mot]   Expert 'action': num_params=1.02 B
[34mTask Name: move_pillbottle_pad[0m
[34mPolicy Name: fastwam_policy[0m
Using fixed episode manifest: /root/data/robot/experiment3/manifests/1_episodes/move_pillbottle_pad/demo_randomized/manifest.json
[INFO] [fastwam.models.wan22.helpers.loader] Finished loading Wan2.2-TI2V-5B components in 88.58 seconds.
[INFO] [fastwam.models.wan22.action_dit] Skipping ActionDiT pretrained load (`skip_dit_load_from_pretrain=True`); initializing action expert randomly and expecting checkpoint override.
[INFO] [fastwam.models.wan22.mot] Initialized MoT with experts: ['video', 'action'], num_layers=30
[INFO] [fastwam.models.wan22.mot]   Expert 'video': num_params=5.00 B
[INFO] [fastwam.models.wan22.mot]   Expert 'action': num_params=1.02 B
[INFO] [fastwam.models.wan22.helpers.loader] Finished loading Wan2.2-TI2V-5B components in 89.01 seconds.
[INFO] [fastwam.models.wan22.action_dit] Skipping ActionDiT pretrained load (`skip_dit_load_from_pretrain=True`); initializing action expert randomly and expecting checkpoint override.
[34mTask Name: move_can_pot[0m
[34mPolicy Name: fastwam_policy[0m
Using fixed episode manifest: /root/data/robot/experiment3/manifests/1_episodes/move_can_pot/demo_randomized/manifest.json
[INFO] [fastwam.models.wan22.mot] Initialized MoT with experts: ['video', 'action'], num_layers=30
[INFO] [fastwam.models.wan22.mot]   Expert 'video': num_params=5.00 B
[INFO] [fastwam.models.wan22.mot]   Expert 'action': num_params=1.02 B
[34mTask Name: open_microwave[0m
[34mPolicy Name: fastwam_policy[0m
Using fixed episode manifest: /root/data/robot/experiment3/manifests/1_episodes/open_microwave/demo_randomized/manifest.json
[92mSuccess![0m
[93mmove_pillbottle_pad[0m | [94mfastwam_policy[0m | [92mdemo_randomized[0m | [91m/root/data/robot/FastWAM/checkpoints/fastwam_release/robotwin_uncond_3cam_384.pt[0m
Success rate: [96m1/1[0m => [95m100.0%[0m, current seed: [90m100001[0m

Data has been saved to /root/data/robot/FastWAM/evaluate_results/robotwin/robotwin_uncond_3cam_384/exp3_refactored_smoke_official_smoke_unseen/move_pillbottle_pad/_result_random.txt
Evaluation finished successfully. Log saved to: /root/data/robot/FastWAM/evaluate_results/robotwin/robotwin_uncond_3cam_384/exp3_refactored_smoke_official_smoke_unseen/eval_move_pillbottle_pad_20260926_113320.log
[2026-09-26 11:36:28] done task=move_pillbottle_pad phase=random gpu=5 success_rate=1.0000
[2026-09-26 11:36:28] launch task=press_stapler phase=clean gpu=5 cmd=/root/data/miniconda3/envs/fastwam/bin/python /root/data/robot/FastWAM/experiments/robotwin/eval_robotwin_single.py ckpt=/root/data/robot/FastWAM/checkpoints/fastwam_release/robotwin_uncond_3cam_384.pt gpu_id=5 EVALUATION.task_name=press_stapler EVALUATION.task_config=demo_clean EVALUATION.output_dir=/root/data/robot/FastWAM/exp3_refactored_smoke_official_smoke_unseen task=robotwin_uncond_3cam_384_1e-4 EVALUATION.dataset_stats_path=/root/data/robot/FastWAM/checkpoints/fastwam_release/robotwin_uncond_3cam_384_dataset_stats.json EVALUATION.task_file=/root/data/robot/experiment3/tasks/unseen_10.txt EVALUATION.eval_num_episodes=1 EVALUATION.instruction_type=unseen seed=0
[92mSuccess![0m
[93mmove_can_pot[0m | [94mfastwam_policy[0m | [92mdemo_randomized[0m | [91m/root/data/robot/FastWAM/checkpoints/fastwam_release/robotwin_uncond_3cam_384.pt[0m
Success rate: [96m1/1[0m => [95m100.0%[0m, current seed: [90m100000[0m

Data has been saved to /root/data/robot/FastWAM/evaluate_results/robotwin/robotwin_uncond_3cam_384/exp3_refactored_smoke_official_smoke_unseen/move_can_pot/_result_random.txt
[32mRender Well[0m
Evaluation finished successfully. Log saved to: /root/data/robot/FastWAM/evaluate_results/robotwin/robotwin_uncond_3cam_384/exp3_refactored_smoke_official_smoke_unseen/eval_move_can_pot_20260926_113342.log
[2026-09-26 11:36:44] done task=move_can_pot phase=random gpu=4 success_rate=1.0000
[2026-09-26 11:36:44] launch task=stack_bowls_three phase=clean gpu=4 cmd=/root/data/miniconda3/envs/fastwam/bin/python /root/data/robot/FastWAM/experiments/robotwin/eval_robotwin_single.py ckpt=/root/data/robot/FastWAM/checkpoints/fastwam_release/robotwin_uncond_3cam_384.pt gpu_id=4 EVALUATION.task_name=stack_bowls_three EVALUATION.task_config=demo_clean EVALUATION.output_dir=/root/data/robot/FastWAM/exp3_refactored_smoke_official_smoke_unseen task=robotwin_uncond_3cam_384_1e-4 EVALUATION.dataset_stats_path=/root/data/robot/FastWAM/checkpoints/fastwam_release/robotwin_uncond_3cam_384_dataset_stats.json EVALUATION.task_file=/root/data/robot/experiment3/tasks/unseen_10.txt EVALUATION.eval_num_episodes=1 EVALUATION.instruction_type=unseen seed=0
============= Config =============

[95mMessy Table:[0m False
[95mRandom Background:[0m False
[95mRandom Light:[0m False
[95mRandom Table Height:[0m 0
[95mRandom Head Camera Distance:[0m 0
[94mHead Camera Config:[0m D435, True
[94mWrist Camera Config:[0m D435, True
[94mEmbodiment Config:[0m aloha-agilex

==================================
missing pytorch3d
[INFO] [fastwam.models.wan22.helpers.loader] Loading Wan2.2-TI2V-5B components...
[INFO] [fastwam.models.wan22.helpers.loader] Skipping pretrained video DiT load (`skip_dit_load_from_pretrain=True`); initializing video expert randomly and expecting checkpoint override.
[32mRender Well[0m
============= Config =============

[95mMessy Table:[0m False
[95mRandom Background:[0m False
[95mRandom Light:[0m False
[95mRandom Table Height:[0m 0
[95mRandom Head Camera Distance:[0m 0
[94mHead Camera Config:[0m D435, True
[94mWrist Camera Config:[0m D435, True
[94mEmbodiment Config:[0m aloha-agilex

==================================
missing pytorch3d
[INFO] [fastwam.models.wan22.helpers.loader] Loading Wan2.2-TI2V-5B components...
[INFO] [fastwam.models.wan22.helpers.loader] Skipping pretrained video DiT load (`skip_dit_load_from_pretrain=True`); initializing video expert randomly and expecting checkpoint override.
[92mSuccess![0m
[93mopen_microwave[0m | [94mfastwam_policy[0m | [92mdemo_randomized[0m | [91m/root/data/robot/FastWAM/checkpoints/fastwam_release/robotwin_uncond_3cam_384.pt[0m
Success rate: [96m1/1[0m => [95m100.0%[0m, current seed: [90m100001[0m

Data has been saved to /root/data/robot/FastWAM/evaluate_results/robotwin/robotwin_uncond_3cam_384/exp3_refactored_smoke_official_smoke_unseen/open_microwave/_result_random.txt
Evaluation finished successfully. Log saved to: /root/data/robot/FastWAM/evaluate_results/robotwin/robotwin_uncond_3cam_384/exp3_refactored_smoke_official_smoke_unseen/eval_open_microwave_20260926_113354.log
[2026-09-26 11:37:04] done task=open_microwave phase=random gpu=6 success_rate=1.0000
[2026-09-26 11:37:04] launch task=handover_block phase=clean gpu=6 cmd=/root/data/miniconda3/envs/fastwam/bin/python /root/data/robot/FastWAM/experiments/robotwin/eval_robotwin_single.py ckpt=/root/data/robot/FastWAM/checkpoints/fastwam_release/robotwin_uncond_3cam_384.pt gpu_id=6 EVALUATION.task_name=handover_block EVALUATION.task_config=demo_clean EVALUATION.output_dir=/root/data/robot/FastWAM/exp3_refactored_smoke_official_smoke_unseen task=robotwin_uncond_3cam_384_1e-4 EVALUATION.dataset_stats_path=/root/data/robot/FastWAM/checkpoints/fastwam_release/robotwin_uncond_3cam_384_dataset_stats.json EVALUATION.task_file=/root/data/robot/experiment3/tasks/unseen_10.txt EVALUATION.eval_num_episodes=1 EVALUATION.instruction_type=unseen seed=0
[32mRender Well[0m
============= Config =============

[95mMessy Table:[0m False
[95mRandom Background:[0m False
[95mRandom Light:[0m False
[95mRandom Table Height:[0m 0
[95mRandom Head Camera Distance:[0m 0
[94mHead Camera Config:[0m D435, True
[94mWrist Camera Config:[0m D435, True
[94mEmbodiment Config:[0m aloha-agilex

==================================
missing pytorch3d
[INFO] [fastwam.models.wan22.helpers.loader] Loading Wan2.2-TI2V-5B components...
[INFO] [fastwam.models.wan22.helpers.loader] Skipping pretrained video DiT load (`skip_dit_load_from_pretrain=True`); initializing video expert randomly and expecting checkpoint override.
[INFO] [fastwam.models.wan22.helpers.loader] Finished loading Wan2.2-TI2V-5B components in 87.82 seconds.
[INFO] [fastwam.models.wan22.action_dit] Skipping ActionDiT pretrained load (`skip_dit_load_from_pretrain=True`); initializing action expert randomly and expecting checkpoint override.
[INFO] [fastwam.models.wan22.mot] Initialized MoT with experts: ['video', 'action'], num_layers=30
[INFO] [fastwam.models.wan22.mot]   Expert 'video': num_params=5.00 B
[INFO] [fastwam.models.wan22.mot]   Expert 'action': num_params=1.02 B
[INFO] [fastwam.models.wan22.helpers.loader] Finished loading Wan2.2-TI2V-5B components in 88.78 seconds.
[INFO] [fastwam.models.wan22.action_dit] Skipping ActionDiT pretrained load (`skip_dit_load_from_pretrain=True`); initializing action expert randomly and expecting checkpoint override.
[34mTask Name: press_stapler[0m
[34mPolicy Name: fastwam_policy[0m
Using fixed episode manifest: /root/data/robot/experiment3/manifests/1_episodes/press_stapler/demo_clean/manifest.json
[INFO] [fastwam.models.wan22.mot] Initialized MoT with experts: ['video', 'action'], num_layers=30
[INFO] [fastwam.models.wan22.mot]   Expert 'video': num_params=5.00 B
[INFO] [fastwam.models.wan22.mot]   Expert 'action': num_params=1.02 B
[34mTask Name: stack_bowls_three[0m
[34mPolicy Name: fastwam_policy[0m
Using fixed episode manifest: /root/data/robot/experiment3/manifests/1_episodes/stack_bowls_three/demo_clean/manifest.json
[INFO] [fastwam.models.wan22.helpers.loader] Finished loading Wan2.2-TI2V-5B components in 89.74 seconds.
[INFO] [fastwam.models.wan22.action_dit] Skipping ActionDiT pretrained load (`skip_dit_load_from_pretrain=True`); initializing action expert randomly and expecting checkpoint override.
[INFO] [fastwam.models.wan22.mot] Initialized MoT with experts: ['video', 'action'], num_layers=30
[INFO] [fastwam.models.wan22.mot]   Expert 'video': num_params=5.00 B
[INFO] [fastwam.models.wan22.mot]   Expert 'action': num_params=1.02 B
[34mTask Name: handover_block[0m
[34mPolicy Name: fastwam_policy[0m
Using fixed episode manifest: /root/data/robot/experiment3/manifests/1_episodes/handover_block/demo_clean/manifest.json
[92mSuccess![0m
[93mpress_stapler[0m | [94mfastwam_policy[0m | [92mdemo_clean[0m | [91m/root/data/robot/FastWAM/checkpoints/fastwam_release/robotwin_uncond_3cam_384.pt[0m
Success rate: [96m1/1[0m => [95m100.0%[0m, current seed: [90m100000[0m

Data has been saved to /root/data/robot/FastWAM/evaluate_results/robotwin/robotwin_uncond_3cam_384/exp3_refactored_smoke_official_smoke_unseen/press_stapler/_result_clean.txt
Evaluation finished successfully. Log saved to: /root/data/robot/FastWAM/evaluate_results/robotwin/robotwin_uncond_3cam_384/exp3_refactored_smoke_official_smoke_unseen/eval_press_stapler_20260926_113628.log
[2026-09-26 11:39:30] done task=press_stapler phase=clean gpu=5 success_rate=1.0000
[2026-09-26 11:39:30] launch task=press_stapler phase=random gpu=5 cmd=/root/data/miniconda3/envs/fastwam/bin/python /root/data/robot/FastWAM/experiments/robotwin/eval_robotwin_single.py ckpt=/root/data/robot/FastWAM/checkpoints/fastwam_release/robotwin_uncond_3cam_384.pt gpu_id=5 EVALUATION.task_name=press_stapler EVALUATION.task_config=demo_randomized EVALUATION.output_dir=/root/data/robot/FastWAM/exp3_refactored_smoke_official_smoke_unseen task=robotwin_uncond_3cam_384_1e-4 EVALUATION.dataset_stats_path=/root/data/robot/FastWAM/checkpoints/fastwam_release/robotwin_uncond_3cam_384_dataset_stats.json EVALUATION.task_file=/root/data/robot/experiment3/tasks/unseen_10.txt EVALUATION.eval_num_episodes=1 EVALUATION.instruction_type=unseen seed=0
[32mRender Well[0m
============= Config =============

[95mMessy Table:[0m True
[95mRandom Background:[0m True
 - Clean Background Rate: 0.02
[95mRandom Light:[0m True
 - Crazy Random Light Rate: 0.02
[95mRandom Table Height:[0m 0.03
[95mRandom Head Camera Distance:[0m 0
[94mHead Camera Config:[0m D435, True
[94mWrist Camera Config:[0m D435, True
[94mEmbodiment Config:[0m aloha-agilex

==================================
missing pytorch3d
[INFO] [fastwam.models.wan22.helpers.loader] Loading Wan2.2-TI2V-5B components...
[INFO] [fastwam.models.wan22.helpers.loader] Skipping pretrained video DiT load (`skip_dit_load_from_pretrain=True`); initializing video expert randomly and expecting checkpoint override.
[92mSuccess![0m
[93mhandover_block[0m | [94mfastwam_policy[0m | [92mdemo_clean[0m | [91m/root/data/robot/FastWAM/checkpoints/fastwam_release/robotwin_uncond_3cam_384.pt[0m
Success rate: [96m1/1[0m => [95m100.0%[0m, current seed: [90m100000[0m

Data has been saved to /root/data/robot/FastWAM/evaluate_results/robotwin/robotwin_uncond_3cam_384/exp3_refactored_smoke_official_smoke_unseen/handover_block/_result_clean.txt
Evaluation finished successfully. Log saved to: /root/data/robot/FastWAM/evaluate_results/robotwin/robotwin_uncond_3cam_384/exp3_refactored_smoke_official_smoke_unseen/eval_handover_block_20260926_113704.log
[92mSuccess![0m
[93mstack_bowls_three[0m | [94mfastwam_policy[0m | [92mdemo_clean[0m | [91m/root/data/robot/FastWAM/checkpoints/fastwam_release/robotwin_uncond_3cam_384.pt[0m
Success rate: [96m1/1[0m => [95m100.0%[0m, current seed: [90m100000[0m

Data has been saved to /root/data/robot/FastWAM/evaluate_results/robotwin/robotwin_uncond_3cam_384/exp3_refactored_smoke_official_smoke_unseen/stack_bowls_three/_result_clean.txt
[2026-09-26 11:40:18] done task=handover_block phase=clean gpu=6 success_rate=1.0000
[2026-09-26 11:40:18] launch task=handover_block phase=random gpu=6 cmd=/root/data/miniconda3/envs/fastwam/bin/python /root/data/robot/FastWAM/experiments/robotwin/eval_robotwin_single.py ckpt=/root/data/robot/FastWAM/checkpoints/fastwam_release/robotwin_uncond_3cam_384.pt gpu_id=6 EVALUATION.task_name=handover_block EVALUATION.task_config=demo_randomized EVALUATION.output_dir=/root/data/robot/FastWAM/exp3_refactored_smoke_official_smoke_unseen task=robotwin_uncond_3cam_384_1e-4 EVALUATION.dataset_stats_path=/root/data/robot/FastWAM/checkpoints/fastwam_release/robotwin_uncond_3cam_384_dataset_stats.json EVALUATION.task_file=/root/data/robot/experiment3/tasks/unseen_10.txt EVALUATION.eval_num_episodes=1 EVALUATION.instruction_type=unseen seed=0
Evaluation finished successfully. Log saved to: /root/data/robot/FastWAM/evaluate_results/robotwin/robotwin_uncond_3cam_384/exp3_refactored_smoke_official_smoke_unseen/eval_stack_bowls_three_20260926_113644.log
[2026-09-26 11:40:24] done task=stack_bowls_three phase=clean gpu=4 success_rate=1.0000
[2026-09-26 11:40:24] launch task=stack_bowls_three phase=random gpu=4 cmd=/root/data/miniconda3/envs/fastwam/bin/python /root/data/robot/FastWAM/experiments/robotwin/eval_robotwin_single.py ckpt=/root/data/robot/FastWAM/checkpoints/fastwam_release/robotwin_uncond_3cam_384.pt gpu_id=4 EVALUATION.task_name=stack_bowls_three EVALUATION.task_config=demo_randomized EVALUATION.output_dir=/root/data/robot/FastWAM/exp3_refactored_smoke_official_smoke_unseen task=robotwin_uncond_3cam_384_1e-4 EVALUATION.dataset_stats_path=/root/data/robot/FastWAM/checkpoints/fastwam_release/robotwin_uncond_3cam_384_dataset_stats.json EVALUATION.task_file=/root/data/robot/experiment3/tasks/unseen_10.txt EVALUATION.eval_num_episodes=1 EVALUATION.instruction_type=unseen seed=0
[32mRender Well[0m
============= Config =============

[95mMessy Table:[0m True
[95mRandom Background:[0m True
 - Clean Background Rate: 0.02
[95mRandom Light:[0m True
 - Crazy Random Light Rate: 0.02
[95mRandom Table Height:[0m 0.03
[95mRandom Head Camera Distance:[0m 0
[94mHead Camera Config:[0m D435, True
[94mWrist Camera Config:[0m D435, True
[94mEmbodiment Config:[0m aloha-agilex

==================================
missing pytorch3d
[32mRender Well[0m
[INFO] [fastwam.models.wan22.helpers.loader] Loading Wan2.2-TI2V-5B components...
[INFO] [fastwam.models.wan22.helpers.loader] Skipping pretrained video DiT load (`skip_dit_load_from_pretrain=True`); initializing video expert randomly and expecting checkpoint override.
============= Config =============

[95mMessy Table:[0m True
[95mRandom Background:[0m True
 - Clean Background Rate: 0.02
[95mRandom Light:[0m True
 - Crazy Random Light Rate: 0.02
[95mRandom Table Height:[0m 0.03
[95mRandom Head Camera Distance:[0m 0
[94mHead Camera Config:[0m D435, True
[94mWrist Camera Config:[0m D435, True
[94mEmbodiment Config:[0m aloha-agilex

==================================
missing pytorch3d
[INFO] [fastwam.models.wan22.helpers.loader] Loading Wan2.2-TI2V-5B components...
[INFO] [fastwam.models.wan22.helpers.loader] Skipping pretrained video DiT load (`skip_dit_load_from_pretrain=True`); initializing video expert randomly and expecting checkpoint override.
[INFO] [fastwam.models.wan22.helpers.loader] Finished loading Wan2.2-TI2V-5B components in 87.61 seconds.
[INFO] [fastwam.models.wan22.action_dit] Skipping ActionDiT pretrained load (`skip_dit_load_from_pretrain=True`); initializing action expert randomly and expecting checkpoint override.
[INFO] [fastwam.models.wan22.mot] Initialized MoT with experts: ['video', 'action'], num_layers=30
[INFO] [fastwam.models.wan22.mot]   Expert 'video': num_params=5.00 B
[INFO] [fastwam.models.wan22.mot]   Expert 'action': num_params=1.02 B
[34mTask Name: press_stapler[0m
[34mPolicy Name: fastwam_policy[0m
Using fixed episode manifest: /root/data/robot/experiment3/manifests/1_episodes/press_stapler/demo_randomized/manifest.json
[INFO] [fastwam.models.wan22.helpers.loader] Finished loading Wan2.2-TI2V-5B components in 87.77 seconds.
[INFO] [fastwam.models.wan22.action_dit] Skipping ActionDiT pretrained load (`skip_dit_load_from_pretrain=True`); initializing action expert randomly and expecting checkpoint override.
[INFO] [fastwam.models.wan22.helpers.loader] Finished loading Wan2.2-TI2V-5B components in 88.60 seconds.
[INFO] [fastwam.models.wan22.action_dit] Skipping ActionDiT pretrained load (`skip_dit_load_from_pretrain=True`); initializing action expert randomly and expecting checkpoint override.
[INFO] [fastwam.models.wan22.mot] Initialized MoT with experts: ['video', 'action'], num_layers=30
[INFO] [fastwam.models.wan22.mot]   Expert 'video': num_params=5.00 B
[INFO] [fastwam.models.wan22.mot]   Expert 'action': num_params=1.02 B
[INFO] [fastwam.models.wan22.mot] Initialized MoT with experts: ['video', 'action'], num_layers=30
[INFO] [fastwam.models.wan22.mot]   Expert 'video': num_params=5.00 B
[INFO] [fastwam.models.wan22.mot]   Expert 'action': num_params=1.02 B
[34mTask Name: handover_block[0m
[34mPolicy Name: fastwam_policy[0m
Using fixed episode manifest: /root/data/robot/experiment3/manifests/1_episodes/handover_block/demo_randomized/manifest.json
[34mTask Name: stack_bowls_three[0m
[34mPolicy Name: fastwam_policy[0m
Using fixed episode manifest: /root/data/robot/experiment3/manifests/1_episodes/stack_bowls_three/demo_randomized/manifest.json
[92mSuccess![0m
[93mpress_stapler[0m | [94mfastwam_policy[0m | [92mdemo_randomized[0m | [91m/root/data/robot/FastWAM/checkpoints/fastwam_release/robotwin_uncond_3cam_384.pt[0m
Success rate: [96m1/1[0m => [95m100.0%[0m, current seed: [90m100000[0m

Data has been saved to /root/data/robot/FastWAM/evaluate_results/robotwin/robotwin_uncond_3cam_384/exp3_refactored_smoke_official_smoke_unseen/press_stapler/_result_random.txt
Evaluation finished successfully. Log saved to: /root/data/robot/FastWAM/evaluate_results/robotwin/robotwin_uncond_3cam_384/exp3_refactored_smoke_official_smoke_unseen/eval_press_stapler_20260926_113931.log
[2026-09-26 11:42:36] done task=press_stapler phase=random gpu=5 success_rate=1.0000
[2026-09-26 11:42:36] launch task=turn_switch phase=clean gpu=5 cmd=/root/data/miniconda3/envs/fastwam/bin/python /root/data/robot/FastWAM/experiments/robotwin/eval_robotwin_single.py ckpt=/root/data/robot/FastWAM/checkpoints/fastwam_release/robotwin_uncond_3cam_384.pt gpu_id=5 EVALUATION.task_name=turn_switch EVALUATION.task_config=demo_clean EVALUATION.output_dir=/root/data/robot/FastWAM/exp3_refactored_smoke_official_smoke_unseen task=robotwin_uncond_3cam_384_1e-4 EVALUATION.dataset_stats_path=/root/data/robot/FastWAM/checkpoints/fastwam_release/robotwin_uncond_3cam_384_dataset_stats.json EVALUATION.task_file=/root/data/robot/experiment3/tasks/unseen_10.txt EVALUATION.eval_num_episodes=1 EVALUATION.instruction_type=unseen seed=0
[32mRender Well[0m
============= Config =============

[95mMessy Table:[0m False
[95mRandom Background:[0m False
[95mRandom Light:[0m False
[95mRandom Table Height:[0m 0
[95mRandom Head Camera Distance:[0m 0
[94mHead Camera Config:[0m D435, True
[94mWrist Camera Config:[0m D435, True
[94mEmbodiment Config:[0m aloha-agilex

==================================
missing pytorch3d
[INFO] [fastwam.models.wan22.helpers.loader] Loading Wan2.2-TI2V-5B components...
[INFO] [fastwam.models.wan22.helpers.loader] Skipping pretrained video DiT load (`skip_dit_load_from_pretrain=True`); initializing video expert randomly and expecting checkpoint override.
[92mSuccess![0m
[93mhandover_block[0m | [94mfastwam_policy[0m | [92mdemo_randomized[0m | [91m/root/data/robot/FastWAM/checkpoints/fastwam_release/robotwin_uncond_3cam_384.pt[0m
Success rate: [96m1/1[0m => [95m100.0%[0m, current seed: [90m100001[0m

Data has been saved to /root/data/robot/FastWAM/evaluate_results/robotwin/robotwin_uncond_3cam_384/exp3_refactored_smoke_official_smoke_unseen/handover_block/_result_random.txt
Evaluation finished successfully. Log saved to: /root/data/robot/FastWAM/evaluate_results/robotwin/robotwin_uncond_3cam_384/exp3_refactored_smoke_official_smoke_unseen/eval_handover_block_20260926_114019.log
[2026-09-26 11:43:34] done task=handover_block phase=random gpu=6 success_rate=1.0000
[INFO] [fastwam.models.wan22.helpers.loader] Finished loading Wan2.2-TI2V-5B components in 86.43 seconds.
[INFO] [fastwam.models.wan22.action_dit] Skipping ActionDiT pretrained load (`skip_dit_load_from_pretrain=True`); initializing action expert randomly and expecting checkpoint override.
[INFO] [fastwam.models.wan22.mot] Initialized MoT with experts: ['video', 'action'], num_layers=30
[INFO] [fastwam.models.wan22.mot]   Expert 'video': num_params=5.00 B
[INFO] [fastwam.models.wan22.mot]   Expert 'action': num_params=1.02 B
[91mFail![0m
[93mstack_bowls_three[0m | [94mfastwam_policy[0m | [92mdemo_randomized[0m | [91m/root/data/robot/FastWAM/checkpoints/fastwam_release/robotwin_uncond_3cam_384.pt[0m
Success rate: [96m0/1[0m => [95m0.0%[0m, current seed: [90m100000[0m

Data has been saved to /root/data/robot/FastWAM/evaluate_results/robotwin/robotwin_uncond_3cam_384/exp3_refactored_smoke_official_smoke_unseen/stack_bowls_three/_result_random.txt
Evaluation finished successfully. Log saved to: /root/data/robot/FastWAM/evaluate_results/robotwin/robotwin_uncond_3cam_384/exp3_refactored_smoke_official_smoke_unseen/eval_stack_bowls_three_20260926_114025.log
[2026-09-26 11:44:40] done task=stack_bowls_three phase=random gpu=4 success_rate=0.0000
[34mTask Name: turn_switch[0m
[34mPolicy Name: fastwam_policy[0m
Using fixed episode manifest: /root/data/robot/experiment3/manifests/1_episodes/turn_switch/demo_clean/manifest.json
[91mFail![0m
[93mturn_switch[0m | [94mfastwam_policy[0m | [92mdemo_clean[0m | [91m/root/data/robot/FastWAM/checkpoints/fastwam_release/robotwin_uncond_3cam_384.pt[0m
Success rate: [96m0/1[0m => [95m0.0%[0m, current seed: [90m100000[0m

Data has been saved to /root/data/robot/FastWAM/evaluate_results/robotwin/robotwin_uncond_3cam_384/exp3_refactored_smoke_official_smoke_unseen/turn_switch/_result_clean.txt
Evaluation finished successfully. Log saved to: /root/data/robot/FastWAM/evaluate_results/robotwin/robotwin_uncond_3cam_384/exp3_refactored_smoke_official_smoke_unseen/eval_turn_switch_20260926_114237.log
[2026-09-26 11:46:02] done task=turn_switch phase=clean gpu=5 success_rate=0.0000
[2026-09-26 11:46:02] launch task=turn_switch phase=random gpu=5 cmd=/root/data/miniconda3/envs/fastwam/bin/python /root/data/robot/FastWAM/experiments/robotwin/eval_robotwin_single.py ckpt=/root/data/robot/FastWAM/checkpoints/fastwam_release/robotwin_uncond_3cam_384.pt gpu_id=5 EVALUATION.task_name=turn_switch EVALUATION.task_config=demo_randomized EVALUATION.output_dir=/root/data/robot/FastWAM/exp3_refactored_smoke_official_smoke_unseen task=robotwin_uncond_3cam_384_1e-4 EVALUATION.dataset_stats_path=/root/data/robot/FastWAM/checkpoints/fastwam_release/robotwin_uncond_3cam_384_dataset_stats.json EVALUATION.task_file=/root/data/robot/experiment3/tasks/unseen_10.txt EVALUATION.eval_num_episodes=1 EVALUATION.instruction_type=unseen seed=0
[32mRender Well[0m
============= Config =============

[95mMessy Table:[0m True
[95mRandom Background:[0m True
 - Clean Background Rate: 0.02
[95mRandom Light:[0m True
 - Crazy Random Light Rate: 0.02
[95mRandom Table Height:[0m 0.03
[95mRandom Head Camera Distance:[0m 0
[94mHead Camera Config:[0m D435, True
[94mWrist Camera Config:[0m D435, True
[94mEmbodiment Config:[0m aloha-agilex

==================================
missing pytorch3d
[INFO] [fastwam.models.wan22.helpers.loader] Loading Wan2.2-TI2V-5B components...
[INFO] [fastwam.models.wan22.helpers.loader] Skipping pretrained video DiT load (`skip_dit_load_from_pretrain=True`); initializing video expert randomly and expecting checkpoint override.
[INFO] [fastwam.models.wan22.helpers.loader] Finished loading Wan2.2-TI2V-5B components in 86.38 seconds.
[INFO] [fastwam.models.wan22.action_dit] Skipping ActionDiT pretrained load (`skip_dit_load_from_pretrain=True`); initializing action expert randomly and expecting checkpoint override.
[INFO] [fastwam.models.wan22.mot] Initialized MoT with experts: ['video', 'action'], num_layers=30
[INFO] [fastwam.models.wan22.mot]   Expert 'video': num_params=5.00 B
[INFO] [fastwam.models.wan22.mot]   Expert 'action': num_params=1.02 B
[34mTask Name: turn_switch[0m
[34mPolicy Name: fastwam_policy[0m
Using fixed episode manifest: /root/data/robot/experiment3/manifests/1_episodes/turn_switch/demo_randomized/manifest.json
[92mSuccess![0m
[93mturn_switch[0m | [94mfastwam_policy[0m | [92mdemo_randomized[0m | [91m/root/data/robot/FastWAM/checkpoints/fastwam_release/robotwin_uncond_3cam_384.pt[0m
Success rate: [96m1/1[0m => [95m100.0%[0m, current seed: [90m100000[0m

Data has been saved to /root/data/robot/FastWAM/evaluate_results/robotwin/robotwin_uncond_3cam_384/exp3_refactored_smoke_official_smoke_unseen/turn_switch/_result_random.txt
Evaluation finished successfully. Log saved to: /root/data/robot/FastWAM/evaluate_results/robotwin/robotwin_uncond_3cam_384/exp3_refactored_smoke_official_smoke_unseen/eval_turn_switch_20260926_114603.log
[2026-09-26 11:49:05] done task=turn_switch phase=random gpu=5 success_rate=1.0000
[2026-09-26 11:49:05] summary saved: /root/data/robot/FastWAM/evaluate_results/robotwin/robotwin_uncond_3cam_384/exp3_refactored_smoke_official_smoke_unseen/summary.csv and /root/data/robot/FastWAM/evaluate_results/robotwin/robotwin_uncond_3cam_384/exp3_refactored_smoke_official_smoke_unseen/summary.json
[2026-09-26 11:49:05] manager finished successfully
