[INFO] mode=demo_clean  name=exp3_official_smoke_unseen_clean
[INFO] server=ws://127.0.0.1:8848  gpu=0
[INFO] ckpt_dir=/root/data/robot/OpenWAM/assets/openwam_ckpt/openwam_alpha/OpenWAM-Alpha-Sim-RoboTwin-Full
[INFO] logs=/root/data/robot/experiment3/runs/openwam_official_smoke_unseen_20260925/openwam/official_smoke/unseen/raw_logs
[INFO] tasks (10): adjust_bottle grab_roller place_container_plate move_pillbottle_pad move_can_pot open_microwave press_stapler stack_bowls_three handover_block turn_switch
[INFO] Starting task=adjust_bottle
[INFO] SAPIEN EGL ICD: /root/data/miniconda3/envs/fastwam/lib/python3.10/site-packages/sapien/vulkan_library/10_nvidia.json
task_name    : adjust_bottle
task_config  : demo_clean
ckpt_setting : exp3_official_smoke_unseen_clean
server       : ws://127.0.0.1:8848
gpu          : 0
seed         : 0
[eval_policy_wrapper] RoboTwin commit=ee3d076fb61c eval_policy.py sha256=missing
[eval_policy_wrapper] WARNING: RoboTwin at ee3d076fb61c differs from the verified commit 0aeea2d669c0; if eval breaks, check out the verified commit first (ROBOTWIN_SKIP_VERSION_CHECK=1 silences this).
[eval_policy_wrapper] prewarmed CUDA/Curobo before SAPIEN import
[eval_policy_wrapper] patched warp.torch compatibility namespace
Traceback (most recent call last):
  File "/root/data/robot/OpenWAM/benchmarks/robotwin/eval_policy_wrapper.py", line 777, in <module>
    raise SystemExit(main())
  File "/root/data/robot/OpenWAM/benchmarks/robotwin/eval_policy_wrapper.py", line 762, in main
    module = bootstrap_robotwin_module()
  File "/root/data/robot/OpenWAM/benchmarks/robotwin/eval_policy_wrapper.py", line 412, in bootstrap_robotwin_module
    module = _load_robotwin_eval_module(robotwin_path)
  File "/root/data/robot/OpenWAM/benchmarks/robotwin/eval_policy_wrapper.py", line 115, in _load_robotwin_eval_module
    raise FileNotFoundError(f"RoboTwin eval script not found: {script_path}")
FileNotFoundError: RoboTwin eval script not found: /root/data/robot/work/RoboTwin-upstream/script/eval_policy.py
[ERROR] task=adjust_bottle failed (exit 1). See /root/data/robot/experiment3/runs/openwam_official_smoke_unseen_20260925/openwam/official_smoke/unseen/raw_logs/adjust_bottle_demo_clean.log
[INFO] Starting task=grab_roller
[INFO] SAPIEN EGL ICD: /root/data/miniconda3/envs/fastwam/lib/python3.10/site-packages/sapien/vulkan_library/10_nvidia.json
task_name    : grab_roller
task_config  : demo_clean
ckpt_setting : exp3_official_smoke_unseen_clean
server       : ws://127.0.0.1:8848
gpu          : 0
seed         : 0
[eval_policy_wrapper] RoboTwin commit=ee3d076fb61c eval_policy.py sha256=missing
[eval_policy_wrapper] WARNING: RoboTwin at ee3d076fb61c differs from the verified commit 0aeea2d669c0; if eval breaks, check out the verified commit first (ROBOTWIN_SKIP_VERSION_CHECK=1 silences this).
[eval_policy_wrapper] prewarmed CUDA/Curobo before SAPIEN import
[eval_policy_wrapper] patched warp.torch compatibility namespace
Traceback (most recent call last):
  File "/root/data/robot/OpenWAM/benchmarks/robotwin/eval_policy_wrapper.py", line 777, in <module>
    raise SystemExit(main())
  File "/root/data/robot/OpenWAM/benchmarks/robotwin/eval_policy_wrapper.py", line 762, in main
    module = bootstrap_robotwin_module()
  File "/root/data/robot/OpenWAM/benchmarks/robotwin/eval_policy_wrapper.py", line 412, in bootstrap_robotwin_module
    module = _load_robotwin_eval_module(robotwin_path)
  File "/root/data/robot/OpenWAM/benchmarks/robotwin/eval_policy_wrapper.py", line 115, in _load_robotwin_eval_module
    raise FileNotFoundError(f"RoboTwin eval script not found: {script_path}")
FileNotFoundError: RoboTwin eval script not found: /root/data/robot/work/RoboTwin-upstream/script/eval_policy.py
[ERROR] task=grab_roller failed (exit 1). See /root/data/robot/experiment3/runs/openwam_official_smoke_unseen_20260925/openwam/official_smoke/unseen/raw_logs/grab_roller_demo_clean.log
[INFO] Starting task=place_container_plate
[INFO] SAPIEN EGL ICD: /root/data/miniconda3/envs/fastwam/lib/python3.10/site-packages/sapien/vulkan_library/10_nvidia.json
task_name    : place_container_plate
task_config  : demo_clean
ckpt_setting : exp3_official_smoke_unseen_clean
server       : ws://127.0.0.1:8848
gpu          : 0
seed         : 0
[eval_policy_wrapper] RoboTwin commit=ee3d076fb61c eval_policy.py sha256=missing
[eval_policy_wrapper] WARNING: RoboTwin at ee3d076fb61c differs from the verified commit 0aeea2d669c0; if eval breaks, check out the verified commit first (ROBOTWIN_SKIP_VERSION_CHECK=1 silences this).
[eval_policy_wrapper] prewarmed CUDA/Curobo before SAPIEN import
[eval_policy_wrapper] patched warp.torch compatibility namespace
Traceback (most recent call last):
  File "/root/data/robot/OpenWAM/benchmarks/robotwin/eval_policy_wrapper.py", line 777, in <module>
    raise SystemExit(main())
  File "/root/data/robot/OpenWAM/benchmarks/robotwin/eval_policy_wrapper.py", line 762, in main
    module = bootstrap_robotwin_module()
  File "/root/data/robot/OpenWAM/benchmarks/robotwin/eval_policy_wrapper.py", line 412, in bootstrap_robotwin_module
    module = _load_robotwin_eval_module(robotwin_path)
  File "/root/data/robot/OpenWAM/benchmarks/robotwin/eval_policy_wrapper.py", line 115, in _load_robotwin_eval_module
    raise FileNotFoundError(f"RoboTwin eval script not found: {script_path}")
FileNotFoundError: RoboTwin eval script not found: /root/data/robot/work/RoboTwin-upstream/script/eval_policy.py
[ERROR] task=place_container_plate failed (exit 1). See /root/data/robot/experiment3/runs/openwam_official_smoke_unseen_20260925/openwam/official_smoke/unseen/raw_logs/place_container_plate_demo_clean.log
[INFO] Starting task=move_pillbottle_pad
[INFO] SAPIEN EGL ICD: /root/data/miniconda3/envs/fastwam/lib/python3.10/site-packages/sapien/vulkan_library/10_nvidia.json
task_name    : move_pillbottle_pad
task_config  : demo_clean
ckpt_setting : exp3_official_smoke_unseen_clean
server       : ws://127.0.0.1:8848
gpu          : 0
seed         : 0
[eval_policy_wrapper] RoboTwin commit=ee3d076fb61c eval_policy.py sha256=missing
[eval_policy_wrapper] WARNING: RoboTwin at ee3d076fb61c differs from the verified commit 0aeea2d669c0; if eval breaks, check out the verified commit first (ROBOTWIN_SKIP_VERSION_CHECK=1 silences this).
[eval_policy_wrapper] prewarmed CUDA/Curobo before SAPIEN import
[eval_policy_wrapper] patched warp.torch compatibility namespace
Traceback (most recent call last):
  File "/root/data/robot/OpenWAM/benchmarks/robotwin/eval_policy_wrapper.py", line 777, in <module>
    raise SystemExit(main())
  File "/root/data/robot/OpenWAM/benchmarks/robotwin/eval_policy_wrapper.py", line 762, in main
    module = bootstrap_robotwin_module()
  File "/root/data/robot/OpenWAM/benchmarks/robotwin/eval_policy_wrapper.py", line 412, in bootstrap_robotwin_module
    module = _load_robotwin_eval_module(robotwin_path)
  File "/root/data/robot/OpenWAM/benchmarks/robotwin/eval_policy_wrapper.py", line 115, in _load_robotwin_eval_module
    raise FileNotFoundError(f"RoboTwin eval script not found: {script_path}")
FileNotFoundError: RoboTwin eval script not found: /root/data/robot/work/RoboTwin-upstream/script/eval_policy.py
[ERROR] task=move_pillbottle_pad failed (exit 1). See /root/data/robot/experiment3/runs/openwam_official_smoke_unseen_20260925/openwam/official_smoke/unseen/raw_logs/move_pillbottle_pad_demo_clean.log
[INFO] Starting task=move_can_pot
[INFO] SAPIEN EGL ICD: /root/data/miniconda3/envs/fastwam/lib/python3.10/site-packages/sapien/vulkan_library/10_nvidia.json
task_name    : move_can_pot
task_config  : demo_clean
ckpt_setting : exp3_official_smoke_unseen_clean
server       : ws://127.0.0.1:8848
gpu          : 0
seed         : 0
[eval_policy_wrapper] RoboTwin commit=ee3d076fb61c eval_policy.py sha256=missing
[eval_policy_wrapper] WARNING: RoboTwin at ee3d076fb61c differs from the verified commit 0aeea2d669c0; if eval breaks, check out the verified commit first (ROBOTWIN_SKIP_VERSION_CHECK=1 silences this).
[eval_policy_wrapper] prewarmed CUDA/Curobo before SAPIEN import
[eval_policy_wrapper] patched warp.torch compatibility namespace
Traceback (most recent call last):
  File "/root/data/robot/OpenWAM/benchmarks/robotwin/eval_policy_wrapper.py", line 777, in <module>
    raise SystemExit(main())
  File "/root/data/robot/OpenWAM/benchmarks/robotwin/eval_policy_wrapper.py", line 762, in main
    module = bootstrap_robotwin_module()
  File "/root/data/robot/OpenWAM/benchmarks/robotwin/eval_policy_wrapper.py", line 412, in bootstrap_robotwin_module
    module = _load_robotwin_eval_module(robotwin_path)
  File "/root/data/robot/OpenWAM/benchmarks/robotwin/eval_policy_wrapper.py", line 115, in _load_robotwin_eval_module
    raise FileNotFoundError(f"RoboTwin eval script not found: {script_path}")
FileNotFoundError: RoboTwin eval script not found: /root/data/robot/work/RoboTwin-upstream/script/eval_policy.py
[ERROR] task=move_can_pot failed (exit 1). See /root/data/robot/experiment3/runs/openwam_official_smoke_unseen_20260925/openwam/official_smoke/unseen/raw_logs/move_can_pot_demo_clean.log
[INFO] Starting task=open_microwave
[INFO] SAPIEN EGL ICD: /root/data/miniconda3/envs/fastwam/lib/python3.10/site-packages/sapien/vulkan_library/10_nvidia.json
task_name    : open_microwave
task_config  : demo_clean
ckpt_setting : exp3_official_smoke_unseen_clean
server       : ws://127.0.0.1:8848
gpu          : 0
seed         : 0
[eval_policy_wrapper] RoboTwin commit=ee3d076fb61c eval_policy.py sha256=missing
[eval_policy_wrapper] WARNING: RoboTwin at ee3d076fb61c differs from the verified commit 0aeea2d669c0; if eval breaks, check out the verified commit first (ROBOTWIN_SKIP_VERSION_CHECK=1 silences this).
[eval_policy_wrapper] prewarmed CUDA/Curobo before SAPIEN import
[eval_policy_wrapper] patched warp.torch compatibility namespace
Traceback (most recent call last):
  File "/root/data/robot/OpenWAM/benchmarks/robotwin/eval_policy_wrapper.py", line 777, in <module>
    raise SystemExit(main())
  File "/root/data/robot/OpenWAM/benchmarks/robotwin/eval_policy_wrapper.py", line 762, in main
    module = bootstrap_robotwin_module()
  File "/root/data/robot/OpenWAM/benchmarks/robotwin/eval_policy_wrapper.py", line 412, in bootstrap_robotwin_module
    module = _load_robotwin_eval_module(robotwin_path)
  File "/root/data/robot/OpenWAM/benchmarks/robotwin/eval_policy_wrapper.py", line 115, in _load_robotwin_eval_module
    raise FileNotFoundError(f"RoboTwin eval script not found: {script_path}")
FileNotFoundError: RoboTwin eval script not found: /root/data/robot/work/RoboTwin-upstream/script/eval_policy.py
[ERROR] task=open_microwave failed (exit 1). See /root/data/robot/experiment3/runs/openwam_official_smoke_unseen_20260925/openwam/official_smoke/unseen/raw_logs/open_microwave_demo_clean.log
[INFO] Starting task=press_stapler
[INFO] SAPIEN EGL ICD: /root/data/miniconda3/envs/fastwam/lib/python3.10/site-packages/sapien/vulkan_library/10_nvidia.json
task_name    : press_stapler
task_config  : demo_clean
ckpt_setting : exp3_official_smoke_unseen_clean
server       : ws://127.0.0.1:8848
gpu          : 0
seed         : 0
[eval_policy_wrapper] RoboTwin commit=ee3d076fb61c eval_policy.py sha256=missing
[eval_policy_wrapper] WARNING: RoboTwin at ee3d076fb61c differs from the verified commit 0aeea2d669c0; if eval breaks, check out the verified commit first (ROBOTWIN_SKIP_VERSION_CHECK=1 silences this).
[eval_policy_wrapper] prewarmed CUDA/Curobo before SAPIEN import
[eval_policy_wrapper] patched warp.torch compatibility namespace
Traceback (most recent call last):
  File "/root/data/robot/OpenWAM/benchmarks/robotwin/eval_policy_wrapper.py", line 777, in <module>
    raise SystemExit(main())
  File "/root/data/robot/OpenWAM/benchmarks/robotwin/eval_policy_wrapper.py", line 762, in main
    module = bootstrap_robotwin_module()
  File "/root/data/robot/OpenWAM/benchmarks/robotwin/eval_policy_wrapper.py", line 412, in bootstrap_robotwin_module
    module = _load_robotwin_eval_module(robotwin_path)
  File "/root/data/robot/OpenWAM/benchmarks/robotwin/eval_policy_wrapper.py", line 115, in _load_robotwin_eval_module
    raise FileNotFoundError(f"RoboTwin eval script not found: {script_path}")
FileNotFoundError: RoboTwin eval script not found: /root/data/robot/work/RoboTwin-upstream/script/eval_policy.py
[ERROR] task=press_stapler failed (exit 1). See /root/data/robot/experiment3/runs/openwam_official_smoke_unseen_20260925/openwam/official_smoke/unseen/raw_logs/press_stapler_demo_clean.log
[INFO] Starting task=stack_bowls_three
[INFO] SAPIEN EGL ICD: /root/data/miniconda3/envs/fastwam/lib/python3.10/site-packages/sapien/vulkan_library/10_nvidia.json
task_name    : stack_bowls_three
task_config  : demo_clean
ckpt_setting : exp3_official_smoke_unseen_clean
server       : ws://127.0.0.1:8848
gpu          : 0
seed         : 0
[eval_policy_wrapper] RoboTwin commit=ee3d076fb61c eval_policy.py sha256=missing
[eval_policy_wrapper] WARNING: RoboTwin at ee3d076fb61c differs from the verified commit 0aeea2d669c0; if eval breaks, check out the verified commit first (ROBOTWIN_SKIP_VERSION_CHECK=1 silences this).
[eval_policy_wrapper] prewarmed CUDA/Curobo before SAPIEN import
[eval_policy_wrapper] patched warp.torch compatibility namespace
Traceback (most recent call last):
  File "/root/data/robot/OpenWAM/benchmarks/robotwin/eval_policy_wrapper.py", line 777, in <module>
    raise SystemExit(main())
  File "/root/data/robot/OpenWAM/benchmarks/robotwin/eval_policy_wrapper.py", line 762, in main
    module = bootstrap_robotwin_module()
  File "/root/data/robot/OpenWAM/benchmarks/robotwin/eval_policy_wrapper.py", line 412, in bootstrap_robotwin_module
    module = _load_robotwin_eval_module(robotwin_path)
  File "/root/data/robot/OpenWAM/benchmarks/robotwin/eval_policy_wrapper.py", line 115, in _load_robotwin_eval_module
    raise FileNotFoundError(f"RoboTwin eval script not found: {script_path}")
FileNotFoundError: RoboTwin eval script not found: /root/data/robot/work/RoboTwin-upstream/script/eval_policy.py
[ERROR] task=stack_bowls_three failed (exit 1). See /root/data/robot/experiment3/runs/openwam_official_smoke_unseen_20260925/openwam/official_smoke/unseen/raw_logs/stack_bowls_three_demo_clean.log
[INFO] Starting task=handover_block
[INFO] SAPIEN EGL ICD: /root/data/miniconda3/envs/fastwam/lib/python3.10/site-packages/sapien/vulkan_library/10_nvidia.json
task_name    : handover_block
task_config  : demo_clean
ckpt_setting : exp3_official_smoke_unseen_clean
server       : ws://127.0.0.1:8848
gpu          : 0
seed         : 0
[eval_policy_wrapper] RoboTwin commit=ee3d076fb61c eval_policy.py sha256=missing
[eval_policy_wrapper] WARNING: RoboTwin at ee3d076fb61c differs from the verified commit 0aeea2d669c0; if eval breaks, check out the verified commit first (ROBOTWIN_SKIP_VERSION_CHECK=1 silences this).
