[eval_policy_wrapper] RoboTwin commit=0aeea2d669c0 eval_policy.py sha256=8b16c766a9c40116
[eval_policy_wrapper] runtime_root=/root/data/robot/experiment3/runs/refactored_smoke/openwam/official_smoke/unseen/raw/place_container_plate/demo_clean/runtime
[eval_policy_wrapper] prewarmed CUDA/Curobo before SAPIEN import
[eval_policy_wrapper] patched warp.torch compatibility namespace
/root/data/miniconda3/envs/robotwin-openwam/lib/python3.10/site-packages/sapien/__init__.py:2: UserWarning: pkg_resources is deprecated as an API. See https://setuptools.pypa.io/en/latest/pkg_resources.html. The pkg_resources package is slated for removal as early as 2025-11-30. Refrain from using this package or pin to Setuptools<81.
  import pkg_resources
============= Config =============

[95mMessy Table:[0m False
[95mRandom Background:[0m False
[95mRandom Light:[0m False
[95mRandom Table Height:[0m 0
[95mRandom Head Camera Distance:[0m 0
[94mHead Camera Config:[0m D435, True
[94mWrist Camera Config:[0m D435, True
[94mEmbodiment Config:[0m aloha-agilex

==================================
missing pytorch3d
[OpenWAMClient] server=ws://127.0.0.1:8848 send_state=True state_dim=20 request_timeout=300s action_type=ee action_indices=None debug=False debug_dir=./debug_images
[OpenWAMClient] Server healthy at ws://127.0.0.1:8848
[eval_policy_wrapper] overriding RoboTwin eval test_num=1
step: [92m1 / 400[0m
step: [92m2 / 400[0m
step: [92m3 / 400[0m
step: [92m4 / 400[0m
step: [92m5 / 400[0m
step: [92m6 / 400[0m
step: [92m7 / 400[0m
step: [92m8 / 400[0m
step: [92m9 / 400[0m
step: [92m10 / 400[0m
step: [92m11 / 400[0m
step: [92m12 / 400[0m
step: [92m13 / 400[0m
step: [92m14 / 400[0m
step: [92m15 / 400[0m
step: [92m16 / 400[0m
step: [92m17 / 400[0m
step: [92m18 / 400[0m
step: [92m19 / 400[0m
step: [92m20 / 400[0m
step: [92m21 / 400[0m
step: [92m22 / 400[0m
step: [92m23 / 400[0m
step: [92m24 / 400[0m
step: [92m25 / 400[0m
step: [92m26 / 400[0m
step: [92m27 / 400[0m
step: [92m28 / 400[0m
step: [92m29 / 400[0m
step: [92m30 / 400[0m
step: [92m31 / 400[0m
step: [92m32 / 400[0m
step: [92m33 / 400[0m
step: [92m34 / 400[0m
step: [92m35 / 400[0m
step: [92m36 / 400[0m
step: [92m37 / 400[0m
step: [92m38 / 400[0m
step: [92m39 / 400[0m
step: [92m40 / 400[0m
step: [92m41 / 400[0m
step: [92m42 / 400[0m
step: [92m43 / 400[0m
step: [92m44 / 400[0m
step: [92m45 / 400[0m
step: [92m46 / 400[0m
step: [92m47 / 400[0m
step: [92m48 / 400[0m
step: [92m49 / 400[0m
step: [92m50 / 400[0m
step: [92m51 / 400[0m
step: [92m52 / 400[0m
step: [92m53 / 400[0m
step: [92m54 / 400[0m
step: [92m55 / 400[0m
step: [92m56 / 400[0m
step: [92m57 / 400[0m
step: [92m58 / 400[0m
step: [92m59 / 400[0m
step: [92m60 / 400[0m
step: [92m61 / 400[0m
step: [92m62 / 400[0m
step: [92m63 / 400[0m
step: [92m64 / 400[0m
step: [92m65 / 400[0m
step: [92m66 / 400[0m
step: [92m67 / 400[0m
step: [92m68 / 400[0m
step: [92m69 / 400[0m
step: [92m70 / 400[0m
step: [92m71 / 400[0m
step: [92m72 / 400[0m
step: [92m73 / 400[0m
step: [92m74 / 400[0m
step: [92m75 / 400[0m
step: [92m76 / 400[0m
step: [92m77 / 400[0m
step: [92m78 / 400[0m
step: [92m79 / 400[0m
step: [92m80 / 400[0m
step: [92m81 / 400[0m
step: [92m82 / 400[0m
step: [92m83 / 400[0m
step: [92m84 / 400[0m
step: [92m85 / 400[0m
step: [92m86 / 400[0m
step: [92m87 / 400[0m
step: [92m88 / 400[0m
step: [92m89 / 400[0m
step: [92m90 / 400[0m
step: [92m91 / 400[0m
step: [92m92 / 400[0m
step: [92m93 / 400[0m
step: [92m94 / 400[0m
step: [92m95 / 400[0m
step: [92m96 / 400[0m
step: [92m97 / 400[0m
step: [92m98 / 400[0m
step: [92m99 / 400[0m
step: [92m100 / 400[0m
step: [92m101 / 400[0m
step: [92m102 / 400[0m
step: [92m103 / 400[0m
step: [92m104 / 400[0m
step: [92m105 / 400[0m
step: [92m106 / 400[0m
step: [92m107 / 400[0m
step: [92m108 / 400[0m
step: [92m109 / 400[0m
step: [92m110 / 400[0m
step: [92m111 / 400[0m
step: [92m112 / 400[0m
step: [92m113 / 400[0m
step: [92m114 / 400[0m
step: [92m115 / 400[0m
step: [92m116 / 400[0m
step: [92m117 / 400[0m
step: [92m118 / 400[0m
step: [92m119 / 400[0m
step: [92m120 / 400[0m
[RESULT] episode=0 seed=100000 success=True manifest=sha256:69eb33e98e9966c25b84518396c7908421ab5e984e562a959c4ad1aa429e6649
Data has been saved to eval_result/place_container_plate/openwam2robotwin_interface/demo_clean/openwam/2026-09-26 11:54:24/_result.txt
