[eval_policy_wrapper] RoboTwin commit=0aeea2d669c0 eval_policy.py sha256=8b16c766a9c40116
[eval_policy_wrapper] runtime_root=/root/data/robot/experiment3/runs/refactored_smoke/openwam/official_smoke/unseen/raw/handover_block/demo_randomized/runtime
[eval_policy_wrapper] prewarmed CUDA/Curobo before SAPIEN import
[eval_policy_wrapper] patched warp.torch compatibility namespace
/root/data/miniconda3/envs/robotwin-openwam/lib/python3.10/site-packages/sapien/__init__.py:2: UserWarning: pkg_resources is deprecated as an API. See https://setuptools.pypa.io/en/latest/pkg_resources.html. The pkg_resources package is slated for removal as early as 2025-11-30. Refrain from using this package or pin to Setuptools<81.
  import pkg_resources
============= Config =============

[95mMessy Table:[0m True
[95mRandom Background:[0m True
 - Clean Background Rate: 0.02
[95mRandom Light:[0m True
 - Crazy Random Light Rate: 0.02
[95mRandom Table Height:[0m 0.03
[95mRandom Head Camera Distance:[0m 0
[94mHead Camera Config:[0m D435, True
[94mWrist Camera Config:[0m D435, True
[94mEmbodiment Config:[0m aloha-agilex

==================================
missing pytorch3d
[OpenWAMClient] server=ws://127.0.0.1:8848 send_state=True state_dim=20 request_timeout=300s action_type=ee action_indices=None debug=False debug_dir=./debug_images
[OpenWAMClient] Server healthy at ws://127.0.0.1:8848
[eval_policy_wrapper] overriding RoboTwin eval test_num=1
step: [92m1 / 800[0m
step: [92m2 / 800[0m
step: [92m3 / 800[0m
step: [92m4 / 800[0m
step: [92m5 / 800[0m
step: [92m6 / 800[0m
step: [92m7 / 800[0m
step: [92m8 / 800[0m
step: [92m9 / 800[0m
step: [92m10 / 800[0m
step: [92m11 / 800[0m
step: [92m12 / 800[0m
step: [92m13 / 800[0m
step: [92m14 / 800[0m
step: [92m15 / 800[0m
step: [92m16 / 800[0m
step: [92m17 / 800[0m
step: [92m18 / 800[0m
step: [92m19 / 800[0m
step: [92m20 / 800[0m
step: [92m21 / 800[0m
step: [92m22 / 800[0m
step: [92m23 / 800[0m
step: [92m24 / 800[0m
step: [92m25 / 800[0m
step: [92m26 / 800[0m
step: [92m27 / 800[0m
step: [92m28 / 800[0m
step: [92m29 / 800[0m
step: [92m30 / 800[0m
step: [92m31 / 800[0m
step: [92m32 / 800[0m
step: [92m33 / 800[0m
step: [92m34 / 800[0m
step: [92m35 / 800[0m
step: [92m36 / 800[0m
step: [92m37 / 800[0m
step: [92m38 / 800[0m
step: [92m39 / 800[0m
step: [92m40 / 800[0m
step: [92m41 / 800[0m
step: [92m42 / 800[0m
step: [92m43 / 800[0m
step: [92m44 / 800[0m
step: [92m45 / 800[0m
step: [92m46 / 800[0m
step: [92m47 / 800[0m
step: [92m48 / 800[0m
step: [92m49 / 800[0m
step: [92m50 / 800[0m
step: [92m51 / 800[0m
step: [92m52 / 800[0m
step: [92m53 / 800[0m
step: [92m54 / 800[0m
step: [92m55 / 800[0m
step: [92m56 / 800[0m
step: [92m57 / 800[0m
step: [92m58 / 800[0m
step: [92m59 / 800[0m
step: [92m60 / 800[0m
step: [92m61 / 800[0m
step: [92m62 / 800[0m
step: [92m63 / 800[0m
step: [92m64 / 800[0m
step: [92m65 / 800[0m
step: [92m66 / 800[0m
step: [92m67 / 800[0m
step: [92m68 / 800[0m
step: [92m69 / 800[0m
step: [92m70 / 800[0m
step: [92m71 / 800[0m
step: [92m72 / 800[0m
step: [92m73 / 800[0m
step: [92m74 / 800[0m
step: [92m75 / 800[0m
step: [92m76 / 800[0m
step: [92m77 / 800[0m
step: [92m78 / 800[0m
step: [92m79 / 800[0m
step: [92m80 / 800[0m
step: [92m81 / 800[0m
step: [92m82 / 800[0m
step: [92m83 / 800[0m
step: [92m84 / 800[0m
step: [92m85 / 800[0m
step: [92m86 / 800[0m
step: [92m87 / 800[0m
step: [92m88 / 800[0m
step: [92m89 / 800[0m
step: [92m90 / 800[0m
step: [92m91 / 800[0m
step: [92m92 / 800[0m
step: [92m93 / 800[0m
step: [92m94 / 800[0m
step: [92m95 / 800[0m
step: [92m96 / 800[0m
step: [92m97 / 800[0m
step: [92m98 / 800[0m
step: [92m99 / 800[0m
step: [92m100 / 800[0m
step: [92m101 / 800[0m
step: [92m102 / 800[0m
step: [92m103 / 800[0m
step: [92m104 / 800[0m
step: [92m105 / 800[0m
step: [92m106 / 800[0m
step: [92m107 / 800[0m
step: [92m108 / 800[0m
step: [92m109 / 800[0m
step: [92m110 / 800[0m
step: [92m111 / 800[0m
step: [92m112 / 800[0m
step: [92m113 / 800[0m
step: [92m114 / 800[0m
step: [92m115 / 800[0m
step: [92m116 / 800[0m
step: [92m117 / 800[0m
step: [92m118 / 800[0m
step: [92m119 / 800[0m
step: [92m120 / 800[0m
step: [92m121 / 800[0m
step: [92m122 / 800[0m
step: [92m123 / 800[0m
step: [92m124 / 800[0m
step: [92m125 / 800[0m
step: [92m126 / 800[0m
step: [92m127 / 800[0m
step: [92m128 / 800[0m
step: [92m129 / 800[0m
step: [92m130 / 800[0m
step: [92m131 / 800[0m
step: [92m132 / 800[0m
step: [92m133 / 800[0m
step: [92m134 / 800[0m
step: [92m135 / 800[0m
step: [92m136 / 800[0m
step: [92m137 / 800[0m
step: [92m138 / 800[0m
step: [92m139 / 800[0m
step: [92m140 / 800[0m
step: [92m141 / 800[0m
step: [92m142 / 800[0m
step: [92m143 / 800[0m
step: [92m144 / 800[0m
step: [92m145 / 800[0m
step: [92m146 / 800[0m
step: [92m147 / 800[0m
step: [92m148 / 800[0m
step: [92m149 / 800[0m
step: [92m150 / 800[0m
step: [92m151 / 800[0m
step: [92m152 / 800[0m
step: [92m153 / 800[0m
step: [92m154 / 800[0m
step: [92m155 / 800[0m
step: [92m156 / 800[0m
step: [92m157 / 800[0m
step: [92m158 / 800[0m
step: [92m159 / 800[0m
step: [92m160 / 800[0m
step: [92m161 / 800[0m
step: [92m162 / 800[0m
step: [92m163 / 800[0m
step: [92m164 / 800[0m
step: [92m165 / 800[0m
step: [92m166 / 800[0m
step: [92m167 / 800[0m
step: [92m168 / 800[0m
step: [92m169 / 800[0m
step: [92m170 / 800[0m
step: [92m171 / 800[0m
step: [92m172 / 800[0m
step: [92m173 / 800[0m
step: [92m174 / 800[0m
step: [92m175 / 800[0m
step: [92m176 / 800[0m
step: [92m177 / 800[0m
step: [92m178 / 800[0m
step: [92m179 / 800[0m
step: [92m180 / 800[0m
step: [92m181 / 800[0m
step: [92m182 / 800[0m
step: [92m183 / 800[0m
step: [92m184 / 800[0m
step: [92m185 / 800[0m
step: [92m186 / 800[0m
step: [92m187 / 800[0m
step: [92m188 / 800[0m
step: [92m189 / 800[0m
step: [92m190 / 800[0m
step: [92m191 / 800[0m
step: [92m192 / 800[0m
step: [92m193 / 800[0m
step: [92m194 / 800[0m
step: [92m195 / 800[0m
step: [92m196 / 800[0m
step: [92m197 / 800[0m
step: [92m198 / 800[0m
step: [92m199 / 800[0m
step: [92m200 / 800[0m
step: [92m201 / 800[0m
step: [92m202 / 800[0m
step: [92m203 / 800[0m
step: [92m204 / 800[0m
step: [92m205 / 800[0m
step: [92m206 / 800[0m
step: [92m207 / 800[0m
step: [92m208 / 800[0m
step: [92m209 / 800[0m
step: [92m210 / 800[0m
step: [92m211 / 800[0m
step: [92m212 / 800[0m
step: [92m213 / 800[0m
step: [92m214 / 800[0m
step: [92m215 / 800[0m
step: [92m216 / 800[0m
step: [92m217 / 800[0m
step: [92m218 / 800[0m
step: [92m219 / 800[0m
step: [92m220 / 800[0m
step: [92m221 / 800[0m
step: [92m222 / 800[0m
step: [92m223 / 800[0m
step: [92m224 / 800[0m
step: [92m225 / 800[0m
step: [92m226 / 800[0m
step: [92m227 / 800[0m
step: [92m228 / 800[0m
step: [92m229 / 800[0m
step: [92m230 / 800[0m
step: [92m231 / 800[0m
step: [92m232 / 800[0m
step: [92m233 / 800[0m
step: [92m234 / 800[0m
step: [92m235 / 800[0m
step: [92m236 / 800[0m
step: [92m237 / 800[0m
step: [92m238 / 800[0m
step: [92m239 / 800[0m
step: [92m240 / 800[0m
step: [92m241 / 800[0m
step: [92m242 / 800[0m
step: [92m243 / 800[0m
step: [92m244 / 800[0m
step: [92m245 / 800[0m
step: [92m246 / 800[0m
step: [92m247 / 800[0m
step: [92m248 / 800[0m
step: [92m249 / 800[0m
step: [92m250 / 800[0m
step: [92m251 / 800[0m
step: [92m252 / 800[0m
step: [92m253 / 800[0m
step: [92m254 / 800[0m
step: [92m255 / 800[0m
step: [92m256 / 800[0m
step: [92m257 / 800[0m
step: [92m258 / 800[0m
step: [92m259 / 800[0m
step: [92m260 / 800[0m
step: [92m261 / 800[0m
step: [92m262 / 800[0m
step: [92m263 / 800[0m
step: [92m264 / 800[0m
step: [92m265 / 800[0m
step: [92m266 / 800[0m
step: [92m267 / 800[0m
step: [92m268 / 800[0m
step: [92m269 / 800[0m
step: [92m270 / 800[0m
step: [92m271 / 800[0m
step: [92m272 / 800[0m
step: [92m273 / 800[0m
step: [92m274 / 800[0m
step: [92m275 / 800[0m
step: [92m276 / 800[0m
step: [92m277 / 800[0m
step: [92m278 / 800[0m
step: [92m279 / 800[0m
step: [92m280 / 800[0m
step: [92m281 / 800[0m
step: [92m282 / 800[0m
step: [92m283 / 800[0m
step: [92m284 / 800[0m
step: [92m285 / 800[0m
step: [92m286 / 800[0m
step: [92m287 / 800[0m
step: [92m288 / 800[0m
step: [92m289 / 800[0m
step: [92m290 / 800[0m
step: [92m291 / 800[0m
step: [92m292 / 800[0m
step: [92m293 / 800[0m
step: [92m294 / 800[0m
step: [92m295 / 800[0m
[RESULT] episode=0 seed=100001 success=True manifest=sha256:2ae36af8d9c352f9f6d28ca11f18d5b6bc42586ef7c8c84f01b3d12812b36143
Data has been saved to eval_result/handover_block/openwam2robotwin_interface/demo_randomized/openwam/2026-09-26 12:22:24/_result.txt
