[eval_policy_wrapper] RoboTwin commit=0aeea2d669c0 eval_policy.py sha256=8b16c766a9c40116
[eval_policy_wrapper] runtime_root=/root/data/robot/experiment3/manifests/1_episodes/move_can_pot/demo_randomized/runtime
[eval_policy_wrapper] prewarmed CUDA/Curobo before SAPIEN import
[eval_policy_wrapper] patched warp.torch compatibility namespace
/root/data/miniconda3/envs/robotwin-openwam/lib/python3.10/site-packages/sapien/__init__.py:2: UserWarning: pkg_resources is deprecated as an API. See https://setuptools.pypa.io/en/latest/pkg_resources.html. The pkg_resources package is slated for removal as early as 2025-11-30. Refrain from using this package or pin to Setuptools<81.
  import pkg_resources
============= Config =============

[95mMessy Table:[0m True
[95mRandom Background:[0m True
 - Clean Background Rate: 0.02
[95mRandom Light:[0m True
 - Crazy Random Light Rate: 0.02
[95mRandom Table Height:[0m 0.03
[95mRandom Head Camera Distance:[0m 0
[94mHead Camera Config:[0m D435, True
[94mWrist Camera Config:[0m D435, True
[94mEmbodiment Config:[0m aloha-agilex

==================================
missing pytorch3d
[eval_policy_wrapper] overriding RoboTwin eval test_num=1
Data has been saved to eval_result/move_can_pot/openwam2robotwin_interface/demo_randomized/openwam/2026-09-25 12:35:58/_result.txt
