[INFO] SAPIEN EGL ICD: /root/data/miniconda3/envs/fastwam/lib/python3.10/site-packages/sapien/vulkan_library/10_nvidia.json
task_name    : press_stapler
task_config  : demo_clean
ckpt_setting : exp3_official_smoke_unseen_clean
server       : ws://127.0.0.1:8848
gpu          : 0
seed         : 0
[eval_policy_wrapper] RoboTwin commit=ee3d076fb61c eval_policy.py sha256=missing
[eval_policy_wrapper] WARNING: RoboTwin at ee3d076fb61c differs from the verified commit 0aeea2d669c0; if eval breaks, check out the verified commit first (ROBOTWIN_SKIP_VERSION_CHECK=1 silences this).
[eval_policy_wrapper] prewarmed CUDA/Curobo before SAPIEN import
[eval_policy_wrapper] patched warp.torch compatibility namespace
Traceback (most recent call last):
  File "/root/data/robot/OpenWAM/benchmarks/robotwin/eval_policy_wrapper.py", line 777, in <module>
    raise SystemExit(main())
  File "/root/data/robot/OpenWAM/benchmarks/robotwin/eval_policy_wrapper.py", line 762, in main
    module = bootstrap_robotwin_module()
  File "/root/data/robot/OpenWAM/benchmarks/robotwin/eval_policy_wrapper.py", line 412, in bootstrap_robotwin_module
    module = _load_robotwin_eval_module(robotwin_path)
  File "/root/data/robot/OpenWAM/benchmarks/robotwin/eval_policy_wrapper.py", line 115, in _load_robotwin_eval_module
    raise FileNotFoundError(f"RoboTwin eval script not found: {script_path}")
FileNotFoundError: RoboTwin eval script not found: /root/data/robot/work/RoboTwin-upstream/script/eval_policy.py
