[INFO] mode=demo_clean  name=exp3_official_smoke_unseen_clean
[INFO] server=ws://127.0.0.1:8848  gpu=0
[INFO] ckpt_dir=/root/data/robot/OpenWAM/assets/openwam_ckpt/openwam_alpha/OpenWAM-Alpha-Sim-RoboTwin-Full
[INFO] logs=/root/data/robot/experiment3/runs/20260925_unseen_smoke/openwam/official_smoke/unseen/raw_logs
[INFO] tasks (10): adjust_bottle grab_roller place_container_plate move_pillbottle_pad move_can_pot open_microwave press_stapler stack_bowls_three handover_block turn_switch
[INFO] Starting task=adjust_bottle
[INFO] SAPIEN EGL ICD: /root/data/miniconda3/envs/robotwin-openwam/lib/python3.10/site-packages/sapien/vulkan_library/10_nvidia.json
task_name    : adjust_bottle
task_config  : demo_clean
ckpt_setting : exp3_official_smoke_unseen_clean
server       : ws://127.0.0.1:8848
gpu          : 0
seed         : 0
[eval_policy_wrapper] RoboTwin commit=0aeea2d669c0 eval_policy.py sha256=8b16c766a9c40116
[eval_policy_wrapper] prewarmed CUDA/Curobo before SAPIEN import
[eval_policy_wrapper] patched warp.torch compatibility namespace
============= Config =============

[95mMessy Table:[0m False
[95mRandom Background:[0m False
[95mRandom Light:[0m False
[95mRandom Table Height:[0m 0
[95mRandom Head Camera Distance:[0m 0
[94mHead Camera Config:[0m D435, True
[94mWrist Camera Config:[0m D435, True
[94mEmbodiment Config:[0m aloha-agilex

==================================
missing pytorch3d
[OpenWAMClient] server=ws://127.0.0.1:8848 send_state=True state_dim=20 request_timeout=300s action_type=ee action_indices=None debug=False debug_dir=./debug_images
[OpenWAMClient] Server healthy at ws://127.0.0.1:8848
[eval_policy_wrapper] overriding RoboTwin eval test_num=1
[34mTask Name: adjust_bottle[0m
[34mPolicy Name: openwam2robotwin_interface[0m
step: [92m1 / 400[0m
step: [92m2 / 400[0m
step: [92m3 / 400[0m
step: [92m4 / 400[0m
step: [92m5 / 400[0m
step: [92m6 / 400[0m
step: [92m7 / 400[0m
step: [92m8 / 400[0m
step: [92m9 / 400[0m
step: [92m10 / 400[0m
step: [92m11 / 400[0m
step: [92m12 / 400[0m
step: [92m13 / 400[0m
step: [92m14 / 400[0m
step: [92m15 / 400[0m
step: [92m16 / 400[0m
step: [92m17 / 400[0m
step: [92m18 / 400[0m
step: [92m19 / 400[0m
step: [92m20 / 400[0m
step: [92m21 / 400[0m
step: [92m22 / 400[0m
step: [92m23 / 400[0m
step: [92m24 / 400[0m
step: [92m25 / 400[0m
step: [92m26 / 400[0m
step: [92m27 / 400[0m
step: [92m28 / 400[0m
step: [92m29 / 400[0m
step: [92m30 / 400[0m
step: [92m31 / 400[0m
step: [92m32 / 400[0m
step: [92m33 / 400[0m
step: [92m34 / 400[0m
step: [92m35 / 400[0m
step: [92m36 / 400[0m
step: [92m37 / 400[0m
step: [92m38 / 400[0m
step: [92m39 / 400[0m
step: [92m40 / 400[0m
step: [92m41 / 400[0m
step: [92m42 / 400[0m
step: [92m43 / 400[0m
step: [92m44 / 400[0m
step: [92m45 / 400[0m
step: [92m46 / 400[0m
step: [92m47 / 400[0m
step: [92m48 / 400[0m
step: [92m49 / 400[0m
step: [92m50 / 400[0m
step: [92m51 / 400[0m
step: [92m52 / 400[0m
step: [92m53 / 400[0m
step: [92m54 / 400[0m
step: [92m55 / 400[0m
step: [92m56 / 400[0m
step: [92m57 / 400[0m
step: [92m58 / 400[0m
step: [92m59 / 400[0m
step: [92m60 / 400[0m
step: [92m61 / 400[0m
step: [92m62 / 400[0m
step: [92m63 / 400[0m
step: [92m64 / 400[0m
step: [92m65 / 400[0m
step: [92m66 / 400[0m
step: [92m67 / 400[0m
step: [92m68 / 400[0m
step: [92m69 / 400[0m
step: [92m70 / 400[0m
step: [92m71 / 400[0m
step: [92m72 / 400[0m
step: [92m73 / 400[0m
step: [92m74 / 400[0m
step: [92m75 / 400[0m
step: [92m76 / 400[0m
step: [92m77 / 400[0m
step: [92m78 / 400[0m
step: [92m79 / 400[0m
step: [92m80 / 400[0m
step: [92m81 / 400[0m
step: [92m82 / 400[0m
step: [92m83 / 400[0m
step: [92m84 / 400[0m
step: [92m85 / 400[0m
step: [92m86 / 400[0m
step: [92m87 / 400[0m
step: [92m88 / 400[0m
step: [92m89 / 400[0m
step: [92m90 / 400[0m
step: [92m91 / 400[0m
step: [92m92 / 400[0m
step: [92m93 / 400[0m
step: [92m94 / 400[0m
step: [92m95 / 400[0m
step: [92m96 / 400[0m
step: [92m97 / 400[0m
step: [92m98 / 400[0m
step: [92m99 / 400[0m
step: [92m100 / 400[0m
step: [92m101 / 400[0m
step: [92m102 / 400[0m
step: [92m103 / 400[0m
step: [92m104 / 400[0m
step: [92m105 / 400[0m
step: [92m106 / 400[0m
step: [92m107 / 400[0m
step: [92m108 / 400[0m
step: [92m109 / 400[0m
step: [92m110 / 400[0m
step: [92m111 / 400[0m
step: [92m112 / 400[0m
step: [92m113 / 400[0m
[92mSuccess![0m
[93madjust_bottle[0m | [94mopenwam2robotwin_interface[0m | [92mdemo_clean[0m | [91mexp3_official_smoke_unseen_clean[0m
Success rate: [96m1/1[0m => [95m100.0%[0m, current seed: [90m100001[0m

Data has been saved to eval_result/adjust_bottle/openwam2robotwin_interface/demo_clean/exp3_official_smoke_unseen_clean/2026-09-25 13:18:17/_result.txt
[RESULT] adjust_bottle: Success rate: [96m1/1[0m => [95m100.0%[0m, current seed: [90m100001[0m
[INFO] Finished task=adjust_bottle
[INFO] Starting task=grab_roller
[INFO] SAPIEN EGL ICD: /root/data/miniconda3/envs/robotwin-openwam/lib/python3.10/site-packages/sapien/vulkan_library/10_nvidia.json
task_name    : grab_roller
task_config  : demo_clean
ckpt_setting : exp3_official_smoke_unseen_clean
server       : ws://127.0.0.1:8848
gpu          : 0
seed         : 0
[eval_policy_wrapper] RoboTwin commit=0aeea2d669c0 eval_policy.py sha256=8b16c766a9c40116
[eval_policy_wrapper] prewarmed CUDA/Curobo before SAPIEN import
[eval_policy_wrapper] patched warp.torch compatibility namespace
============= Config =============

[95mMessy Table:[0m False
[95mRandom Background:[0m False
[95mRandom Light:[0m False
[95mRandom Table Height:[0m 0
[95mRandom Head Camera Distance:[0m 0
[94mHead Camera Config:[0m D435, True
[94mWrist Camera Config:[0m D435, True
[94mEmbodiment Config:[0m aloha-agilex

==================================
missing pytorch3d
[OpenWAMClient] server=ws://127.0.0.1:8848 send_state=True state_dim=20 request_timeout=300s action_type=ee action_indices=None debug=False debug_dir=./debug_images
[OpenWAMClient] Server healthy at ws://127.0.0.1:8848
[eval_policy_wrapper] overriding RoboTwin eval test_num=1
[34mTask Name: grab_roller[0m
[34mPolicy Name: openwam2robotwin_interface[0m
step: [92m1 / 400[0m
step: [92m2 / 400[0m
step: [92m3 / 400[0m
step: [92m4 / 400[0m
step: [92m5 / 400[0m
step: [92m6 / 400[0m
step: [92m7 / 400[0m
step: [92m8 / 400[0m
step: [92m9 / 400[0m
step: [92m10 / 400[0m
step: [92m11 / 400[0m
step: [92m12 / 400[0m
step: [92m13 / 400[0m
step: [92m14 / 400[0m
step: [92m15 / 400[0m
step: [92m16 / 400[0m
step: [92m17 / 400[0m
step: [92m18 / 400[0m
step: [92m19 / 400[0m
step: [92m20 / 400[0m
step: [92m21 / 400[0m
step: [92m22 / 400[0m
step: [92m23 / 400[0m
step: [92m24 / 400[0m
step: [92m25 / 400[0m
step: [92m26 / 400[0m
step: [92m27 / 400[0m
step: [92m28 / 400[0m
step: [92m29 / 400[0m
step: [92m30 / 400[0m
step: [92m31 / 400[0m
step: [92m32 / 400[0m
step: [92m33 / 400[0m
step: [92m34 / 400[0m
step: [92m35 / 400[0m
step: [92m36 / 400[0m
step: [92m37 / 400[0m
step: [92m38 / 400[0m
step: [92m39 / 400[0m
step: [92m40 / 400[0m
step: [92m41 / 400[0m
step: [92m42 / 400[0m
step: [92m43 / 400[0m
step: [92m44 / 400[0m
step: [92m45 / 400[0m
step: [92m46 / 400[0m
step: [92m47 / 400[0m
step: [92m48 / 400[0m
step: [92m49 / 400[0m
step: [92m50 / 400[0m
step: [92m51 / 400[0m
step: [92m52 / 400[0m
step: [92m53 / 400[0m
step: [92m54 / 400[0m
step: [92m55 / 400[0m
step: [92m56 / 400[0m
step: [92m57 / 400[0m
step: [92m58 / 400[0m
step: [92m59 / 400[0m
step: [92m60 / 400[0m
step: [92m61 / 400[0m
step: [92m62 / 400[0m
step: [92m63 / 400[0m
step: [92m64 / 400[0m
step: [92m65 / 400[0m
step: [92m66 / 400[0m
step: [92m67 / 400[0m
step: [92m68 / 400[0m
step: [92m69 / 400[0m
step: [92m70 / 400[0m
step: [92m71 / 400[0m
step: [92m72 / 400[0m
step: [92m73 / 400[0m
step: [92m74 / 400[0m
step: [92m75 / 400[0m
step: [92m76 / 400[0m
step: [92m77 / 400[0m
step: [92m78 / 400[0m
step: [92m79 / 400[0m
step: [92m80 / 400[0m
step: [92m81 / 400[0m
step: [92m82 / 400[0m
step: [92m83 / 400[0m
step: [92m84 / 400[0m
step: [92m85 / 400[0m
step: [92m86 / 400[0m
step: [92m87 / 400[0m
step: [92m88 / 400[0m
step: [92m89 / 400[0m
step: [92m90 / 400[0m
step: [92m91 / 400[0m
[92mSuccess![0m
[93mgrab_roller[0m | [94mopenwam2robotwin_interface[0m | [92mdemo_clean[0m | [91mexp3_official_smoke_unseen_clean[0m
Success rate: [96m1/1[0m => [95m100.0%[0m, current seed: [90m100000[0m

Data has been saved to eval_result/grab_roller/openwam2robotwin_interface/demo_clean/exp3_official_smoke_unseen_clean/2026-09-25 13:19:49/_result.txt
[RESULT] grab_roller: Success rate: [96m1/1[0m => [95m100.0%[0m, current seed: [90m100000[0m
[INFO] Finished task=grab_roller
[INFO] Starting task=place_container_plate
[INFO] SAPIEN EGL ICD: /root/data/miniconda3/envs/robotwin-openwam/lib/python3.10/site-packages/sapien/vulkan_library/10_nvidia.json
task_name    : place_container_plate
task_config  : demo_clean
ckpt_setting : exp3_official_smoke_unseen_clean
server       : ws://127.0.0.1:8848
gpu          : 0
seed         : 0
[eval_policy_wrapper] RoboTwin commit=0aeea2d669c0 eval_policy.py sha256=8b16c766a9c40116
[eval_policy_wrapper] prewarmed CUDA/Curobo before SAPIEN import
[eval_policy_wrapper] patched warp.torch compatibility namespace
============= Config =============

[95mMessy Table:[0m False
[95mRandom Background:[0m False
[95mRandom Light:[0m False
[95mRandom Table Height:[0m 0
[95mRandom Head Camera Distance:[0m 0
[94mHead Camera Config:[0m D435, True
[94mWrist Camera Config:[0m D435, True
[94mEmbodiment Config:[0m aloha-agilex

==================================
missing pytorch3d
[OpenWAMClient] server=ws://127.0.0.1:8848 send_state=True state_dim=20 request_timeout=300s action_type=ee action_indices=None debug=False debug_dir=./debug_images
[OpenWAMClient] Server healthy at ws://127.0.0.1:8848
[eval_policy_wrapper] overriding RoboTwin eval test_num=1
[34mTask Name: place_container_plate[0m
[34mPolicy Name: openwam2robotwin_interface[0m
step: [92m1 / 400[0m
step: [92m2 / 400[0m
step: [92m3 / 400[0m
step: [92m4 / 400[0m
step: [92m5 / 400[0m
step: [92m6 / 400[0m
step: [92m7 / 400[0m
step: [92m8 / 400[0m
step: [92m9 / 400[0m
step: [92m10 / 400[0m
step: [92m11 / 400[0m
step: [92m12 / 400[0m
step: [92m13 / 400[0m
step: [92m14 / 400[0m
step: [92m15 / 400[0m
step: [92m16 / 400[0m
step: [92m17 / 400[0m
step: [92m18 / 400[0m
step: [92m19 / 400[0m
step: [92m20 / 400[0m
step: [92m21 / 400[0m
step: [92m22 / 400[0m
step: [92m23 / 400[0m
step: [92m24 / 400[0m
step: [92m25 / 400[0m
step: [92m26 / 400[0m
step: [92m27 / 400[0m
step: [92m28 / 400[0m
step: [92m29 / 400[0m
step: [92m30 / 400[0m
step: [92m31 / 400[0m
step: [92m32 / 400[0m
step: [92m33 / 400[0m
step: [92m34 / 400[0m
step: [92m35 / 400[0m
step: [92m36 / 400[0m
step: [92m37 / 400[0m
step: [92m38 / 400[0m
step: [92m39 / 400[0m
step: [92m40 / 400[0m
step: [92m41 / 400[0m
step: [92m42 / 400[0m
step: [92m43 / 400[0m
step: [92m44 / 400[0m
step: [92m45 / 400[0m
step: [92m46 / 400[0m
step: [92m47 / 400[0m
step: [92m48 / 400[0m
step: [92m49 / 400[0m
step: [92m50 / 400[0m
step: [92m51 / 400[0m
step: [92m52 / 400[0m
step: [92m53 / 400[0m
step: [92m54 / 400[0m
step: [92m55 / 400[0m
step: [92m56 / 400[0m
step: [92m57 / 400[0m
step: [92m58 / 400[0m
step: [92m59 / 400[0m
step: [92m60 / 400[0m
step: [92m61 / 400[0m
step: [92m62 / 400[0m
step: [92m63 / 400[0m
step: [92m64 / 400[0m
step: [92m65 / 400[0m
step: [92m66 / 400[0m
step: [92m67 / 400[0m
step: [92m68 / 400[0m
step: [92m69 / 400[0m
step: [92m70 / 400[0m
step: [92m71 / 400[0m
step: [92m72 / 400[0m
step: [92m73 / 400[0m
step: [92m74 / 400[0m
step: [92m75 / 400[0m
step: [92m76 / 400[0m
step: [92m77 / 400[0m
step: [92m78 / 400[0m
step: [92m79 / 400[0m
step: [92m80 / 400[0m
step: [92m81 / 400[0m
step: [92m82 / 400[0m
step: [92m83 / 400[0m
step: [92m84 / 400[0m
step: [92m85 / 400[0m
step: [92m86 / 400[0m
step: [92m87 / 400[0m
step: [92m88 / 400[0m
step: [92m89 / 400[0m
step: [92m90 / 400[0m
step: [92m91 / 400[0m
step: [92m92 / 400[0m
step: [92m93 / 400[0m
step: [92m94 / 400[0m
step: [92m95 / 400[0m
step: [92m96 / 400[0m
step: [92m97 / 400[0m
step: [92m98 / 400[0m
step: [92m99 / 400[0m
step: [92m100 / 400[0m
step: [92m101 / 400[0m
step: [92m102 / 400[0m
step: [92m103 / 400[0m
step: [92m104 / 400[0m
step: [92m105 / 400[0m
step: [92m106 / 400[0m
step: [92m107 / 400[0m
step: [92m108 / 400[0m
step: [92m109 / 400[0m
step: [92m110 / 400[0m
step: [92m111 / 400[0m
step: [92m112 / 400[0m
step: [92m113 / 400[0m
step: [92m114 / 400[0m
step: [92m115 / 400[0m
step: [92m116 / 400[0m
step: [92m117 / 400[0m
step: [92m118 / 400[0m
step: [92m119 / 400[0m
step: [92m120 / 400[0m
step: [92m121 / 400[0m
step: [92m122 / 400[0m
step: [92m123 / 400[0m
step: [92m124 / 400[0m
step: [92m125 / 400[0m
step: [92m126 / 400[0m
step: [92m127 / 400[0m
step: [92m128 / 400[0m
step: [92m129 / 400[0m
step: [92m130 / 400[0m
step: [92m131 / 400[0m
step: [92m132 / 400[0m
[92mSuccess![0m
[93mplace_container_plate[0m | [94mopenwam2robotwin_interface[0m | [92mdemo_clean[0m | [91mexp3_official_smoke_unseen_clean[0m
Success rate: [96m1/1[0m => [95m100.0%[0m, current seed: [90m100000[0m

Data has been saved to eval_result/place_container_plate/openwam2robotwin_interface/demo_clean/exp3_official_smoke_unseen_clean/2026-09-25 13:21:05/_result.txt
[RESULT] place_container_plate: Success rate: [96m1/1[0m => [95m100.0%[0m, current seed: [90m100000[0m
[INFO] Finished task=place_container_plate
[INFO] Starting task=move_pillbottle_pad
[INFO] SAPIEN EGL ICD: /root/data/miniconda3/envs/robotwin-openwam/lib/python3.10/site-packages/sapien/vulkan_library/10_nvidia.json
task_name    : move_pillbottle_pad
task_config  : demo_clean
ckpt_setting : exp3_official_smoke_unseen_clean
server       : ws://127.0.0.1:8848
gpu          : 0
seed         : 0
[eval_policy_wrapper] RoboTwin commit=0aeea2d669c0 eval_policy.py sha256=8b16c766a9c40116
[eval_policy_wrapper] prewarmed CUDA/Curobo before SAPIEN import
[eval_policy_wrapper] patched warp.torch compatibility namespace
============= Config =============

[95mMessy Table:[0m False
[95mRandom Background:[0m False
[95mRandom Light:[0m False
[95mRandom Table Height:[0m 0
[95mRandom Head Camera Distance:[0m 0
[94mHead Camera Config:[0m D435, True
[94mWrist Camera Config:[0m D435, True
[94mEmbodiment Config:[0m aloha-agilex

==================================
missing pytorch3d
[OpenWAMClient] server=ws://127.0.0.1:8848 send_state=True state_dim=20 request_timeout=300s action_type=ee action_indices=None debug=False debug_dir=./debug_images
[OpenWAMClient] Server healthy at ws://127.0.0.1:8848
[eval_policy_wrapper] overriding RoboTwin eval test_num=1
[34mTask Name: move_pillbottle_pad[0m
[34mPolicy Name: openwam2robotwin_interface[0m
step: [92m1 / 400[0m
step: [92m2 / 400[0m
step: [92m3 / 400[0m
step: [92m4 / 400[0m
step: [92m5 / 400[0m
step: [92m6 / 400[0m
step: [92m7 / 400[0m
step: [92m8 / 400[0m
step: [92m9 / 400[0m
step: [92m10 / 400[0m
step: [92m11 / 400[0m
step: [92m12 / 400[0m
step: [92m13 / 400[0m
step: [92m14 / 400[0m
step: [92m15 / 400[0m
step: [92m16 / 400[0m
step: [92m17 / 400[0m
step: [92m18 / 400[0m
step: [92m19 / 400[0m
step: [92m20 / 400[0m
step: [92m21 / 400[0m
step: [92m22 / 400[0m
step: [92m23 / 400[0m
step: [92m24 / 400[0m
step: [92m25 / 400[0m
step: [92m26 / 400[0m
step: [92m27 / 400[0m
step: [92m28 / 400[0m
step: [92m29 / 400[0m
step: [92m30 / 400[0m
step: [92m31 / 400[0m
step: [92m32 / 400[0m
step: [92m33 / 400[0m
step: [92m34 / 400[0m
step: [92m35 / 400[0m
step: [92m36 / 400[0m
step: [92m37 / 400[0m
step: [92m38 / 400[0m
step: [92m39 / 400[0m
step: [92m40 / 400[0m
step: [92m41 / 400[0m
step: [92m42 / 400[0m
step: [92m43 / 400[0m
step: [92m44 / 400[0m
step: [92m45 / 400[0m
step: [92m46 / 400[0m
step: [92m47 / 400[0m
step: [92m48 / 400[0m
step: [92m49 / 400[0m
step: [92m50 / 400[0m
step: [92m51 / 400[0m
step: [92m52 / 400[0m
step: [92m53 / 400[0m
step: [92m54 / 400[0m
step: [92m55 / 400[0m
step: [92m56 / 400[0m
step: [92m57 / 400[0m
step: [92m58 / 400[0m
step: [92m59 / 400[0m
step: [92m60 / 400[0m
step: [92m61 / 400[0m
step: [92m62 / 400[0m
step: [92m63 / 400[0m
step: [92m64 / 400[0m
step: [92m65 / 400[0m
step: [92m66 / 400[0m
step: [92m67 / 400[0m
step: [92m68 / 400[0m
step: [92m69 / 400[0m
step: [92m70 / 400[0m
step: [92m71 / 400[0m
step: [92m72 / 400[0m
step: [92m73 / 400[0m
step: [92m74 / 400[0m
step: [92m75 / 400[0m
step: [92m76 / 400[0m
step: [92m77 / 400[0m
step: [92m78 / 400[0m
step: [92m79 / 400[0m
step: [92m80 / 400[0m
step: [92m81 / 400[0m
step: [92m82 / 400[0m
step: [92m83 / 400[0m
step: [92m84 / 400[0m
step: [92m85 / 400[0m
step: [92m86 / 400[0m
step: [92m87 / 400[0m
step: [92m88 / 400[0m
step: [92m89 / 400[0m
step: [92m90 / 400[0m
step: [92m91 / 400[0m
step: [92m92 / 400[0m
step: [92m93 / 400[0m
step: [92m94 / 400[0m
step: [92m95 / 400[0m
step: [92m96 / 400[0m
step: [92m97 / 400[0m
step: [92m98 / 400[0m
step: [92m99 / 400[0m
step: [92m100 / 400[0m
step: [92m101 / 400[0m
step: [92m102 / 400[0m
step: [92m103 / 400[0m
step: [92m104 / 400[0m
step: [92m105 / 400[0m
step: [92m106 / 400[0m
step: [92m107 / 400[0m
step: [92m108 / 400[0m
step: [92m109 / 400[0m
step: [92m110 / 400[0m
step: [92m111 / 400[0m
step: [92m112 / 400[0m
step: [92m113 / 400[0m
step: [92m114 / 400[0m
step: [92m115 / 400[0m
step: [92m116 / 400[0m
step: [92m117 / 400[0m
step: [92m118 / 400[0m
step: [92m119 / 400[0m
step: [92m120 / 400[0m
step: [92m121 / 400[0m
step: [92m122 / 400[0m
step: [92m123 / 400[0m
step: [92m124 / 400[0m
step: [92m125 / 400[0m
step: [92m126 / 400[0m
step: [92m127 / 400[0m
step: [92m128 / 400[0m
step: [92m129 / 400[0m
step: [92m130 / 400[0m
step: [92m131 / 400[0m
step: [92m132 / 400[0m
step: [92m133 / 400[0m
step: [92m134 / 400[0m
step: [92m135 / 400[0m
step: [92m136 / 400[0m
step: [92m137 / 400[0m
step: [92m138 / 400[0m
step: [92m139 / 400[0m
[92mSuccess![0m
[93mmove_pillbottle_pad[0m | [94mopenwam2robotwin_interface[0m | [92mdemo_clean[0m | [91mexp3_official_smoke_unseen_clean[0m
Success rate: [96m1/1[0m => [95m100.0%[0m, current seed: [90m100002[0m

Data has been saved to eval_result/move_pillbottle_pad/openwam2robotwin_interface/demo_clean/exp3_official_smoke_unseen_clean/2026-09-25 13:22:30/_result.txt
[RESULT] move_pillbottle_pad: Success rate: [96m1/1[0m => [95m100.0%[0m, current seed: [90m100002[0m
[INFO] Finished task=move_pillbottle_pad
[INFO] Starting task=move_can_pot
[INFO] SAPIEN EGL ICD: /root/data/miniconda3/envs/robotwin-openwam/lib/python3.10/site-packages/sapien/vulkan_library/10_nvidia.json
task_name    : move_can_pot
task_config  : demo_clean
ckpt_setting : exp3_official_smoke_unseen_clean
server       : ws://127.0.0.1:8848
gpu          : 0
seed         : 0
[eval_policy_wrapper] RoboTwin commit=0aeea2d669c0 eval_policy.py sha256=8b16c766a9c40116
[eval_policy_wrapper] prewarmed CUDA/Curobo before SAPIEN import
[eval_policy_wrapper] patched warp.torch compatibility namespace
============= Config =============

[95mMessy Table:[0m False
[95mRandom Background:[0m False
[95mRandom Light:[0m False
[95mRandom Table Height:[0m 0
[95mRandom Head Camera Distance:[0m 0
[94mHead Camera Config:[0m D435, True
[94mWrist Camera Config:[0m D435, True
[94mEmbodiment Config:[0m aloha-agilex

==================================
missing pytorch3d
[OpenWAMClient] server=ws://127.0.0.1:8848 send_state=True state_dim=20 request_timeout=300s action_type=ee action_indices=None debug=False debug_dir=./debug_images
[OpenWAMClient] Server healthy at ws://127.0.0.1:8848
[eval_policy_wrapper] overriding RoboTwin eval test_num=1
[34mTask Name: move_can_pot[0m
[34mPolicy Name: openwam2robotwin_interface[0m
step: [92m1 / 400[0m
step: [92m2 / 400[0m
step: [92m3 / 400[0m
step: [92m4 / 400[0m
step: [92m5 / 400[0m
step: [92m6 / 400[0m
step: [92m7 / 400[0m
step: [92m8 / 400[0m
step: [92m9 / 400[0m
step: [92m10 / 400[0m
step: [92m11 / 400[0m
step: [92m12 / 400[0m
step: [92m13 / 400[0m
step: [92m14 / 400[0m
step: [92m15 / 400[0m
step: [92m16 / 400[0m
step: [92m17 / 400[0m
step: [92m18 / 400[0m
step: [92m19 / 400[0m
step: [92m20 / 400[0m
step: [92m21 / 400[0m
step: [92m22 / 400[0m
step: [92m23 / 400[0m
step: [92m24 / 400[0m
step: [92m25 / 400[0m
step: [92m26 / 400[0m
step: [92m27 / 400[0m
step: [92m28 / 400[0m
step: [92m29 / 400[0m
step: [92m30 / 400[0m
step: [92m31 / 400[0m
step: [92m32 / 400[0m
step: [92m33 / 400[0m
step: [92m34 / 400[0m
step: [92m35 / 400[0m
step: [92m36 / 400[0m
step: [92m37 / 400[0m
step: [92m38 / 400[0m
step: [92m39 / 400[0m
step: [92m40 / 400[0m
step: [92m41 / 400[0m
step: [92m42 / 400[0m
step: [92m43 / 400[0m
step: [92m44 / 400[0m
step: [92m45 / 400[0m
step: [92m46 / 400[0m
step: [92m47 / 400[0m
step: [92m48 / 400[0m
step: [92m49 / 400[0m
step: [92m50 / 400[0m
step: [92m51 / 400[0m
step: [92m52 / 400[0m
step: [92m53 / 400[0m
step: [92m54 / 400[0m
step: [92m55 / 400[0m
step: [92m56 / 400[0m
step: [92m57 / 400[0m
step: [92m58 / 400[0m
step: [92m59 / 400[0m
step: [92m60 / 400[0m
step: [92m61 / 400[0m
step: [92m62 / 400[0m
step: [92m63 / 400[0m
step: [92m64 / 400[0m
step: [92m65 / 400[0m
step: [92m66 / 400[0m
step: [92m67 / 400[0m
step: [92m68 / 400[0m
step: [92m69 / 400[0m
step: [92m70 / 400[0m
step: [92m71 / 400[0m
step: [92m72 / 400[0m
step: [92m73 / 400[0m
step: [92m74 / 400[0m
step: [92m75 / 400[0m
step: [92m76 / 400[0m
step: [92m77 / 400[0m
step: [92m78 / 400[0m
step: [92m79 / 400[0m
step: [92m80 / 400[0m
step: [92m81 / 400[0m
step: [92m82 / 400[0m
step: [92m83 / 400[0m
step: [92m84 / 400[0m
step: [92m85 / 400[0m
step: [92m86 / 400[0m
step: [92m87 / 400[0m
step: [92m88 / 400[0m
step: [92m89 / 400[0m
step: [92m90 / 400[0m
step: [92m91 / 400[0m
step: [92m92 / 400[0m
step: [92m93 / 400[0m
step: [92m94 / 400[0m
step: [92m95 / 400[0m
step: [92m96 / 400[0m
step: [92m97 / 400[0m
step: [92m98 / 400[0m
step: [92m99 / 400[0m
step: [92m100 / 400[0m
step: [92m101 / 400[0m
step: [92m102 / 400[0m
step: [92m103 / 400[0m
step: [92m104 / 400[0m
step: [92m105 / 400[0m
step: [92m106 / 400[0m
step: [92m107 / 400[0m
step: [92m108 / 400[0m
step: [92m109 / 400[0m
step: [92m110 / 400[0m
step: [92m111 / 400[0m
step: [92m112 / 400[0m
step: [92m113 / 400[0m
step: [92m114 / 400[0m
step: [92m115 / 400[0m
step: [92m116 / 400[0m
step: [92m117 / 400[0m
step: [92m118 / 400[0m
step: [92m119 / 400[0m
step: [92m120 / 400[0m
step: [92m121 / 400[0m
step: [92m122 / 400[0m
step: [92m123 / 400[0m
step: [92m124 / 400[0m
step: [92m125 / 400[0m
step: [92m126 / 400[0m
step: [92m127 / 400[0m
step: [92m128 / 400[0m
step: [92m129 / 400[0m
step: [92m130 / 400[0m
step: [92m131 / 400[0m
step: [92m132 / 400[0m
step: [92m133 / 400[0m
step: [92m134 / 400[0m
step: [92m135 / 400[0m
step: [92m136 / 400[0m
step: [92m137 / 400[0m
step: [92m138 / 400[0m
step: [92m139 / 400[0m
step: [92m140 / 400[0m
step: [92m141 / 400[0m
step: [92m142 / 400[0m
step: [92m143 / 400[0m
step: [92m144 / 400[0m
[92mSuccess![0m
[93mmove_can_pot[0m | [94mopenwam2robotwin_interface[0m | [92mdemo_clean[0m | [91mexp3_official_smoke_unseen_clean[0m
Success rate: [96m1/1[0m => [95m100.0%[0m, current seed: [90m100000[0m

Data has been saved to eval_result/move_can_pot/openwam2robotwin_interface/demo_clean/exp3_official_smoke_unseen_clean/2026-09-25 13:24:26/_result.txt
[RESULT] move_can_pot: Success rate: [96m1/1[0m => [95m100.0%[0m, current seed: [90m100000[0m
[INFO] Finished task=move_can_pot
[INFO] Starting task=open_microwave
[INFO] SAPIEN EGL ICD: /root/data/miniconda3/envs/robotwin-openwam/lib/python3.10/site-packages/sapien/vulkan_library/10_nvidia.json
task_name    : open_microwave
task_config  : demo_clean
ckpt_setting : exp3_official_smoke_unseen_clean
server       : ws://127.0.0.1:8848
gpu          : 0
seed         : 0
[eval_policy_wrapper] RoboTwin commit=0aeea2d669c0 eval_policy.py sha256=8b16c766a9c40116
[eval_policy_wrapper] prewarmed CUDA/Curobo before SAPIEN import
[eval_policy_wrapper] patched warp.torch compatibility namespace
============= Config =============

[95mMessy Table:[0m False
[95mRandom Background:[0m False
[95mRandom Light:[0m False
[95mRandom Table Height:[0m 0
[95mRandom Head Camera Distance:[0m 0
[94mHead Camera Config:[0m D435, True
[94mWrist Camera Config:[0m D435, True
[94mEmbodiment Config:[0m aloha-agilex

==================================
missing pytorch3d
[OpenWAMClient] server=ws://127.0.0.1:8848 send_state=True state_dim=20 request_timeout=300s action_type=ee action_indices=None debug=False debug_dir=./debug_images
[OpenWAMClient] Server healthy at ws://127.0.0.1:8848
[eval_policy_wrapper] overriding RoboTwin eval test_num=1
[34mTask Name: open_microwave[0m
[34mPolicy Name: openwam2robotwin_interface[0m
step: [92m1 / 1500[0m
step: [92m2 / 1500[0m
step: [92m3 / 1500[0m
step: [92m4 / 1500[0m
step: [92m5 / 1500[0m
step: [92m6 / 1500[0m
step: [92m7 / 1500[0m
step: [92m8 / 1500[0m
step: [92m9 / 1500[0m
step: [92m10 / 1500[0m
step: [92m11 / 1500[0m
step: [92m12 / 1500[0m
step: [92m13 / 1500[0m
step: [92m14 / 1500[0m
step: [92m15 / 1500[0m
step: [92m16 / 1500[0m
step: [92m17 / 1500[0m
step: [92m18 / 1500[0m
step: [92m19 / 1500[0m
step: [92m20 / 1500[0m
step: [92m21 / 1500[0m
step: [92m22 / 1500[0m
step: [92m23 / 1500[0m
step: [92m24 / 1500[0m
step: [92m25 / 1500[0m
step: [92m26 / 1500[0m
step: [92m27 / 1500[0m
step: [92m28 / 1500[0m
step: [92m29 / 1500[0m
step: [92m30 / 1500[0m
step: [92m31 / 1500[0m
step: [92m32 / 1500[0m
step: [92m33 / 1500[0m
step: [92m34 / 1500[0m
step: [92m35 / 1500[0m
step: [92m36 / 1500[0m
step: [92m37 / 1500[0m
step: [92m38 / 1500[0m
step: [92m39 / 1500[0m
step: [92m40 / 1500[0m
step: [92m41 / 1500[0m
step: [92m42 / 1500[0m
step: [92m43 / 1500[0m
step: [92m44 / 1500[0m
step: [92m45 / 1500[0m
step: [92m46 / 1500[0m
step: [92m47 / 1500[0m
step: [92m48 / 1500[0m
step: [92m49 / 1500[0m
step: [92m50 / 1500[0m
step: [92m51 / 1500[0m
step: [92m52 / 1500[0m
step: [92m53 / 1500[0m
step: [92m54 / 1500[0m
step: [92m55 / 1500[0m
step: [92m56 / 1500[0m
step: [92m57 / 1500[0m
step: [92m58 / 1500[0m
step: [92m59 / 1500[0m
step: [92m60 / 1500[0m
step: [92m61 / 1500[0m
step: [92m62 / 1500[0m
step: [92m63 / 1500[0m
step: [92m64 / 1500[0m
step: [92m65 / 1500[0m
step: [92m66 / 1500[0m
step: [92m67 / 1500[0m
step: [92m68 / 1500[0m
step: [92m69 / 1500[0m
step: [92m70 / 1500[0m
step: [92m71 / 1500[0m
step: [92m72 / 1500[0m
step: [92m73 / 1500[0m
step: [92m74 / 1500[0m
step: [92m75 / 1500[0m
step: [92m76 / 1500[0m
step: [92m77 / 1500[0m
step: [92m78 / 1500[0m
step: [92m79 / 1500[0m
step: [92m80 / 1500[0m
step: [92m81 / 1500[0m
step: [92m82 / 1500[0m
step: [92m83 / 1500[0m
step: [92m84 / 1500[0m
step: [92m85 / 1500[0m
step: [92m86 / 1500[0m
step: [92m87 / 1500[0m
step: [92m88 / 1500[0m
step: [92m89 / 1500[0m
step: [92m90 / 1500[0m
step: [92m91 / 1500[0m
step: [92m92 / 1500[0m
step: [92m93 / 1500[0m
step: [92m94 / 1500[0m
step: [92m95 / 1500[0m
step: [92m96 / 1500[0m
step: [92m97 / 1500[0m
step: [92m98 / 1500[0m
step: [92m99 / 1500[0m
step: [92m100 / 1500[0m
step: [92m101 / 1500[0m
step: [92m102 / 1500[0m
step: [92m103 / 1500[0m
step: [92m104 / 1500[0m
step: [92m105 / 1500[0m
step: [92m106 / 1500[0m
step: [92m107 / 1500[0m
step: [92m108 / 1500[0m
step: [92m109 / 1500[0m
step: [92m110 / 1500[0m
step: [92m111 / 1500[0m
step: [92m112 / 1500[0m
step: [92m113 / 1500[0m
step: [92m114 / 1500[0m
step: [92m115 / 1500[0m
step: [92m116 / 1500[0m
step: [92m117 / 1500[0m
step: [92m118 / 1500[0m
step: [92m119 / 1500[0m
step: [92m120 / 1500[0m
step: [92m121 / 1500[0m
step: [92m122 / 1500[0m
step: [92m123 / 1500[0m
step: [92m124 / 1500[0m
step: [92m125 / 1500[0m
step: [92m126 / 1500[0m
step: [92m127 / 1500[0m
step: [92m128 / 1500[0m
step: [92m129 / 1500[0m
step: [92m130 / 1500[0m
step: [92m131 / 1500[0m
step: [92m132 / 1500[0m
step: [92m133 / 1500[0m
step: [92m134 / 1500[0m
step: [92m135 / 1500[0m
step: [92m136 / 1500[0m
step: [92m137 / 1500[0m
step: [92m138 / 1500[0m
step: [92m139 / 1500[0m
step: [92m140 / 1500[0m
step: [92m141 / 1500[0m
step: [92m142 / 1500[0m
step: [92m143 / 1500[0m
step: [92m144 / 1500[0m
step: [92m145 / 1500[0m
step: [92m146 / 1500[0m
step: [92m147 / 1500[0m
step: [92m148 / 1500[0m
step: [92m149 / 1500[0m
step: [92m150 / 1500[0m
step: [92m151 / 1500[0m
step: [92m152 / 1500[0m
step: [92m153 / 1500[0m
step: [92m154 / 1500[0m
step: [92m155 / 1500[0m
step: [92m156 / 1500[0m
step: [92m157 / 1500[0m
step: [92m158 / 1500[0m
step: [92m159 / 1500[0m
step: [92m160 / 1500[0m
step: [92m161 / 1500[0m
step: [92m162 / 1500[0m
step: [92m163 / 1500[0m
step: [92m164 / 1500[0m
step: [92m165 / 1500[0m
step: [92m166 / 1500[0m
step: [92m167 / 1500[0m
step: [92m168 / 1500[0m
step: [92m169 / 1500[0m
step: [92m170 / 1500[0m
step: [92m171 / 1500[0m
step: [92m172 / 1500[0m
step: [92m173 / 1500[0m
step: [92m174 / 1500[0m
step: [92m175 / 1500[0m
step: [92m176 / 1500[0m
step: [92m177 / 1500[0m
step: [92m178 / 1500[0m
step: [92m179 / 1500[0m
step: [92m180 / 1500[0m
step: [92m181 / 1500[0m
step: [92m182 / 1500[0m
step: [92m183 / 1500[0m
step: [92m184 / 1500[0m
step: [92m185 / 1500[0m
step: [92m186 / 1500[0m
step: [92m187 / 1500[0m
step: [92m188 / 1500[0m
step: [92m189 / 1500[0m
step: [92m190 / 1500[0m
step: [92m191 / 1500[0m
step: [92m192 / 1500[0m
step: [92m193 / 1500[0m
step: [92m194 / 1500[0m
step: [92m195 / 1500[0m
step: [92m196 / 1500[0m
step: [92m197 / 1500[0m
step: [92m198 / 1500[0m
step: [92m199 / 1500[0m
step: [92m200 / 1500[0m
step: [92m201 / 1500[0m
step: [92m202 / 1500[0m
step: [92m203 / 1500[0m
step: [92m204 / 1500[0m
step: [92m205 / 1500[0m
step: [92m206 / 1500[0m
step: [92m207 / 1500[0m
step: [92m208 / 1500[0m
step: [92m209 / 1500[0m
step: [92m210 / 1500[0m
step: [92m211 / 1500[0m
step: [92m212 / 1500[0m
step: [92m213 / 1500[0m
step: [92m214 / 1500[0m
step: [92m215 / 1500[0m
step: [92m216 / 1500[0m
step: [92m217 / 1500[0m
step: [92m218 / 1500[0m
step: [92m219 / 1500[0m
step: [92m220 / 1500[0m
step: [92m221 / 1500[0m
step: [92m222 / 1500[0m
step: [92m223 / 1500[0m
step: [92m224 / 1500[0m
step: [92m225 / 1500[0m
step: [92m226 / 1500[0m
step: [92m227 / 1500[0m
step: [92m228 / 1500[0m
step: [92m229 / 1500[0m
step: [92m230 / 1500[0m
step: [92m231 / 1500[0m
step: [92m232 / 1500[0m
step: [92m233 / 1500[0m
step: [92m234 / 1500[0m
step: [92m235 / 1500[0m
step: [92m236 / 1500[0m
step: [92m237 / 1500[0m
step: [92m238 / 1500[0m
step: [92m239 / 1500[0m
step: [92m240 / 1500[0m
step: [92m241 / 1500[0m
step: [92m242 / 1500[0m
step: [92m243 / 1500[0m
step: [92m244 / 1500[0m
step: [92m245 / 1500[0m
step: [92m246 / 1500[0m
step: [92m247 / 1500[0m
step: [92m248 / 1500[0m
step: [92m249 / 1500[0m
step: [92m250 / 1500[0m
step: [92m251 / 1500[0m
step: [92m252 / 1500[0m
step: [92m253 / 1500[0m
step: [92m254 / 1500[0m
step: [92m255 / 1500[0m
step: [92m256 / 1500[0m
step: [92m257 / 1500[0m
step: [92m258 / 1500[0m
step: [92m259 / 1500[0m
step: [92m260 / 1500[0m
step: [92m261 / 1500[0m
step: [92m262 / 1500[0m
step: [92m263 / 1500[0m
step: [92m264 / 1500[0m
step: [92m265 / 1500[0m
step: [92m266 / 1500[0m
step: [92m267 / 1500[0m
step: [92m268 / 1500[0m
step: [92m269 / 1500[0m
step: [92m270 / 1500[0m
step: [92m271 / 1500[0m
step: [92m272 / 1500[0m
step: [92m273 / 1500[0m
step: [92m274 / 1500[0m
step: [92m275 / 1500[0m
step: [92m276 / 1500[0m
step: [92m277 / 1500[0m
step: [92m278 / 1500[0m
step: [92m279 / 1500[0m
step: [92m280 / 1500[0m
step: [92m281 / 1500[0m
step: [92m282 / 1500[0m
step: [92m283 / 1500[0m
step: [92m284 / 1500[0m
step: [92m285 / 1500[0m
step: [92m286 / 1500[0m
step: [92m287 / 1500[0m
step: [92m288 / 1500[0m
step: [92m289 / 1500[0m
step: [92m290 / 1500[0m
step: [92m291 / 1500[0m
step: [92m292 / 1500[0m
step: [92m293 / 1500[0m
step: [92m294 / 1500[0m
step: [92m295 / 1500[0m
step: [92m296 / 1500[0m
step: [92m297 / 1500[0m
step: [92m298 / 1500[0m
step: [92m299 / 1500[0m
step: [92m300 / 1500[0m
step: [92m301 / 1500[0m
step: [92m302 / 1500[0m
step: [92m303 / 1500[0m
step: [92m304 / 1500[0m
step: [92m305 / 1500[0m
step: [92m306 / 1500[0m
step: [92m307 / 1500[0m
step: [92m308 / 1500[0m
step: [92m309 / 1500[0m
step: [92m310 / 1500[0m
step: [92m311 / 1500[0m
step: [92m312 / 1500[0m
step: [92m313 / 1500[0m
step: [92m314 / 1500[0m
step: [92m315 / 1500[0m
step: [92m316 / 1500[0m
step: [92m317 / 1500[0m
step: [92m318 / 1500[0m
step: [92m319 / 1500[0m
step: [92m320 / 1500[0m
step: [92m321 / 1500[0m
step: [92m322 / 1500[0m
step: [92m323 / 1500[0m
step: [92m324 / 1500[0m
step: [92m325 / 1500[0m
step: [92m326 / 1500[0m
step: [92m327 / 1500[0m
step: [92m328 / 1500[0m
step: [92m329 / 1500[0m
step: [92m330 / 1500[0m
step: [92m331 / 1500[0m
step: [92m332 / 1500[0m
step: [92m333 / 1500[0m
step: [92m334 / 1500[0m
step: [92m335 / 1500[0m
step: [92m336 / 1500[0m
step: [92m337 / 1500[0m
step: [92m338 / 1500[0m
step: [92m339 / 1500[0m
step: [92m340 / 1500[0m
step: [92m341 / 1500[0m
step: [92m342 / 1500[0m
step: [92m343 / 1500[0m
step: [92m344 / 1500[0m
step: [92m345 / 1500[0m
step: [92m346 / 1500[0m
step: [92m347 / 1500[0m
step: [92m348 / 1500[0m
step: [92m349 / 1500[0m
step: [92m350 / 1500[0m
step: [92m351 / 1500[0m
step: [92m352 / 1500[0m
step: [92m353 / 1500[0m
step: [92m354 / 1500[0m
step: [92m355 / 1500[0m
step: [92m356 / 1500[0m
step: [92m357 / 1500[0m
step: [92m358 / 1500[0m
[92mSuccess![0m
[93mopen_microwave[0m | [94mopenwam2robotwin_interface[0m | [92mdemo_clean[0m | [91mexp3_official_smoke_unseen_clean[0m
Success rate: [96m1/1[0m => [95m100.0%[0m, current seed: [90m100000[0m

Data has been saved to eval_result/open_microwave/openwam2robotwin_interface/demo_clean/exp3_official_smoke_unseen_clean/2026-09-25 13:26:09/_result.txt
[RESULT] open_microwave: Success rate: [96m1/1[0m => [95m100.0%[0m, current seed: [90m100000[0m
[INFO] Finished task=open_microwave
[INFO] Starting task=press_stapler
[INFO] SAPIEN EGL ICD: /root/data/miniconda3/envs/robotwin-openwam/lib/python3.10/site-packages/sapien/vulkan_library/10_nvidia.json
task_name    : press_stapler
task_config  : demo_clean
ckpt_setting : exp3_official_smoke_unseen_clean
server       : ws://127.0.0.1:8848
gpu          : 0
seed         : 0
[eval_policy_wrapper] RoboTwin commit=0aeea2d669c0 eval_policy.py sha256=8b16c766a9c40116
[eval_policy_wrapper] prewarmed CUDA/Curobo before SAPIEN import
[eval_policy_wrapper] patched warp.torch compatibility namespace
============= Config =============

[95mMessy Table:[0m False
[95mRandom Background:[0m False
[95mRandom Light:[0m False
[95mRandom Table Height:[0m 0
[95mRandom Head Camera Distance:[0m 0
[94mHead Camera Config:[0m D435, True
[94mWrist Camera Config:[0m D435, True
[94mEmbodiment Config:[0m aloha-agilex

==================================
missing pytorch3d
[OpenWAMClient] server=ws://127.0.0.1:8848 send_state=True state_dim=20 request_timeout=300s action_type=ee action_indices=None debug=False debug_dir=./debug_images
[OpenWAMClient] Server healthy at ws://127.0.0.1:8848
[eval_policy_wrapper] overriding RoboTwin eval test_num=1
[34mTask Name: press_stapler[0m
[34mPolicy Name: openwam2robotwin_interface[0m
step: [92m1 / 400[0m
step: [92m2 / 400[0m
step: [92m3 / 400[0m
step: [92m4 / 400[0m
step: [92m5 / 400[0m
step: [92m6 / 400[0m
step: [92m7 / 400[0m
step: [92m8 / 400[0m
step: [92m9 / 400[0m
step: [92m10 / 400[0m
step: [92m11 / 400[0m
step: [92m12 / 400[0m
step: [92m13 / 400[0m
step: [92m14 / 400[0m
step: [92m15 / 400[0m
step: [92m16 / 400[0m
step: [92m17 / 400[0m
step: [92m18 / 400[0m
step: [92m19 / 400[0m
step: [92m20 / 400[0m
step: [92m21 / 400[0m
step: [92m22 / 400[0m
step: [92m23 / 400[0m
step: [92m24 / 400[0m
step: [92m25 / 400[0m
step: [92m26 / 400[0m
step: [92m27 / 400[0m
step: [92m28 / 400[0m
step: [92m29 / 400[0m
step: [92m30 / 400[0m
step: [92m31 / 400[0m
step: [92m32 / 400[0m
step: [92m33 / 400[0m
step: [92m34 / 400[0m
step: [92m35 / 400[0m
step: [92m36 / 400[0m
step: [92m37 / 400[0m
step: [92m38 / 400[0m
step: [92m39 / 400[0m
step: [92m40 / 400[0m
step: [92m41 / 400[0m
step: [92m42 / 400[0m
step: [92m43 / 400[0m
step: [92m44 / 400[0m
step: [92m45 / 400[0m
step: [92m46 / 400[0m
step: [92m47 / 400[0m
step: [92m48 / 400[0m
step: [92m49 / 400[0m
step: [92m50 / 400[0m
step: [92m51 / 400[0m
step: [92m52 / 400[0m
step: [92m53 / 400[0m
step: [92m54 / 400[0m
step: [92m55 / 400[0m
step: [92m56 / 400[0m
step: [92m57 / 400[0m
step: [92m58 / 400[0m
step: [92m59 / 400[0m
step: [92m60 / 400[0m
step: [92m61 / 400[0m
step: [92m62 / 400[0m
step: [92m63 / 400[0m
step: [92m64 / 400[0m
step: [92m65 / 400[0m
step: [92m66 / 400[0m
step: [92m67 / 400[0m
step: [92m68 / 400[0m
step: [92m69 / 400[0m
step: [92m70 / 400[0m
step: [92m71 / 400[0m
step: [92m72 / 400[0m
step: [92m73 / 400[0m
step: [92m74 / 400[0m
step: [92m75 / 400[0m
step: [92m76 / 400[0m
step: [92m77 / 400[0m
step: [92m78 / 400[0m
step: [92m79 / 400[0m
step: [92m80 / 400[0m
step: [92m81 / 400[0m
step: [92m82 / 400[0m
step: [92m83 / 400[0m
step: [92m84 / 400[0m
step: [92m85 / 400[0m
step: [92m86 / 400[0m
step: [92m87 / 400[0m
step: [92m88 / 400[0m
step: [92m89 / 400[0m
step: [92m90 / 400[0m
[92mSuccess![0m
[93mpress_stapler[0m | [94mopenwam2robotwin_interface[0m | [92mdemo_clean[0m | [91mexp3_official_smoke_unseen_clean[0m
Success rate: [96m1/1[0m => [95m100.0%[0m, current seed: [90m100000[0m

Data has been saved to eval_result/press_stapler/openwam2robotwin_interface/demo_clean/exp3_official_smoke_unseen_clean/2026-09-25 13:28:44/_result.txt
[RESULT] press_stapler: Success rate: [96m1/1[0m => [95m100.0%[0m, current seed: [90m100000[0m
[INFO] Finished task=press_stapler
[INFO] Starting task=stack_bowls_three
[INFO] SAPIEN EGL ICD: /root/data/miniconda3/envs/robotwin-openwam/lib/python3.10/site-packages/sapien/vulkan_library/10_nvidia.json
task_name    : stack_bowls_three
task_config  : demo_clean
ckpt_setting : exp3_official_smoke_unseen_clean
server       : ws://127.0.0.1:8848
gpu          : 0
seed         : 0
[eval_policy_wrapper] RoboTwin commit=0aeea2d669c0 eval_policy.py sha256=8b16c766a9c40116
[eval_policy_wrapper] prewarmed CUDA/Curobo before SAPIEN import
[eval_policy_wrapper] patched warp.torch compatibility namespace
============= Config =============

[95mMessy Table:[0m False
[95mRandom Background:[0m False
[95mRandom Light:[0m False
[95mRandom Table Height:[0m 0
[95mRandom Head Camera Distance:[0m 0
[94mHead Camera Config:[0m D435, True
[94mWrist Camera Config:[0m D435, True
[94mEmbodiment Config:[0m aloha-agilex

==================================
missing pytorch3d
[OpenWAMClient] server=ws://127.0.0.1:8848 send_state=True state_dim=20 request_timeout=300s action_type=ee action_indices=None debug=False debug_dir=./debug_images
[OpenWAMClient] Server healthy at ws://127.0.0.1:8848
[eval_policy_wrapper] overriding RoboTwin eval test_num=1
[34mTask Name: stack_bowls_three[0m
[34mPolicy Name: openwam2robotwin_interface[0m
step: [92m1 / 1200[0m
step: [92m2 / 1200[0m
step: [92m3 / 1200[0m
step: [92m4 / 1200[0m
step: [92m5 / 1200[0m
step: [92m6 / 1200[0m
step: [92m7 / 1200[0m
step: [92m8 / 1200[0m
step: [92m9 / 1200[0m
step: [92m10 / 1200[0m
step: [92m11 / 1200[0m
step: [92m12 / 1200[0m
step: [92m13 / 1200[0m
step: [92m14 / 1200[0m
step: [92m15 / 1200[0m
step: [92m16 / 1200[0m
step: [92m17 / 1200[0m
step: [92m18 / 1200[0m
step: [92m19 / 1200[0m
step: [92m20 / 1200[0m
step: [92m21 / 1200[0m
step: [92m22 / 1200[0m
step: [92m23 / 1200[0m
step: [92m24 / 1200[0m
step: [92m25 / 1200[0m
step: [92m26 / 1200[0m
step: [92m27 / 1200[0m
step: [92m28 / 1200[0m
step: [92m29 / 1200[0m
step: [92m30 / 1200[0m
step: [92m31 / 1200[0m
step: [92m32 / 1200[0m
step: [92m33 / 1200[0m
step: [92m34 / 1200[0m
step: [92m35 / 1200[0m
step: [92m36 / 1200[0m
step: [92m37 / 1200[0m
step: [92m38 / 1200[0m
step: [92m39 / 1200[0m
step: [92m40 / 1200[0m
step: [92m41 / 1200[0m
step: [92m42 / 1200[0m
step: [92m43 / 1200[0m
step: [92m44 / 1200[0m
step: [92m45 / 1200[0m
step: [92m46 / 1200[0m
step: [92m47 / 1200[0m
step: [92m48 / 1200[0m
step: [92m49 / 1200[0m
step: [92m50 / 1200[0m
step: [92m51 / 1200[0m
step: [92m52 / 1200[0m
step: [92m53 / 1200[0m
step: [92m54 / 1200[0m
step: [92m55 / 1200[0m
step: [92m56 / 1200[0m
step: [92m57 / 1200[0m
step: [92m58 / 1200[0m
step: [92m59 / 1200[0m
step: [92m60 / 1200[0m
step: [92m61 / 1200[0m
step: [92m62 / 1200[0m
step: [92m63 / 1200[0m
step: [92m64 / 1200[0m
step: [92m65 / 1200[0m
step: [92m66 / 1200[0m
step: [92m67 / 1200[0m
step: [92m68 / 1200[0m
step: [92m69 / 1200[0m
step: [92m70 / 1200[0m
step: [92m71 / 1200[0m
step: [92m72 / 1200[0m
step: [92m73 / 1200[0m
step: [92m74 / 1200[0m
step: [92m75 / 1200[0m
step: [92m76 / 1200[0m
step: [92m77 / 1200[0m
step: [92m78 / 1200[0m
step: [92m79 / 1200[0m
step: [92m80 / 1200[0m
step: [92m81 / 1200[0m
step: [92m82 / 1200[0m
step: [92m83 / 1200[0m
step: [92m84 / 1200[0m
step: [92m85 / 1200[0m
step: [92m86 / 1200[0m
step: [92m87 / 1200[0m
step: [92m88 / 1200[0m
step: [92m89 / 1200[0m
step: [92m90 / 1200[0m
step: [92m91 / 1200[0m
step: [92m92 / 1200[0m
step: [92m93 / 1200[0m
step: [92m94 / 1200[0m
step: [92m95 / 1200[0m
step: [92m96 / 1200[0m
step: [92m97 / 1200[0m
step: [92m98 / 1200[0m
step: [92m99 / 1200[0m
step: [92m100 / 1200[0m
step: [92m101 / 1200[0m
step: [92m102 / 1200[0m
step: [92m103 / 1200[0m
step: [92m104 / 1200[0m
step: [92m105 / 1200[0m
step: [92m106 / 1200[0m
step: [92m107 / 1200[0m
step: [92m108 / 1200[0m
step: [92m109 / 1200[0m
step: [92m110 / 1200[0m
step: [92m111 / 1200[0m
step: [92m112 / 1200[0m
step: [92m113 / 1200[0m
step: [92m114 / 1200[0m
step: [92m115 / 1200[0m
step: [92m116 / 1200[0m
step: [92m117 / 1200[0m
step: [92m118 / 1200[0m
step: [92m119 / 1200[0m
step: [92m120 / 1200[0m
step: [92m121 / 1200[0m
step: [92m122 / 1200[0m
step: [92m123 / 1200[0m
step: [92m124 / 1200[0m
step: [92m125 / 1200[0m
step: [92m126 / 1200[0m
step: [92m127 / 1200[0m
step: [92m128 / 1200[0m
step: [92m129 / 1200[0m
step: [92m130 / 1200[0m
step: [92m131 / 1200[0m
step: [92m132 / 1200[0m
step: [92m133 / 1200[0m
step: [92m134 / 1200[0m
step: [92m135 / 1200[0m
step: [92m136 / 1200[0m
step: [92m137 / 1200[0m
step: [92m138 / 1200[0m
step: [92m139 / 1200[0m
step: [92m140 / 1200[0m
step: [92m141 / 1200[0m
step: [92m142 / 1200[0m
step: [92m143 / 1200[0m
step: [92m144 / 1200[0m
step: [92m145 / 1200[0m
step: [92m146 / 1200[0m
step: [92m147 / 1200[0m
step: [92m148 / 1200[0m
step: [92m149 / 1200[0m
step: [92m150 / 1200[0m
step: [92m151 / 1200[0m
step: [92m152 / 1200[0m
step: [92m153 / 1200[0m
step: [92m154 / 1200[0m
step: [92m155 / 1200[0m
step: [92m156 / 1200[0m
step: [92m157 / 1200[0m
step: [92m158 / 1200[0m
step: [92m159 / 1200[0m
step: [92m160 / 1200[0m
step: [92m161 / 1200[0m
step: [92m162 / 1200[0m
step: [92m163 / 1200[0m
step: [92m164 / 1200[0m
step: [92m165 / 1200[0m
step: [92m166 / 1200[0m
step: [92m167 / 1200[0m
step: [92m168 / 1200[0m
step: [92m169 / 1200[0m
step: [92m170 / 1200[0m
step: [92m171 / 1200[0m
step: [92m172 / 1200[0m
step: [92m173 / 1200[0m
step: [92m174 / 1200[0m
step: [92m175 / 1200[0m
step: [92m176 / 1200[0m
step: [92m177 / 1200[0m
step: [92m178 / 1200[0m
step: [92m179 / 1200[0m
step: [92m180 / 1200[0m
step: [92m181 / 1200[0m
step: [92m182 / 1200[0m
step: [92m183 / 1200[0m
step: [92m184 / 1200[0m
step: [92m185 / 1200[0m
step: [92m186 / 1200[0m
step: [92m187 / 1200[0m
step: [92m188 / 1200[0m
step: [92m189 / 1200[0m
step: [92m190 / 1200[0m
step: [92m191 / 1200[0m
step: [92m192 / 1200[0m
step: [92m193 / 1200[0m
step: [92m194 / 1200[0m
step: [92m195 / 1200[0m
step: [92m196 / 1200[0m
step: [92m197 / 1200[0m
step: [92m198 / 1200[0m
step: [92m199 / 1200[0m
step: [92m200 / 1200[0m
step: [92m201 / 1200[0m
step: [92m202 / 1200[0m
step: [92m203 / 1200[0m
step: [92m204 / 1200[0m
step: [92m205 / 1200[0m
step: [92m206 / 1200[0m
step: [92m207 / 1200[0m
step: [92m208 / 1200[0m
step: [92m209 / 1200[0m
step: [92m210 / 1200[0m
step: [92m211 / 1200[0m
step: [92m212 / 1200[0m
step: [92m213 / 1200[0m
step: [92m214 / 1200[0m
step: [92m215 / 1200[0m
step: [92m216 / 1200[0m
step: [92m217 / 1200[0m
step: [92m218 / 1200[0m
step: [92m219 / 1200[0m
step: [92m220 / 1200[0m
step: [92m221 / 1200[0m
step: [92m222 / 1200[0m
step: [92m223 / 1200[0m
step: [92m224 / 1200[0m
step: [92m225 / 1200[0m
step: [92m226 / 1200[0m
step: [92m227 / 1200[0m
step: [92m228 / 1200[0m
step: [92m229 / 1200[0m
step: [92m230 / 1200[0m
step: [92m231 / 1200[0m
step: [92m232 / 1200[0m
step: [92m233 / 1200[0m
step: [92m234 / 1200[0m
step: [92m235 / 1200[0m
step: [92m236 / 1200[0m
step: [92m237 / 1200[0m
step: [92m238 / 1200[0m
step: [92m239 / 1200[0m
step: [92m240 / 1200[0m
step: [92m241 / 1200[0m
step: [92m242 / 1200[0m
step: [92m243 / 1200[0m
step: [92m244 / 1200[0m
step: [92m245 / 1200[0m
step: [92m246 / 1200[0m
step: [92m247 / 1200[0m
step: [92m248 / 1200[0m
step: [92m249 / 1200[0m
step: [92m250 / 1200[0m
step: [92m251 / 1200[0m
step: [92m252 / 1200[0m
step: [92m253 / 1200[0m
step: [92m254 / 1200[0m
step: [92m255 / 1200[0m
step: [92m256 / 1200[0m
step: [92m257 / 1200[0m
step: [92m258 / 1200[0m
step: [92m259 / 1200[0m
step: [92m260 / 1200[0m
step: [92m261 / 1200[0m
step: [92m262 / 1200[0m
step: [92m263 / 1200[0m
step: [92m264 / 1200[0m
step: [92m265 / 1200[0m
step: [92m266 / 1200[0m
step: [92m267 / 1200[0m
step: [92m268 / 1200[0m
step: [92m269 / 1200[0m
step: [92m270 / 1200[0m
step: [92m271 / 1200[0m
step: [92m272 / 1200[0m
step: [92m273 / 1200[0m
step: [92m274 / 1200[0m
step: [92m275 / 1200[0m
step: [92m276 / 1200[0m
step: [92m277 / 1200[0m
step: [92m278 / 1200[0m
step: [92m279 / 1200[0m
step: [92m280 / 1200[0m
step: [92m281 / 1200[0m
step: [92m282 / 1200[0m
step: [92m283 / 1200[0m
step: [92m284 / 1200[0m
step: [92m285 / 1200[0m
step: [92m286 / 1200[0m
step: [92m287 / 1200[0m
step: [92m288 / 1200[0m
step: [92m289 / 1200[0m
step: [92m290 / 1200[0m
step: [92m291 / 1200[0m
step: [92m292 / 1200[0m
step: [92m293 / 1200[0m
step: [92m294 / 1200[0m
step: [92m295 / 1200[0m
step: [92m296 / 1200[0m
step: [92m297 / 1200[0m
step: [92m298 / 1200[0m
step: [92m299 / 1200[0m
step: [92m300 / 1200[0m
step: [92m301 / 1200[0m
step: [92m302 / 1200[0m
step: [92m303 / 1200[0m
step: [92m304 / 1200[0m
step: [92m305 / 1200[0m
step: [92m306 / 1200[0m
step: [92m307 / 1200[0m
step: [92m308 / 1200[0m
step: [92m309 / 1200[0m
step: [92m310 / 1200[0m
step: [92m311 / 1200[0m
step: [92m312 / 1200[0m
step: [92m313 / 1200[0m
step: [92m314 / 1200[0m
step: [92m315 / 1200[0m
step: [92m316 / 1200[0m
step: [92m317 / 1200[0m
step: [92m318 / 1200[0m
step: [92m319 / 1200[0m
step: [92m320 / 1200[0m
step: [92m321 / 1200[0m
step: [92m322 / 1200[0m
step: [92m323 / 1200[0m
step: [92m324 / 1200[0m
step: [92m325 / 1200[0m
step: [92m326 / 1200[0m
step: [92m327 / 1200[0m
step: [92m328 / 1200[0m
step: [92m329 / 1200[0m
step: [92m330 / 1200[0m
step: [92m331 / 1200[0m
step: [92m332 / 1200[0m
step: [92m333 / 1200[0m
step: [92m334 / 1200[0m
step: [92m335 / 1200[0m
step: [92m336 / 1200[0m
step: [92m337 / 1200[0m
step: [92m338 / 1200[0m
step: [92m339 / 1200[0m
step: [92m340 / 1200[0m
step: [92m341 / 1200[0m
step: [92m342 / 1200[0m
step: [92m343 / 1200[0m
step: [92m344 / 1200[0m
step: [92m345 / 1200[0m
step: [92m346 / 1200[0m
step: [92m347 / 1200[0m
step: [92m348 / 1200[0m
step: [92m349 / 1200[0m
step: [92m350 / 1200[0m
step: [92m351 / 1200[0m
step: [92m352 / 1200[0m
step: [92m353 / 1200[0m
step: [92m354 / 1200[0m
step: [92m355 / 1200[0m
step: [92m356 / 1200[0m
step: [92m357 / 1200[0m
step: [92m358 / 1200[0m
step: [92m359 / 1200[0m
step: [92m360 / 1200[0m
step: [92m361 / 1200[0m
step: [92m362 / 1200[0m
step: [92m363 / 1200[0m
step: [92m364 / 1200[0m
step: [92m365 / 1200[0m
step: [92m366 / 1200[0m
step: [92m367 / 1200[0m
step: [92m368 / 1200[0m
step: [92m369 / 1200[0m
step: [92m370 / 1200[0m
step: [92m371 / 1200[0m
step: [92m372 / 1200[0m
step: [92m373 / 1200[0m
step: [92m374 / 1200[0m
step: [92m375 / 1200[0m
step: [92m376 / 1200[0m
step: [92m377 / 1200[0m
step: [92m378 / 1200[0m
step: [92m379 / 1200[0m
step: [92m380 / 1200[0m
step: [92m381 / 1200[0m
step: [92m382 / 1200[0m
step: [92m383 / 1200[0m
step: [92m384 / 1200[0m
step: [92m385 / 1200[0m
step: [92m386 / 1200[0m
step: [92m387 / 1200[0m
step: [92m388 / 1200[0m
step: [92m389 / 1200[0m
step: [92m390 / 1200[0m
step: [92m391 / 1200[0m
step: [92m392 / 1200[0m
step: [92m393 / 1200[0m
step: [92m394 / 1200[0m
step: [92m395 / 1200[0m
step: [92m396 / 1200[0m
step: [92m397 / 1200[0m
step: [92m398 / 1200[0m
step: [92m399 / 1200[0m
step: [92m400 / 1200[0m
step: [92m401 / 1200[0m
step: [92m402 / 1200[0m
step: [92m403 / 1200[0m
step: [92m404 / 1200[0m
step: [92m405 / 1200[0m
step: [92m406 / 1200[0m
step: [92m407 / 1200[0m
step: [92m408 / 1200[0m
step: [92m409 / 1200[0m
step: [92m410 / 1200[0m
step: [92m411 / 1200[0m
step: [92m412 / 1200[0m
step: [92m413 / 1200[0m
step: [92m414 / 1200[0m
step: [92m415 / 1200[0m
step: [92m416 / 1200[0m
step: [92m417 / 1200[0m
step: [92m418 / 1200[0m
step: [92m419 / 1200[0m
step: [92m420 / 1200[0m
step: [92m421 / 1200[0m
step: [92m422 / 1200[0m
step: [92m423 / 1200[0m
step: [92m424 / 1200[0m
step: [92m425 / 1200[0m
step: [92m426 / 1200[0m
step: [92m427 / 1200[0m
step: [92m428 / 1200[0m
step: [92m429 / 1200[0m
step: [92m430 / 1200[0m
step: [92m431 / 1200[0m
step: [92m432 / 1200[0m
step: [92m433 / 1200[0m
step: [92m434 / 1200[0m
step: [92m435 / 1200[0m
step: [92m436 / 1200[0m
step: [92m437 / 1200[0m
step: [92m438 / 1200[0m
step: [92m439 / 1200[0m
step: [92m440 / 1200[0m
step: [92m441 / 1200[0m
step: [92m442 / 1200[0m
step: [92m443 / 1200[0m
step: [92m444 / 1200[0m
step: [92m445 / 1200[0m
step: [92m446 / 1200[0m
step: [92m447 / 1200[0m
step: [92m448 / 1200[0m
step: [92m449 / 1200[0m
step: [92m450 / 1200[0m
step: [92m451 / 1200[0m
step: [92m452 / 1200[0m
step: [92m453 / 1200[0m
step: [92m454 / 1200[0m
step: [92m455 / 1200[0m
step: [92m456 / 1200[0m
step: [92m457 / 1200[0m
step: [92m458 / 1200[0m
step: [92m459 / 1200[0m
step: [92m460 / 1200[0m
step: [92m461 / 1200[0m
step: [92m462 / 1200[0m
step: [92m463 / 1200[0m
step: [92m464 / 1200[0m
step: [92m465 / 1200[0m
step: [92m466 / 1200[0m
step: [92m467 / 1200[0m
step: [92m468 / 1200[0m
step: [92m469 / 1200[0m
step: [92m470 / 1200[0m
step: [92m471 / 1200[0m
step: [92m472 / 1200[0m
step: [92m473 / 1200[0m
step: [92m474 / 1200[0m
step: [92m475 / 1200[0m
step: [92m476 / 1200[0m
step: [92m477 / 1200[0m
step: [92m478 / 1200[0m
step: [92m479 / 1200[0m
step: [92m480 / 1200[0m
[92mSuccess![0m
[93mstack_bowls_three[0m | [94mopenwam2robotwin_interface[0m | [92mdemo_clean[0m | [91mexp3_official_smoke_unseen_clean[0m
Success rate: [96m1/1[0m => [95m100.0%[0m, current seed: [90m100000[0m

Data has been saved to eval_result/stack_bowls_three/openwam2robotwin_interface/demo_clean/exp3_official_smoke_unseen_clean/2026-09-25 13:30:02/_result.txt
[RESULT] stack_bowls_three: Success rate: [96m1/1[0m => [95m100.0%[0m, current seed: [90m100000[0m
[INFO] Finished task=stack_bowls_three
[INFO] Starting task=handover_block
[INFO] SAPIEN EGL ICD: /root/data/miniconda3/envs/robotwin-openwam/lib/python3.10/site-packages/sapien/vulkan_library/10_nvidia.json
task_name    : handover_block
task_config  : demo_clean
ckpt_setting : exp3_official_smoke_unseen_clean
server       : ws://127.0.0.1:8848
gpu          : 0
seed         : 0
[eval_policy_wrapper] RoboTwin commit=0aeea2d669c0 eval_policy.py sha256=8b16c766a9c40116
[eval_policy_wrapper] prewarmed CUDA/Curobo before SAPIEN import
[eval_policy_wrapper] patched warp.torch compatibility namespace
============= Config =============

[95mMessy Table:[0m False
[95mRandom Background:[0m False
[95mRandom Light:[0m False
[95mRandom Table Height:[0m 0
[95mRandom Head Camera Distance:[0m 0
[94mHead Camera Config:[0m D435, True
[94mWrist Camera Config:[0m D435, True
[94mEmbodiment Config:[0m aloha-agilex

==================================
missing pytorch3d
[OpenWAMClient] server=ws://127.0.0.1:8848 send_state=True state_dim=20 request_timeout=300s action_type=ee action_indices=None debug=False debug_dir=./debug_images
[OpenWAMClient] Server healthy at ws://127.0.0.1:8848
[eval_policy_wrapper] overriding RoboTwin eval test_num=1
[34mTask Name: handover_block[0m
[34mPolicy Name: openwam2robotwin_interface[0m
step: [92m1 / 800[0m
step: [92m2 / 800[0m
step: [92m3 / 800[0m
step: [92m4 / 800[0m
step: [92m5 / 800[0m
step: [92m6 / 800[0m
step: [92m7 / 800[0m
step: [92m8 / 800[0m
step: [92m9 / 800[0m
step: [92m10 / 800[0m
step: [92m11 / 800[0m
step: [92m12 / 800[0m
step: [92m13 / 800[0m
step: [92m14 / 800[0m
step: [92m15 / 800[0m
step: [92m16 / 800[0m
step: [92m17 / 800[0m
step: [92m18 / 800[0m
step: [92m19 / 800[0m
step: [92m20 / 800[0m
step: [92m21 / 800[0m
step: [92m22 / 800[0m
step: [92m23 / 800[0m
step: [92m24 / 800[0m
step: [92m25 / 800[0m
step: [92m26 / 800[0m
step: [92m27 / 800[0m
step: [92m28 / 800[0m
step: [92m29 / 800[0m
step: [92m30 / 800[0m
step: [92m31 / 800[0m
step: [92m32 / 800[0m
step: [92m33 / 800[0m
step: [92m34 / 800[0m
step: [92m35 / 800[0m
step: [92m36 / 800[0m
step: [92m37 / 800[0m
step: [92m38 / 800[0m
step: [92m39 / 800[0m
step: [92m40 / 800[0m
step: [92m41 / 800[0m
step: [92m42 / 800[0m
step: [92m43 / 800[0m
step: [92m44 / 800[0m
step: [92m45 / 800[0m
step: [92m46 / 800[0m
step: [92m47 / 800[0m
step: [92m48 / 800[0m
step: [92m49 / 800[0m
step: [92m50 / 800[0m
step: [92m51 / 800[0m
step: [92m52 / 800[0m
step: [92m53 / 800[0m
step: [92m54 / 800[0m
step: [92m55 / 800[0m
step: [92m56 / 800[0m
step: [92m57 / 800[0m
step: [92m58 / 800[0m
step: [92m59 / 800[0m
step: [92m60 / 800[0m
step: [92m61 / 800[0m
step: [92m62 / 800[0m
step: [92m63 / 800[0m
step: [92m64 / 800[0m
step: [92m65 / 800[0m
step: [92m66 / 800[0m
step: [92m67 / 800[0m
step: [92m68 / 800[0m
step: [92m69 / 800[0m
step: [92m70 / 800[0m
step: [92m71 / 800[0m
step: [92m72 / 800[0m
step: [92m73 / 800[0m
step: [92m74 / 800[0m
step: [92m75 / 800[0m
step: [92m76 / 800[0m
step: [92m77 / 800[0m
step: [92m78 / 800[0m
step: [92m79 / 800[0m
step: [92m80 / 800[0m
step: [92m81 / 800[0m
step: [92m82 / 800[0m
step: [92m83 / 800[0m
step: [92m84 / 800[0m
step: [92m85 / 800[0m
step: [92m86 / 800[0m
step: [92m87 / 800[0m
step: [92m88 / 800[0m
step: [92m89 / 800[0m
step: [92m90 / 800[0m
step: [92m91 / 800[0m
step: [92m92 / 800[0m
step: [92m93 / 800[0m
step: [92m94 / 800[0m
step: [92m95 / 800[0m
step: [92m96 / 800[0m
step: [92m97 / 800[0m
step: [92m98 / 800[0m
step: [92m99 / 800[0m
step: [92m100 / 800[0m
step: [92m101 / 800[0m
step: [92m102 / 800[0m
step: [92m103 / 800[0m
step: [92m104 / 800[0m
step: [92m105 / 800[0m
step: [92m106 / 800[0m
step: [92m107 / 800[0m
step: [92m108 / 800[0m
step: [92m109 / 800[0m
step: [92m110 / 800[0m
step: [92m111 / 800[0m
step: [92m112 / 800[0m
step: [92m113 / 800[0m
step: [92m114 / 800[0m
step: [92m115 / 800[0m
step: [92m116 / 800[0m
step: [92m117 / 800[0m
step: [92m118 / 800[0m
step: [92m119 / 800[0m
step: [92m120 / 800[0m
step: [92m121 / 800[0m
step: [92m122 / 800[0m
step: [92m123 / 800[0m
step: [92m124 / 800[0m
step: [92m125 / 800[0m
step: [92m126 / 800[0m
step: [92m127 / 800[0m
step: [92m128 / 800[0m
step: [92m129 / 800[0m
step: [92m130 / 800[0m
step: [92m131 / 800[0m
step: [92m132 / 800[0m
step: [92m133 / 800[0m
step: [92m134 / 800[0m
step: [92m135 / 800[0m
step: [92m136 / 800[0m
step: [92m137 / 800[0m
step: [92m138 / 800[0m
step: [92m139 / 800[0m
step: [92m140 / 800[0m
step: [92m141 / 800[0m
step: [92m142 / 800[0m
step: [92m143 / 800[0m
step: [92m144 / 800[0m
step: [92m145 / 800[0m
step: [92m146 / 800[0m
step: [92m147 / 800[0m
step: [92m148 / 800[0m
step: [92m149 / 800[0m
step: [92m150 / 800[0m
step: [92m151 / 800[0m
step: [92m152 / 800[0m
step: [92m153 / 800[0m
step: [92m154 / 800[0m
step: [92m155 / 800[0m
step: [92m156 / 800[0m
step: [92m157 / 800[0m
step: [92m158 / 800[0m
step: [92m159 / 800[0m
step: [92m160 / 800[0m
step: [92m161 / 800[0m
step: [92m162 / 800[0m
step: [92m163 / 800[0m
step: [92m164 / 800[0m
step: [92m165 / 800[0m
step: [92m166 / 800[0m
step: [92m167 / 800[0m
step: [92m168 / 800[0m
step: [92m169 / 800[0m
step: [92m170 / 800[0m
step: [92m171 / 800[0m
step: [92m172 / 800[0m
step: [92m173 / 800[0m
step: [92m174 / 800[0m
step: [92m175 / 800[0m
step: [92m176 / 800[0m
step: [92m177 / 800[0m
step: [92m178 / 800[0m
step: [92m179 / 800[0m
step: [92m180 / 800[0m
step: [92m181 / 800[0m
step: [92m182 / 800[0m
step: [92m183 / 800[0m
step: [92m184 / 800[0m
step: [92m185 / 800[0m
step: [92m186 / 800[0m
step: [92m187 / 800[0m
step: [92m188 / 800[0m
step: [92m189 / 800[0m
step: [92m190 / 800[0m
step: [92m191 / 800[0m
step: [92m192 / 800[0m
step: [92m193 / 800[0m
step: [92m194 / 800[0m
step: [92m195 / 800[0m
step: [92m196 / 800[0m
step: [92m197 / 800[0m
step: [92m198 / 800[0m
step: [92m199 / 800[0m
step: [92m200 / 800[0m
step: [92m201 / 800[0m
step: [92m202 / 800[0m
step: [92m203 / 800[0m
step: [92m204 / 800[0m
step: [92m205 / 800[0m
step: [92m206 / 800[0m
step: [92m207 / 800[0m
step: [92m208 / 800[0m
step: [92m209 / 800[0m
step: [92m210 / 800[0m
step: [92m211 / 800[0m
step: [92m212 / 800[0m
step: [92m213 / 800[0m
step: [92m214 / 800[0m
step: [92m215 / 800[0m
step: [92m216 / 800[0m
step: [92m217 / 800[0m
step: [92m218 / 800[0m
step: [92m219 / 800[0m
step: [92m220 / 800[0m
step: [92m221 / 800[0m
step: [92m222 / 800[0m
step: [92m223 / 800[0m
step: [92m224 / 800[0m
step: [92m225 / 800[0m
step: [92m226 / 800[0m
step: [92m227 / 800[0m
step: [92m228 / 800[0m
step: [92m229 / 800[0m
step: [92m230 / 800[0m
step: [92m231 / 800[0m
step: [92m232 / 800[0m
step: [92m233 / 800[0m
step: [92m234 / 800[0m
step: [92m235 / 800[0m
step: [92m236 / 800[0m
step: [92m237 / 800[0m
step: [92m238 / 800[0m
step: [92m239 / 800[0m
step: [92m240 / 800[0m
step: [92m241 / 800[0m
step: [92m242 / 800[0m
step: [92m243 / 800[0m
step: [92m244 / 800[0m
step: [92m245 / 800[0m
step: [92m246 / 800[0m
step: [92m247 / 800[0m
step: [92m248 / 800[0m
step: [92m249 / 800[0m
step: [92m250 / 800[0m
step: [92m251 / 800[0m
step: [92m252 / 800[0m
step: [92m253 / 800[0m
step: [92m254 / 800[0m
step: [92m255 / 800[0m
step: [92m256 / 800[0m
step: [92m257 / 800[0m
step: [92m258 / 800[0m
step: [92m259 / 800[0m
step: [92m260 / 800[0m
step: [92m261 / 800[0m
step: [92m262 / 800[0m
step: [92m263 / 800[0m
step: [92m264 / 800[0m
step: [92m265 / 800[0m
step: [92m266 / 800[0m
step: [92m267 / 800[0m
step: [92m268 / 800[0m
step: [92m269 / 800[0m
step: [92m270 / 800[0m
step: [92m271 / 800[0m
step: [92m272 / 800[0m
step: [92m273 / 800[0m
step: [92m274 / 800[0m
step: [92m275 / 800[0m
step: [92m276 / 800[0m
step: [92m277 / 800[0m
step: [92m278 / 800[0m
step: [92m279 / 800[0m
step: [92m280 / 800[0m
step: [92m281 / 800[0m
step: [92m282 / 800[0m
step: [92m283 / 800[0m
step: [92m284 / 800[0m
step: [92m285 / 800[0m
[92mSuccess![0m
[93mhandover_block[0m | [94mopenwam2robotwin_interface[0m | [92mdemo_clean[0m | [91mexp3_official_smoke_unseen_clean[0m
Success rate: [96m1/1[0m => [95m100.0%[0m, current seed: [90m100000[0m

Data has been saved to eval_result/handover_block/openwam2robotwin_interface/demo_clean/exp3_official_smoke_unseen_clean/2026-09-25 13:33:13/_result.txt
[RESULT] handover_block: Success rate: [96m1/1[0m => [95m100.0%[0m, current seed: [90m100000[0m
[INFO] Finished task=handover_block
[INFO] Starting task=turn_switch
[INFO] SAPIEN EGL ICD: /root/data/miniconda3/envs/robotwin-openwam/lib/python3.10/site-packages/sapien/vulkan_library/10_nvidia.json
task_name    : turn_switch
task_config  : demo_clean
ckpt_setting : exp3_official_smoke_unseen_clean
server       : ws://127.0.0.1:8848
gpu          : 0
seed         : 0
[eval_policy_wrapper] RoboTwin commit=0aeea2d669c0 eval_policy.py sha256=8b16c766a9c40116
[eval_policy_wrapper] prewarmed CUDA/Curobo before SAPIEN import
[eval_policy_wrapper] patched warp.torch compatibility namespace
============= Config =============

[95mMessy Table:[0m False
[95mRandom Background:[0m False
[95mRandom Light:[0m False
[95mRandom Table Height:[0m 0
[95mRandom Head Camera Distance:[0m 0
[94mHead Camera Config:[0m D435, True
[94mWrist Camera Config:[0m D435, True
[94mEmbodiment Config:[0m aloha-agilex

==================================
missing pytorch3d
[OpenWAMClient] server=ws://127.0.0.1:8848 send_state=True state_dim=20 request_timeout=300s action_type=ee action_indices=None debug=False debug_dir=./debug_images
[OpenWAMClient] Server healthy at ws://127.0.0.1:8848
[eval_policy_wrapper] overriding RoboTwin eval test_num=1
[34mTask Name: turn_switch[0m
[34mPolicy Name: openwam2robotwin_interface[0m
step: [92m1 / 400[0m
step: [92m2 / 400[0m
step: [92m3 / 400[0m
step: [92m4 / 400[0m
step: [92m5 / 400[0m
step: [92m6 / 400[0m
step: [92m7 / 400[0m
step: [92m8 / 400[0m
step: [92m9 / 400[0m
step: [92m10 / 400[0m
step: [92m11 / 400[0m
step: [92m12 / 400[0m
step: [92m13 / 400[0m
step: [92m14 / 400[0m
step: [92m15 / 400[0m
step: [92m16 / 400[0m
step: [92m17 / 400[0m
step: [92m18 / 400[0m
step: [92m19 / 400[0m
step: [92m20 / 400[0m
step: [92m21 / 400[0m
step: [92m22 / 400[0m
step: [92m23 / 400[0m
step: [92m24 / 400[0m
step: [92m25 / 400[0m
step: [92m26 / 400[0m
step: [92m27 / 400[0m
step: [92m28 / 400[0m
step: [92m29 / 400[0m
step: [92m30 / 400[0m
step: [92m31 / 400[0m
step: [92m32 / 400[0m
step: [92m33 / 400[0m
step: [92m34 / 400[0m
step: [92m35 / 400[0m
step: [92m36 / 400[0m
step: [92m37 / 400[0m
step: [92m38 / 400[0m
step: [92m39 / 400[0m
step: [92m40 / 400[0m
step: [92m41 / 400[0m
step: [92m42 / 400[0m
step: [92m43 / 400[0m
step: [92m44 / 400[0m
step: [92m45 / 400[0m
step: [92m46 / 400[0m
step: [92m47 / 400[0m
step: [92m48 / 400[0m
step: [92m49 / 400[0m
step: [92m50 / 400[0m
step: [92m51 / 400[0m
step: [92m52 / 400[0m
step: [92m53 / 400[0m
step: [92m54 / 400[0m
step: [92m55 / 400[0m
step: [92m56 / 400[0m
step: [92m57 / 400[0m
step: [92m58 / 400[0m
step: [92m59 / 400[0m
step: [92m60 / 400[0m
step: [92m61 / 400[0m
step: [92m62 / 400[0m
step: [92m63 / 400[0m
[92mSuccess![0m
[93mturn_switch[0m | [94mopenwam2robotwin_interface[0m | [92mdemo_clean[0m | [91mexp3_official_smoke_unseen_clean[0m
Success rate: [96m1/1[0m => [95m100.0%[0m, current seed: [90m100000[0m

Data has been saved to eval_result/turn_switch/openwam2robotwin_interface/demo_clean/exp3_official_smoke_unseen_clean/2026-09-25 13:35:27/_result.txt
[RESULT] turn_switch: Success rate: [96m1/1[0m => [95m100.0%[0m, current seed: [90m100000[0m
[INFO] Finished task=turn_switch
[INFO] All tasks finished. Logs: /root/data/robot/experiment3/runs/20260925_unseen_smoke/openwam/official_smoke/unseen/raw_logs
