[INFO] mode=demo_randomized  name=exp3_official_smoke_unseen_randomized
[INFO] server=ws://127.0.0.1:8848  gpu=0
[INFO] ckpt_dir=/root/data/robot/OpenWAM/assets/openwam_ckpt/openwam_alpha/OpenWAM-Alpha-Sim-RoboTwin-Full
[INFO] logs=/root/data/robot/experiment3/runs/20260925_unseen_smoke/openwam/official_smoke/unseen/raw_logs
[INFO] tasks (10): adjust_bottle grab_roller place_container_plate move_pillbottle_pad move_can_pot open_microwave press_stapler stack_bowls_three handover_block turn_switch
[INFO] Starting task=adjust_bottle
[INFO] SAPIEN EGL ICD: /root/data/miniconda3/envs/robotwin-openwam/lib/python3.10/site-packages/sapien/vulkan_library/10_nvidia.json
task_name    : adjust_bottle
task_config  : demo_randomized
ckpt_setting : exp3_official_smoke_unseen_randomized
server       : ws://127.0.0.1:8848
gpu          : 0
seed         : 0
[eval_policy_wrapper] RoboTwin commit=0aeea2d669c0 eval_policy.py sha256=8b16c766a9c40116
[eval_policy_wrapper] prewarmed CUDA/Curobo before SAPIEN import
[eval_policy_wrapper] patched warp.torch compatibility namespace
============= Config =============

[95mMessy Table:[0m True
[95mRandom Background:[0m True
 - Clean Background Rate: 0.02
[95mRandom Light:[0m True
 - Crazy Random Light Rate: 0.02
[95mRandom Table Height:[0m 0.03
[95mRandom Head Camera Distance:[0m 0
[94mHead Camera Config:[0m D435, True
[94mWrist Camera Config:[0m D435, True
[94mEmbodiment Config:[0m aloha-agilex

==================================
missing pytorch3d
[OpenWAMClient] server=ws://127.0.0.1:8848 send_state=True state_dim=20 request_timeout=300s action_type=ee action_indices=None debug=False debug_dir=./debug_images
[OpenWAMClient] Server healthy at ws://127.0.0.1:8848
[eval_policy_wrapper] overriding RoboTwin eval test_num=1
[34mTask Name: adjust_bottle[0m
[34mPolicy Name: openwam2robotwin_interface[0m
step: [92m1 / 400[0m
step: [92m2 / 400[0m
step: [92m3 / 400[0m
step: [92m4 / 400[0m
step: [92m5 / 400[0m
step: [92m6 / 400[0m
step: [92m7 / 400[0m
step: [92m8 / 400[0m
step: [92m9 / 400[0m
step: [92m10 / 400[0m
step: [92m11 / 400[0m
step: [92m12 / 400[0m
step: [92m13 / 400[0m
step: [92m14 / 400[0m
step: [92m15 / 400[0m
step: [92m16 / 400[0m
step: [92m17 / 400[0m
step: [92m18 / 400[0m
step: [92m19 / 400[0m
step: [92m20 / 400[0m
step: [92m21 / 400[0m
step: [92m22 / 400[0m
step: [92m23 / 400[0m
step: [92m24 / 400[0m
step: [92m25 / 400[0m
step: [92m26 / 400[0m
step: [92m27 / 400[0m
step: [92m28 / 400[0m
step: [92m29 / 400[0m
step: [92m30 / 400[0m
step: [92m31 / 400[0m
step: [92m32 / 400[0m
step: [92m33 / 400[0m
step: [92m34 / 400[0m
step: [92m35 / 400[0m
step: [92m36 / 400[0m
step: [92m37 / 400[0m
step: [92m38 / 400[0m
step: [92m39 / 400[0m
step: [92m40 / 400[0m
step: [92m41 / 400[0m
step: [92m42 / 400[0m
step: [92m43 / 400[0m
step: [92m44 / 400[0m
step: [92m45 / 400[0m
step: [92m46 / 400[0m
step: [92m47 / 400[0m
step: [92m48 / 400[0m
step: [92m49 / 400[0m
step: [92m50 / 400[0m
step: [92m51 / 400[0m
step: [92m52 / 400[0m
step: [92m53 / 400[0m
step: [92m54 / 400[0m
step: [92m55 / 400[0m
step: [92m56 / 400[0m
step: [92m57 / 400[0m
step: [92m58 / 400[0m
step: [92m59 / 400[0m
step: [92m60 / 400[0m
step: [92m61 / 400[0m
step: [92m62 / 400[0m
step: [92m63 / 400[0m
step: [92m64 / 400[0m
step: [92m65 / 400[0m
step: [92m66 / 400[0m
step: [92m67 / 400[0m
step: [92m68 / 400[0m
step: [92m69 / 400[0m
step: [92m70 / 400[0m
step: [92m71 / 400[0m
step: [92m72 / 400[0m
step: [92m73 / 400[0m
step: [92m74 / 400[0m
step: [92m75 / 400[0m
step: [92m76 / 400[0m
step: [92m77 / 400[0m
step: [92m78 / 400[0m
step: [92m79 / 400[0m
step: [92m80 / 400[0m
step: [92m81 / 400[0m
step: [92m82 / 400[0m
step: [92m83 / 400[0m
step: [92m84 / 400[0m
step: [92m85 / 400[0m
step: [92m86 / 400[0m
step: [92m87 / 400[0m
step: [92m88 / 400[0m
step: [92m89 / 400[0m
step: [92m90 / 400[0m
step: [92m91 / 400[0m
step: [92m92 / 400[0m
step: [92m93 / 400[0m
step: [92m94 / 400[0m
step: [92m95 / 400[0m
step: [92m96 / 400[0m
step: [92m97 / 400[0m
step: [92m98 / 400[0m
step: [92m99 / 400[0m
step: [92m100 / 400[0m
step: [92m101 / 400[0m
step: [92m102 / 400[0m
step: [92m103 / 400[0m
step: [92m104 / 400[0m
step: [92m105 / 400[0m
step: [92m106 / 400[0m
step: [92m107 / 400[0m
step: [92m108 / 400[0m
step: [92m109 / 400[0m
step: [92m110 / 400[0m
step: [92m111 / 400[0m
step: [92m112 / 400[0m
step: [92m113 / 400[0m
step: [92m114 / 400[0m
step: [92m115 / 400[0m
step: [92m116 / 400[0m
step: [92m117 / 400[0m
step: [92m118 / 400[0m
step: [92m119 / 400[0m
[92mSuccess![0m
[93madjust_bottle[0m | [94mopenwam2robotwin_interface[0m | [92mdemo_randomized[0m | [91mexp3_official_smoke_unseen_randomized[0m
Success rate: [96m1/1[0m => [95m100.0%[0m, current seed: [90m100000[0m

Data has been saved to eval_result/adjust_bottle/openwam2robotwin_interface/demo_randomized/exp3_official_smoke_unseen_randomized/2026-09-25 13:36:33/_result.txt
[RESULT] adjust_bottle: Success rate: [96m1/1[0m => [95m100.0%[0m, current seed: [90m100000[0m
[INFO] Finished task=adjust_bottle
[INFO] Starting task=grab_roller
[INFO] SAPIEN EGL ICD: /root/data/miniconda3/envs/robotwin-openwam/lib/python3.10/site-packages/sapien/vulkan_library/10_nvidia.json
task_name    : grab_roller
task_config  : demo_randomized
ckpt_setting : exp3_official_smoke_unseen_randomized
server       : ws://127.0.0.1:8848
gpu          : 0
seed         : 0
[eval_policy_wrapper] RoboTwin commit=0aeea2d669c0 eval_policy.py sha256=8b16c766a9c40116
[eval_policy_wrapper] prewarmed CUDA/Curobo before SAPIEN import
[eval_policy_wrapper] patched warp.torch compatibility namespace
============= Config =============

[95mMessy Table:[0m True
[95mRandom Background:[0m True
 - Clean Background Rate: 0.02
[95mRandom Light:[0m True
 - Crazy Random Light Rate: 0.02
[95mRandom Table Height:[0m 0.03
[95mRandom Head Camera Distance:[0m 0
[94mHead Camera Config:[0m D435, True
[94mWrist Camera Config:[0m D435, True
[94mEmbodiment Config:[0m aloha-agilex

==================================
missing pytorch3d
[OpenWAMClient] server=ws://127.0.0.1:8848 send_state=True state_dim=20 request_timeout=300s action_type=ee action_indices=None debug=False debug_dir=./debug_images
[OpenWAMClient] Server healthy at ws://127.0.0.1:8848
[eval_policy_wrapper] overriding RoboTwin eval test_num=1
[34mTask Name: grab_roller[0m
[34mPolicy Name: openwam2robotwin_interface[0m
step: [92m1 / 400[0m
step: [92m2 / 400[0m
step: [92m3 / 400[0m
step: [92m4 / 400[0m
step: [92m5 / 400[0m
step: [92m6 / 400[0m
step: [92m7 / 400[0m
step: [92m8 / 400[0m
step: [92m9 / 400[0m
step: [92m10 / 400[0m
step: [92m11 / 400[0m
step: [92m12 / 400[0m
step: [92m13 / 400[0m
step: [92m14 / 400[0m
step: [92m15 / 400[0m
step: [92m16 / 400[0m
step: [92m17 / 400[0m
step: [92m18 / 400[0m
step: [92m19 / 400[0m
step: [92m20 / 400[0m
step: [92m21 / 400[0m
step: [92m22 / 400[0m
step: [92m23 / 400[0m
step: [92m24 / 400[0m
step: [92m25 / 400[0m
step: [92m26 / 400[0m
step: [92m27 / 400[0m
step: [92m28 / 400[0m
step: [92m29 / 400[0m
step: [92m30 / 400[0m
step: [92m31 / 400[0m
step: [92m32 / 400[0m
step: [92m33 / 400[0m
step: [92m34 / 400[0m
step: [92m35 / 400[0m
step: [92m36 / 400[0m
step: [92m37 / 400[0m
step: [92m38 / 400[0m
step: [92m39 / 400[0m
step: [92m40 / 400[0m
step: [92m41 / 400[0m
step: [92m42 / 400[0m
step: [92m43 / 400[0m
step: [92m44 / 400[0m
step: [92m45 / 400[0m
step: [92m46 / 400[0m
step: [92m47 / 400[0m
step: [92m48 / 400[0m
step: [92m49 / 400[0m
step: [92m50 / 400[0m
step: [92m51 / 400[0m
step: [92m52 / 400[0m
step: [92m53 / 400[0m
step: [92m54 / 400[0m
step: [92m55 / 400[0m
step: [92m56 / 400[0m
step: [92m57 / 400[0m
step: [92m58 / 400[0m
step: [92m59 / 400[0m
step: [92m60 / 400[0m
step: [92m61 / 400[0m
step: [92m62 / 400[0m
step: [92m63 / 400[0m
step: [92m64 / 400[0m
step: [92m65 / 400[0m
step: [92m66 / 400[0m
step: [92m67 / 400[0m
step: [92m68 / 400[0m
step: [92m69 / 400[0m
step: [92m70 / 400[0m
step: [92m71 / 400[0m
step: [92m72 / 400[0m
step: [92m73 / 400[0m
step: [92m74 / 400[0m
step: [92m75 / 400[0m
step: [92m76 / 400[0m
step: [92m77 / 400[0m
step: [92m78 / 400[0m
step: [92m79 / 400[0m
step: [92m80 / 400[0m
step: [92m81 / 400[0m
step: [92m82 / 400[0m
step: [92m83 / 400[0m
step: [92m84 / 400[0m
step: [92m85 / 400[0m
step: [92m86 / 400[0m
step: [92m87 / 400[0m
step: [92m88 / 400[0m
[92mSuccess![0m
[93mgrab_roller[0m | [94mopenwam2robotwin_interface[0m | [92mdemo_randomized[0m | [91mexp3_official_smoke_unseen_randomized[0m
Success rate: [96m1/1[0m => [95m100.0%[0m, current seed: [90m100000[0m

Data has been saved to eval_result/grab_roller/openwam2robotwin_interface/demo_randomized/exp3_official_smoke_unseen_randomized/2026-09-25 13:38:08/_result.txt
[RESULT] grab_roller: Success rate: [96m1/1[0m => [95m100.0%[0m, current seed: [90m100000[0m
[INFO] Finished task=grab_roller
[INFO] Starting task=place_container_plate
[INFO] SAPIEN EGL ICD: /root/data/miniconda3/envs/robotwin-openwam/lib/python3.10/site-packages/sapien/vulkan_library/10_nvidia.json
task_name    : place_container_plate
task_config  : demo_randomized
ckpt_setting : exp3_official_smoke_unseen_randomized
server       : ws://127.0.0.1:8848
gpu          : 0
seed         : 0
[eval_policy_wrapper] RoboTwin commit=0aeea2d669c0 eval_policy.py sha256=8b16c766a9c40116
[eval_policy_wrapper] prewarmed CUDA/Curobo before SAPIEN import
[eval_policy_wrapper] patched warp.torch compatibility namespace
============= Config =============

[95mMessy Table:[0m True
[95mRandom Background:[0m True
 - Clean Background Rate: 0.02
[95mRandom Light:[0m True
 - Crazy Random Light Rate: 0.02
[95mRandom Table Height:[0m 0.03
[95mRandom Head Camera Distance:[0m 0
[94mHead Camera Config:[0m D435, True
[94mWrist Camera Config:[0m D435, True
[94mEmbodiment Config:[0m aloha-agilex

==================================
missing pytorch3d
[OpenWAMClient] server=ws://127.0.0.1:8848 send_state=True state_dim=20 request_timeout=300s action_type=ee action_indices=None debug=False debug_dir=./debug_images
[OpenWAMClient] Server healthy at ws://127.0.0.1:8848
[eval_policy_wrapper] overriding RoboTwin eval test_num=1
[34mTask Name: place_container_plate[0m
[34mPolicy Name: openwam2robotwin_interface[0m
step: [92m1 / 400[0m
step: [92m2 / 400[0m
step: [92m3 / 400[0m
step: [92m4 / 400[0m
step: [92m5 / 400[0m
step: [92m6 / 400[0m
step: [92m7 / 400[0m
step: [92m8 / 400[0m
step: [92m9 / 400[0m
step: [92m10 / 400[0m
step: [92m11 / 400[0m
step: [92m12 / 400[0m
step: [92m13 / 400[0m
step: [92m14 / 400[0m
step: [92m15 / 400[0m
step: [92m16 / 400[0m
step: [92m17 / 400[0m
step: [92m18 / 400[0m
step: [92m19 / 400[0m
step: [92m20 / 400[0m
step: [92m21 / 400[0m
step: [92m22 / 400[0m
step: [92m23 / 400[0m
step: [92m24 / 400[0m
step: [92m25 / 400[0m
step: [92m26 / 400[0m
step: [92m27 / 400[0m
step: [92m28 / 400[0m
step: [92m29 / 400[0m
step: [92m30 / 400[0m
step: [92m31 / 400[0m
step: [92m32 / 400[0m
step: [92m33 / 400[0m
step: [92m34 / 400[0m
step: [92m35 / 400[0m
step: [92m36 / 400[0m
step: [92m37 / 400[0m
step: [92m38 / 400[0m
step: [92m39 / 400[0m
step: [92m40 / 400[0m
step: [92m41 / 400[0m
step: [92m42 / 400[0m
step: [92m43 / 400[0m
step: [92m44 / 400[0m
step: [92m45 / 400[0m
step: [92m46 / 400[0m
step: [92m47 / 400[0m
step: [92m48 / 400[0m
step: [92m49 / 400[0m
step: [92m50 / 400[0m
step: [92m51 / 400[0m
step: [92m52 / 400[0m
step: [92m53 / 400[0m
step: [92m54 / 400[0m
step: [92m55 / 400[0m
step: [92m56 / 400[0m
step: [92m57 / 400[0m
step: [92m58 / 400[0m
step: [92m59 / 400[0m
step: [92m60 / 400[0m
step: [92m61 / 400[0m
step: [92m62 / 400[0m
step: [92m63 / 400[0m
step: [92m64 / 400[0m
step: [92m65 / 400[0m
step: [92m66 / 400[0m
step: [92m67 / 400[0m
step: [92m68 / 400[0m
step: [92m69 / 400[0m
step: [92m70 / 400[0m
step: [92m71 / 400[0m
step: [92m72 / 400[0m
step: [92m73 / 400[0m
step: [92m74 / 400[0m
step: [92m75 / 400[0m
step: [92m76 / 400[0m
step: [92m77 / 400[0m
step: [92m78 / 400[0m
step: [92m79 / 400[0m
step: [92m80 / 400[0m
step: [92m81 / 400[0m
step: [92m82 / 400[0m
step: [92m83 / 400[0m
step: [92m84 / 400[0m
step: [92m85 / 400[0m
step: [92m86 / 400[0m
step: [92m87 / 400[0m
step: [92m88 / 400[0m
step: [92m89 / 400[0m
step: [92m90 / 400[0m
step: [92m91 / 400[0m
step: [92m92 / 400[0m
step: [92m93 / 400[0m
step: [92m94 / 400[0m
step: [92m95 / 400[0m
step: [92m96 / 400[0m
step: [92m97 / 400[0m
step: [92m98 / 400[0m
step: [92m99 / 400[0m
step: [92m100 / 400[0m
step: [92m101 / 400[0m
step: [92m102 / 400[0m
step: [92m103 / 400[0m
step: [92m104 / 400[0m
step: [92m105 / 400[0m
step: [92m106 / 400[0m
step: [92m107 / 400[0m
step: [92m108 / 400[0m
step: [92m109 / 400[0m
step: [92m110 / 400[0m
step: [92m111 / 400[0m
step: [92m112 / 400[0m
step: [92m113 / 400[0m
step: [92m114 / 400[0m
step: [92m115 / 400[0m
step: [92m116 / 400[0m
step: [92m117 / 400[0m
step: [92m118 / 400[0m
step: [92m119 / 400[0m
step: [92m120 / 400[0m
[92mSuccess![0m
[93mplace_container_plate[0m | [94mopenwam2robotwin_interface[0m | [92mdemo_randomized[0m | [91mexp3_official_smoke_unseen_randomized[0m
Success rate: [96m1/1[0m => [95m100.0%[0m, current seed: [90m100000[0m

Data has been saved to eval_result/place_container_plate/openwam2robotwin_interface/demo_randomized/exp3_official_smoke_unseen_randomized/2026-09-25 13:39:29/_result.txt
[RESULT] place_container_plate: Success rate: [96m1/1[0m => [95m100.0%[0m, current seed: [90m100000[0m
[INFO] Finished task=place_container_plate
[INFO] Starting task=move_pillbottle_pad
[INFO] SAPIEN EGL ICD: /root/data/miniconda3/envs/robotwin-openwam/lib/python3.10/site-packages/sapien/vulkan_library/10_nvidia.json
task_name    : move_pillbottle_pad
task_config  : demo_randomized
ckpt_setting : exp3_official_smoke_unseen_randomized
server       : ws://127.0.0.1:8848
gpu          : 0
seed         : 0
[eval_policy_wrapper] RoboTwin commit=0aeea2d669c0 eval_policy.py sha256=8b16c766a9c40116
[eval_policy_wrapper] prewarmed CUDA/Curobo before SAPIEN import
[eval_policy_wrapper] patched warp.torch compatibility namespace
============= Config =============

[95mMessy Table:[0m True
[95mRandom Background:[0m True
 - Clean Background Rate: 0.02
[95mRandom Light:[0m True
 - Crazy Random Light Rate: 0.02
[95mRandom Table Height:[0m 0.03
[95mRandom Head Camera Distance:[0m 0
[94mHead Camera Config:[0m D435, True
[94mWrist Camera Config:[0m D435, True
[94mEmbodiment Config:[0m aloha-agilex

==================================
missing pytorch3d
[OpenWAMClient] server=ws://127.0.0.1:8848 send_state=True state_dim=20 request_timeout=300s action_type=ee action_indices=None debug=False debug_dir=./debug_images
[OpenWAMClient] Server healthy at ws://127.0.0.1:8848
[eval_policy_wrapper] overriding RoboTwin eval test_num=1
[34mTask Name: move_pillbottle_pad[0m
[34mPolicy Name: openwam2robotwin_interface[0m
step: [92m1 / 400[0m
step: [92m2 / 400[0m
step: [92m3 / 400[0m
step: [92m4 / 400[0m
step: [92m5 / 400[0m
step: [92m6 / 400[0m
step: [92m7 / 400[0m
step: [92m8 / 400[0m
step: [92m9 / 400[0m
step: [92m10 / 400[0m
step: [92m11 / 400[0m
step: [92m12 / 400[0m
step: [92m13 / 400[0m
step: [92m14 / 400[0m
step: [92m15 / 400[0m
step: [92m16 / 400[0m
step: [92m17 / 400[0m
step: [92m18 / 400[0m
step: [92m19 / 400[0m
step: [92m20 / 400[0m
step: [92m21 / 400[0m
step: [92m22 / 400[0m
step: [92m23 / 400[0m
step: [92m24 / 400[0m
step: [92m25 / 400[0m
step: [92m26 / 400[0m
step: [92m27 / 400[0m
step: [92m28 / 400[0m
step: [92m29 / 400[0m
step: [92m30 / 400[0m
step: [92m31 / 400[0m
step: [92m32 / 400[0m
step: [92m33 / 400[0m
step: [92m34 / 400[0m
step: [92m35 / 400[0m
step: [92m36 / 400[0m
step: [92m37 / 400[0m
step: [92m38 / 400[0m
step: [92m39 / 400[0m
step: [92m40 / 400[0m
step: [92m41 / 400[0m
step: [92m42 / 400[0m
step: [92m43 / 400[0m
step: [92m44 / 400[0m
step: [92m45 / 400[0m
step: [92m46 / 400[0m
step: [92m47 / 400[0m
step: [92m48 / 400[0m
step: [92m49 / 400[0m
step: [92m50 / 400[0m
step: [92m51 / 400[0m
step: [92m52 / 400[0m
step: [92m53 / 400[0m
step: [92m54 / 400[0m
step: [92m55 / 400[0m
step: [92m56 / 400[0m
step: [92m57 / 400[0m
step: [92m58 / 400[0m
step: [92m59 / 400[0m
step: [92m60 / 400[0m
step: [92m61 / 400[0m
step: [92m62 / 400[0m
step: [92m63 / 400[0m
step: [92m64 / 400[0m
step: [92m65 / 400[0m
step: [92m66 / 400[0m
step: [92m67 / 400[0m
step: [92m68 / 400[0m
step: [92m69 / 400[0m
step: [92m70 / 400[0m
step: [92m71 / 400[0m
step: [92m72 / 400[0m
step: [92m73 / 400[0m
step: [92m74 / 400[0m
step: [92m75 / 400[0m
step: [92m76 / 400[0m
step: [92m77 / 400[0m
step: [92m78 / 400[0m
step: [92m79 / 400[0m
step: [92m80 / 400[0m
step: [92m81 / 400[0m
step: [92m82 / 400[0m
step: [92m83 / 400[0m
step: [92m84 / 400[0m
step: [92m85 / 400[0m
step: [92m86 / 400[0m
step: [92m87 / 400[0m
step: [92m88 / 400[0m
step: [92m89 / 400[0m
step: [92m90 / 400[0m
step: [92m91 / 400[0m
step: [92m92 / 400[0m
step: [92m93 / 400[0m
step: [92m94 / 400[0m
step: [92m95 / 400[0m
step: [92m96 / 400[0m
step: [92m97 / 400[0m
step: [92m98 / 400[0m
step: [92m99 / 400[0m
step: [92m100 / 400[0m
step: [92m101 / 400[0m
step: [92m102 / 400[0m
step: [92m103 / 400[0m
step: [92m104 / 400[0m
step: [92m105 / 400[0m
step: [92m106 / 400[0m
step: [92m107 / 400[0m
step: [92m108 / 400[0m
step: [92m109 / 400[0m
step: [92m110 / 400[0m
step: [92m111 / 400[0m
step: [92m112 / 400[0m
step: [92m113 / 400[0m
step: [92m114 / 400[0m
step: [92m115 / 400[0m
step: [92m116 / 400[0m
step: [92m117 / 400[0m
step: [92m118 / 400[0m
step: [92m119 / 400[0m
step: [92m120 / 400[0m
step: [92m121 / 400[0m
step: [92m122 / 400[0m
step: [92m123 / 400[0m
step: [92m124 / 400[0m
step: [92m125 / 400[0m
step: [92m126 / 400[0m
step: [92m127 / 400[0m
[92mSuccess![0m
[93mmove_pillbottle_pad[0m | [94mopenwam2robotwin_interface[0m | [92mdemo_randomized[0m | [91mexp3_official_smoke_unseen_randomized[0m
Success rate: [96m1/1[0m => [95m100.0%[0m, current seed: [90m100001[0m

Data has been saved to eval_result/move_pillbottle_pad/openwam2robotwin_interface/demo_randomized/exp3_official_smoke_unseen_randomized/2026-09-25 13:41:00/_result.txt
[RESULT] move_pillbottle_pad: Success rate: [96m1/1[0m => [95m100.0%[0m, current seed: [90m100001[0m
[INFO] Finished task=move_pillbottle_pad
[INFO] Starting task=move_can_pot
[INFO] SAPIEN EGL ICD: /root/data/miniconda3/envs/robotwin-openwam/lib/python3.10/site-packages/sapien/vulkan_library/10_nvidia.json
task_name    : move_can_pot
task_config  : demo_randomized
ckpt_setting : exp3_official_smoke_unseen_randomized
server       : ws://127.0.0.1:8848
gpu          : 0
seed         : 0
[eval_policy_wrapper] RoboTwin commit=0aeea2d669c0 eval_policy.py sha256=8b16c766a9c40116
[eval_policy_wrapper] prewarmed CUDA/Curobo before SAPIEN import
[eval_policy_wrapper] patched warp.torch compatibility namespace
============= Config =============

[95mMessy Table:[0m True
[95mRandom Background:[0m True
 - Clean Background Rate: 0.02
[95mRandom Light:[0m True
 - Crazy Random Light Rate: 0.02
[95mRandom Table Height:[0m 0.03
[95mRandom Head Camera Distance:[0m 0
[94mHead Camera Config:[0m D435, True
[94mWrist Camera Config:[0m D435, True
[94mEmbodiment Config:[0m aloha-agilex

==================================
missing pytorch3d
[OpenWAMClient] server=ws://127.0.0.1:8848 send_state=True state_dim=20 request_timeout=300s action_type=ee action_indices=None debug=False debug_dir=./debug_images
[OpenWAMClient] Server healthy at ws://127.0.0.1:8848
[eval_policy_wrapper] overriding RoboTwin eval test_num=1
[34mTask Name: move_can_pot[0m
[34mPolicy Name: openwam2robotwin_interface[0m
step: [92m1 / 400[0m
step: [92m2 / 400[0m
step: [92m3 / 400[0m
step: [92m4 / 400[0m
step: [92m5 / 400[0m
step: [92m6 / 400[0m
step: [92m7 / 400[0m
step: [92m8 / 400[0m
step: [92m9 / 400[0m
step: [92m10 / 400[0m
step: [92m11 / 400[0m
step: [92m12 / 400[0m
step: [92m13 / 400[0m
step: [92m14 / 400[0m
step: [92m15 / 400[0m
step: [92m16 / 400[0m
step: [92m17 / 400[0m
step: [92m18 / 400[0m
step: [92m19 / 400[0m
step: [92m20 / 400[0m
step: [92m21 / 400[0m
step: [92m22 / 400[0m
step: [92m23 / 400[0m
step: [92m24 / 400[0m
step: [92m25 / 400[0m
step: [92m26 / 400[0m
step: [92m27 / 400[0m
step: [92m28 / 400[0m
step: [92m29 / 400[0m
step: [92m30 / 400[0m
step: [92m31 / 400[0m
step: [92m32 / 400[0m
step: [92m33 / 400[0m
step: [92m34 / 400[0m
step: [92m35 / 400[0m
step: [92m36 / 400[0m
step: [92m37 / 400[0m
step: [92m38 / 400[0m
step: [92m39 / 400[0m
step: [92m40 / 400[0m
step: [92m41 / 400[0m
step: [92m42 / 400[0m
step: [92m43 / 400[0m
step: [92m44 / 400[0m
step: [92m45 / 400[0m
step: [92m46 / 400[0m
step: [92m47 / 400[0m
step: [92m48 / 400[0m
step: [92m49 / 400[0m
step: [92m50 / 400[0m
step: [92m51 / 400[0m
step: [92m52 / 400[0m
step: [92m53 / 400[0m
step: [92m54 / 400[0m
step: [92m55 / 400[0m
step: [92m56 / 400[0m
step: [92m57 / 400[0m
step: [92m58 / 400[0m
step: [92m59 / 400[0m
step: [92m60 / 400[0m
step: [92m61 / 400[0m
step: [92m62 / 400[0m
step: [92m63 / 400[0m
step: [92m64 / 400[0m
step: [92m65 / 400[0m
step: [92m66 / 400[0m
step: [92m67 / 400[0m
step: [92m68 / 400[0m
step: [92m69 / 400[0m
step: [92m70 / 400[0m
step: [92m71 / 400[0m
step: [92m72 / 400[0m
step: [92m73 / 400[0m
step: [92m74 / 400[0m
step: [92m75 / 400[0m
step: [92m76 / 400[0m
step: [92m77 / 400[0m
step: [92m78 / 400[0m
step: [92m79 / 400[0m
step: [92m80 / 400[0m
step: [92m81 / 400[0m
step: [92m82 / 400[0m
step: [92m83 / 400[0m
step: [92m84 / 400[0m
step: [92m85 / 400[0m
step: [92m86 / 400[0m
step: [92m87 / 400[0m
step: [92m88 / 400[0m
step: [92m89 / 400[0m
step: [92m90 / 400[0m
step: [92m91 / 400[0m
step: [92m92 / 400[0m
step: [92m93 / 400[0m
step: [92m94 / 400[0m
step: [92m95 / 400[0m
step: [92m96 / 400[0m
step: [92m97 / 400[0m
step: [92m98 / 400[0m
step: [92m99 / 400[0m
step: [92m100 / 400[0m
step: [92m101 / 400[0m
step: [92m102 / 400[0m
step: [92m103 / 400[0m
step: [92m104 / 400[0m
step: [92m105 / 400[0m
step: [92m106 / 400[0m
step: [92m107 / 400[0m
step: [92m108 / 400[0m
step: [92m109 / 400[0m
step: [92m110 / 400[0m
step: [92m111 / 400[0m
step: [92m112 / 400[0m
step: [92m113 / 400[0m
step: [92m114 / 400[0m
step: [92m115 / 400[0m
step: [92m116 / 400[0m
step: [92m117 / 400[0m
step: [92m118 / 400[0m
step: [92m119 / 400[0m
step: [92m120 / 400[0m
step: [92m121 / 400[0m
step: [92m122 / 400[0m
step: [92m123 / 400[0m
step: [92m124 / 400[0m
step: [92m125 / 400[0m
step: [92m126 / 400[0m
step: [92m127 / 400[0m
step: [92m128 / 400[0m
step: [92m129 / 400[0m
step: [92m130 / 400[0m
step: [92m131 / 400[0m
step: [92m132 / 400[0m
step: [92m133 / 400[0m
step: [92m134 / 400[0m
step: [92m135 / 400[0m
step: [92m136 / 400[0m
step: [92m137 / 400[0m
step: [92m138 / 400[0m
step: [92m139 / 400[0m
step: [92m140 / 400[0m
step: [92m141 / 400[0m
step: [92m142 / 400[0m
step: [92m143 / 400[0m
step: [92m144 / 400[0m
step: [92m145 / 400[0m
[92mSuccess![0m
[93mmove_can_pot[0m | [94mopenwam2robotwin_interface[0m | [92mdemo_randomized[0m | [91mexp3_official_smoke_unseen_randomized[0m
Success rate: [96m1/1[0m => [95m100.0%[0m, current seed: [90m100000[0m

Data has been saved to eval_result/move_can_pot/openwam2robotwin_interface/demo_randomized/exp3_official_smoke_unseen_randomized/2026-09-25 13:42:47/_result.txt
[RESULT] move_can_pot: Success rate: [96m1/1[0m => [95m100.0%[0m, current seed: [90m100000[0m
[INFO] Finished task=move_can_pot
[INFO] Starting task=open_microwave
[INFO] SAPIEN EGL ICD: /root/data/miniconda3/envs/robotwin-openwam/lib/python3.10/site-packages/sapien/vulkan_library/10_nvidia.json
task_name    : open_microwave
task_config  : demo_randomized
ckpt_setting : exp3_official_smoke_unseen_randomized
server       : ws://127.0.0.1:8848
gpu          : 0
seed         : 0
[eval_policy_wrapper] RoboTwin commit=0aeea2d669c0 eval_policy.py sha256=8b16c766a9c40116
[eval_policy_wrapper] prewarmed CUDA/Curobo before SAPIEN import
[eval_policy_wrapper] patched warp.torch compatibility namespace
============= Config =============

[95mMessy Table:[0m True
[95mRandom Background:[0m True
 - Clean Background Rate: 0.02
[95mRandom Light:[0m True
 - Crazy Random Light Rate: 0.02
[95mRandom Table Height:[0m 0.03
[95mRandom Head Camera Distance:[0m 0
[94mHead Camera Config:[0m D435, True
[94mWrist Camera Config:[0m D435, True
[94mEmbodiment Config:[0m aloha-agilex

==================================
missing pytorch3d
[OpenWAMClient] server=ws://127.0.0.1:8848 send_state=True state_dim=20 request_timeout=300s action_type=ee action_indices=None debug=False debug_dir=./debug_images
[OpenWAMClient] Server healthy at ws://127.0.0.1:8848
[eval_policy_wrapper] overriding RoboTwin eval test_num=1
[34mTask Name: open_microwave[0m
[34mPolicy Name: openwam2robotwin_interface[0m
step: [92m1 / 1500[0m
step: [92m2 / 1500[0m
step: [92m3 / 1500[0m
step: [92m4 / 1500[0m
step: [92m5 / 1500[0m
step: [92m6 / 1500[0m
step: [92m7 / 1500[0m
step: [92m8 / 1500[0m
step: [92m9 / 1500[0m
step: [92m10 / 1500[0m
step: [92m11 / 1500[0m
step: [92m12 / 1500[0m
step: [92m13 / 1500[0m
step: [92m14 / 1500[0m
step: [92m15 / 1500[0m
step: [92m16 / 1500[0m
step: [92m17 / 1500[0m
step: [92m18 / 1500[0m
step: [92m19 / 1500[0m
step: [92m20 / 1500[0m
step: [92m21 / 1500[0m
step: [92m22 / 1500[0m
step: [92m23 / 1500[0m
step: [92m24 / 1500[0m
step: [92m25 / 1500[0m
step: [92m26 / 1500[0m
step: [92m27 / 1500[0m
step: [92m28 / 1500[0m
step: [92m29 / 1500[0m
step: [92m30 / 1500[0m
step: [92m31 / 1500[0m
step: [92m32 / 1500[0m
step: [92m33 / 1500[0m
step: [92m34 / 1500[0m
step: [92m35 / 1500[0m
step: [92m36 / 1500[0m
step: [92m37 / 1500[0m
step: [92m38 / 1500[0m
step: [92m39 / 1500[0m
step: [92m40 / 1500[0m
step: [92m41 / 1500[0m
step: [92m42 / 1500[0m
step: [92m43 / 1500[0m
step: [92m44 / 1500[0m
step: [92m45 / 1500[0m
step: [92m46 / 1500[0m
step: [92m47 / 1500[0m
step: [92m48 / 1500[0m
step: [92m49 / 1500[0m
step: [92m50 / 1500[0m
step: [92m51 / 1500[0m
step: [92m52 / 1500[0m
step: [92m53 / 1500[0m
step: [92m54 / 1500[0m
step: [92m55 / 1500[0m
step: [92m56 / 1500[0m
step: [92m57 / 1500[0m
step: [92m58 / 1500[0m
step: [92m59 / 1500[0m
step: [92m60 / 1500[0m
step: [92m61 / 1500[0m
step: [92m62 / 1500[0m
step: [92m63 / 1500[0m
step: [92m64 / 1500[0m
step: [92m65 / 1500[0m
step: [92m66 / 1500[0m
step: [92m67 / 1500[0m
step: [92m68 / 1500[0m
step: [92m69 / 1500[0m
step: [92m70 / 1500[0m
step: [92m71 / 1500[0m
step: [92m72 / 1500[0m
step: [92m73 / 1500[0m
step: [92m74 / 1500[0m
step: [92m75 / 1500[0m
step: [92m76 / 1500[0m
step: [92m77 / 1500[0m
step: [92m78 / 1500[0m
step: [92m79 / 1500[0m
step: [92m80 / 1500[0m
step: [92m81 / 1500[0m
step: [92m82 / 1500[0m
step: [92m83 / 1500[0m
step: [92m84 / 1500[0m
step: [92m85 / 1500[0m
step: [92m86 / 1500[0m
step: [92m87 / 1500[0m
step: [92m88 / 1500[0m
step: [92m89 / 1500[0m
step: [92m90 / 1500[0m
step: [92m91 / 1500[0m
step: [92m92 / 1500[0m
step: [92m93 / 1500[0m
step: [92m94 / 1500[0m
step: [92m95 / 1500[0m
step: [92m96 / 1500[0m
step: [92m97 / 1500[0m
step: [92m98 / 1500[0m
step: [92m99 / 1500[0m
step: [92m100 / 1500[0m
step: [92m101 / 1500[0m
step: [92m102 / 1500[0m
step: [92m103 / 1500[0m
step: [92m104 / 1500[0m
step: [92m105 / 1500[0m
step: [92m106 / 1500[0m
step: [92m107 / 1500[0m
step: [92m108 / 1500[0m
step: [92m109 / 1500[0m
step: [92m110 / 1500[0m
step: [92m111 / 1500[0m
step: [92m112 / 1500[0m
step: [92m113 / 1500[0m
step: [92m114 / 1500[0m
step: [92m115 / 1500[0m
step: [92m116 / 1500[0m
step: [92m117 / 1500[0m
step: [92m118 / 1500[0m
step: [92m119 / 1500[0m
step: [92m120 / 1500[0m
step: [92m121 / 1500[0m
step: [92m122 / 1500[0m
step: [92m123 / 1500[0m
step: [92m124 / 1500[0m
step: [92m125 / 1500[0m
step: [92m126 / 1500[0m
step: [92m127 / 1500[0m
step: [92m128 / 1500[0m
step: [92m129 / 1500[0m
step: [92m130 / 1500[0m
step: [92m131 / 1500[0m
step: [92m132 / 1500[0m
step: [92m133 / 1500[0m
step: [92m134 / 1500[0m
step: [92m135 / 1500[0m
step: [92m136 / 1500[0m
step: [92m137 / 1500[0m
step: [92m138 / 1500[0m
step: [92m139 / 1500[0m
step: [92m140 / 1500[0m
step: [92m141 / 1500[0m
step: [92m142 / 1500[0m
step: [92m143 / 1500[0m
step: [92m144 / 1500[0m
step: [92m145 / 1500[0m
step: [92m146 / 1500[0m
step: [92m147 / 1500[0m
step: [92m148 / 1500[0m
step: [92m149 / 1500[0m
step: [92m150 / 1500[0m
step: [92m151 / 1500[0m
step: [92m152 / 1500[0m
step: [92m153 / 1500[0m
step: [92m154 / 1500[0m
step: [92m155 / 1500[0m
step: [92m156 / 1500[0m
step: [92m157 / 1500[0m
step: [92m158 / 1500[0m
step: [92m159 / 1500[0m
step: [92m160 / 1500[0m
step: [92m161 / 1500[0m
step: [92m162 / 1500[0m
step: [92m163 / 1500[0m
step: [92m164 / 1500[0m
step: [92m165 / 1500[0m
step: [92m166 / 1500[0m
step: [92m167 / 1500[0m
step: [92m168 / 1500[0m
step: [92m169 / 1500[0m
step: [92m170 / 1500[0m
step: [92m171 / 1500[0m
step: [92m172 / 1500[0m
step: [92m173 / 1500[0m
step: [92m174 / 1500[0m
step: [92m175 / 1500[0m
step: [92m176 / 1500[0m
step: [92m177 / 1500[0m
step: [92m178 / 1500[0m
step: [92m179 / 1500[0m
step: [92m180 / 1500[0m
step: [92m181 / 1500[0m
step: [92m182 / 1500[0m
step: [92m183 / 1500[0m
step: [92m184 / 1500[0m
step: [92m185 / 1500[0m
step: [92m186 / 1500[0m
step: [92m187 / 1500[0m
step: [92m188 / 1500[0m
step: [92m189 / 1500[0m
step: [92m190 / 1500[0m
step: [92m191 / 1500[0m
step: [92m192 / 1500[0m
step: [92m193 / 1500[0m
step: [92m194 / 1500[0m
step: [92m195 / 1500[0m
step: [92m196 / 1500[0m
step: [92m197 / 1500[0m
step: [92m198 / 1500[0m
step: [92m199 / 1500[0m
step: [92m200 / 1500[0m
step: [92m201 / 1500[0m
step: [92m202 / 1500[0m
step: [92m203 / 1500[0m
step: [92m204 / 1500[0m
step: [92m205 / 1500[0m
step: [92m206 / 1500[0m
step: [92m207 / 1500[0m
step: [92m208 / 1500[0m
step: [92m209 / 1500[0m
step: [92m210 / 1500[0m
step: [92m211 / 1500[0m
step: [92m212 / 1500[0m
step: [92m213 / 1500[0m
step: [92m214 / 1500[0m
step: [92m215 / 1500[0m
step: [92m216 / 1500[0m
step: [92m217 / 1500[0m
step: [92m218 / 1500[0m
step: [92m219 / 1500[0m
step: [92m220 / 1500[0m
step: [92m221 / 1500[0m
step: [92m222 / 1500[0m
step: [92m223 / 1500[0m
step: [92m224 / 1500[0m
step: [92m225 / 1500[0m
step: [92m226 / 1500[0m
step: [92m227 / 1500[0m
step: [92m228 / 1500[0m
step: [92m229 / 1500[0m
step: [92m230 / 1500[0m
step: [92m231 / 1500[0m
step: [92m232 / 1500[0m
step: [92m233 / 1500[0m
step: [92m234 / 1500[0m
step: [92m235 / 1500[0m
step: [92m236 / 1500[0m
step: [92m237 / 1500[0m
step: [92m238 / 1500[0m
step: [92m239 / 1500[0m
step: [92m240 / 1500[0m
step: [92m241 / 1500[0m
step: [92m242 / 1500[0m
step: [92m243 / 1500[0m
step: [92m244 / 1500[0m
step: [92m245 / 1500[0m
step: [92m246 / 1500[0m
step: [92m247 / 1500[0m
step: [92m248 / 1500[0m
step: [92m249 / 1500[0m
step: [92m250 / 1500[0m
step: [92m251 / 1500[0m
step: [92m252 / 1500[0m
step: [92m253 / 1500[0m
step: [92m254 / 1500[0m
step: [92m255 / 1500[0m
step: [92m256 / 1500[0m
step: [92m257 / 1500[0m
step: [92m258 / 1500[0m
step: [92m259 / 1500[0m
step: [92m260 / 1500[0m
step: [92m261 / 1500[0m
step: [92m262 / 1500[0m
step: [92m263 / 1500[0m
step: [92m264 / 1500[0m
step: [92m265 / 1500[0m
step: [92m266 / 1500[0m
step: [92m267 / 1500[0m
step: [92m268 / 1500[0m
step: [92m269 / 1500[0m
step: [92m270 / 1500[0m
step: [92m271 / 1500[0m
step: [92m272 / 1500[0m
step: [92m273 / 1500[0m
step: [92m274 / 1500[0m
step: [92m275 / 1500[0m
step: [92m276 / 1500[0m
step: [92m277 / 1500[0m
step: [92m278 / 1500[0m
step: [92m279 / 1500[0m
step: [92m280 / 1500[0m
step: [92m281 / 1500[0m
step: [92m282 / 1500[0m
step: [92m283 / 1500[0m
step: [92m284 / 1500[0m
step: [92m285 / 1500[0m
step: [92m286 / 1500[0m
step: [92m287 / 1500[0m
step: [92m288 / 1500[0m
step: [92m289 / 1500[0m
step: [92m290 / 1500[0m
step: [92m291 / 1500[0m
step: [92m292 / 1500[0m
step: [92m293 / 1500[0m
step: [92m294 / 1500[0m
step: [92m295 / 1500[0m
step: [92m296 / 1500[0m
step: [92m297 / 1500[0m
step: [92m298 / 1500[0m
step: [92m299 / 1500[0m
step: [92m300 / 1500[0m
step: [92m301 / 1500[0m
step: [92m302 / 1500[0m
step: [92m303 / 1500[0m
step: [92m304 / 1500[0m
step: [92m305 / 1500[0m
step: [92m306 / 1500[0m
step: [92m307 / 1500[0m
step: [92m308 / 1500[0m
step: [92m309 / 1500[0m
step: [92m310 / 1500[0m
step: [92m311 / 1500[0m
step: [92m312 / 1500[0m
step: [92m313 / 1500[0m
step: [92m314 / 1500[0m
step: [92m315 / 1500[0m
step: [92m316 / 1500[0m
step: [92m317 / 1500[0m
step: [92m318 / 1500[0m
step: [92m319 / 1500[0m
step: [92m320 / 1500[0m
step: [92m321 / 1500[0m
step: [92m322 / 1500[0m
step: [92m323 / 1500[0m
step: [92m324 / 1500[0m
step: [92m325 / 1500[0m
step: [92m326 / 1500[0m
step: [92m327 / 1500[0m
step: [92m328 / 1500[0m
step: [92m329 / 1500[0m
step: [92m330 / 1500[0m
step: [92m331 / 1500[0m
step: [92m332 / 1500[0m
step: [92m333 / 1500[0m
step: [92m334 / 1500[0m
step: [92m335 / 1500[0m
step: [92m336 / 1500[0m
step: [92m337 / 1500[0m
step: [92m338 / 1500[0m
step: [92m339 / 1500[0m
step: [92m340 / 1500[0m
step: [92m341 / 1500[0m
step: [92m342 / 1500[0m
step: [92m343 / 1500[0m
step: [92m344 / 1500[0m
step: [92m345 / 1500[0m
step: [92m346 / 1500[0m
step: [92m347 / 1500[0m
step: [92m348 / 1500[0m
step: [92m349 / 1500[0m
step: [92m350 / 1500[0m
step: [92m351 / 1500[0m
step: [92m352 / 1500[0m
step: [92m353 / 1500[0m
step: [92m354 / 1500[0m
step: [92m355 / 1500[0m
step: [92m356 / 1500[0m
step: [92m357 / 1500[0m
step: [92m358 / 1500[0m
step: [92m359 / 1500[0m
step: [92m360 / 1500[0m
step: [92m361 / 1500[0m
step: [92m362 / 1500[0m
step: [92m363 / 1500[0m
step: [92m364 / 1500[0m
step: [92m365 / 1500[0m
step: [92m366 / 1500[0m
step: [92m367 / 1500[0m
step: [92m368 / 1500[0m
step: [92m369 / 1500[0m
step: [92m370 / 1500[0m
step: [92m371 / 1500[0m
step: [92m372 / 1500[0m
step: [92m373 / 1500[0m
step: [92m374 / 1500[0m
step: [92m375 / 1500[0m
step: [92m376 / 1500[0m
step: [92m377 / 1500[0m
step: [92m378 / 1500[0m
step: [92m379 / 1500[0m
step: [92m380 / 1500[0m
step: [92m381 / 1500[0m
step: [92m382 / 1500[0m
step: [92m383 / 1500[0m
step: [92m384 / 1500[0m
step: [92m385 / 1500[0m
[92mSuccess![0m
[93mopen_microwave[0m | [94mopenwam2robotwin_interface[0m | [92mdemo_randomized[0m | [91mexp3_official_smoke_unseen_randomized[0m
Success rate: [96m1/1[0m => [95m100.0%[0m, current seed: [90m100000[0m

Data has been saved to eval_result/open_microwave/openwam2robotwin_interface/demo_randomized/exp3_official_smoke_unseen_randomized/2026-09-25 13:44:32/_result.txt
[RESULT] open_microwave: Success rate: [96m1/1[0m => [95m100.0%[0m, current seed: [90m100000[0m
[INFO] Finished task=open_microwave
[INFO] Starting task=press_stapler
[INFO] SAPIEN EGL ICD: /root/data/miniconda3/envs/robotwin-openwam/lib/python3.10/site-packages/sapien/vulkan_library/10_nvidia.json
task_name    : press_stapler
task_config  : demo_randomized
ckpt_setting : exp3_official_smoke_unseen_randomized
server       : ws://127.0.0.1:8848
gpu          : 0
seed         : 0
[eval_policy_wrapper] RoboTwin commit=0aeea2d669c0 eval_policy.py sha256=8b16c766a9c40116
[eval_policy_wrapper] prewarmed CUDA/Curobo before SAPIEN import
[eval_policy_wrapper] patched warp.torch compatibility namespace
============= Config =============

[95mMessy Table:[0m True
[95mRandom Background:[0m True
 - Clean Background Rate: 0.02
[95mRandom Light:[0m True
 - Crazy Random Light Rate: 0.02
[95mRandom Table Height:[0m 0.03
[95mRandom Head Camera Distance:[0m 0
[94mHead Camera Config:[0m D435, True
[94mWrist Camera Config:[0m D435, True
[94mEmbodiment Config:[0m aloha-agilex

==================================
missing pytorch3d
[OpenWAMClient] server=ws://127.0.0.1:8848 send_state=True state_dim=20 request_timeout=300s action_type=ee action_indices=None debug=False debug_dir=./debug_images
[OpenWAMClient] Server healthy at ws://127.0.0.1:8848
[eval_policy_wrapper] overriding RoboTwin eval test_num=1
[34mTask Name: press_stapler[0m
[34mPolicy Name: openwam2robotwin_interface[0m
step: [92m1 / 400[0m
step: [92m2 / 400[0m
step: [92m3 / 400[0m
step: [92m4 / 400[0m
step: [92m5 / 400[0m
step: [92m6 / 400[0m
step: [92m7 / 400[0m
step: [92m8 / 400[0m
step: [92m9 / 400[0m
step: [92m10 / 400[0m
step: [92m11 / 400[0m
step: [92m12 / 400[0m
step: [92m13 / 400[0m
step: [92m14 / 400[0m
step: [92m15 / 400[0m
step: [92m16 / 400[0m
step: [92m17 / 400[0m
step: [92m18 / 400[0m
step: [92m19 / 400[0m
step: [92m20 / 400[0m
step: [92m21 / 400[0m
step: [92m22 / 400[0m
step: [92m23 / 400[0m
step: [92m24 / 400[0m
step: [92m25 / 400[0m
step: [92m26 / 400[0m
step: [92m27 / 400[0m
step: [92m28 / 400[0m
step: [92m29 / 400[0m
step: [92m30 / 400[0m
step: [92m31 / 400[0m
step: [92m32 / 400[0m
step: [92m33 / 400[0m
step: [92m34 / 400[0m
step: [92m35 / 400[0m
step: [92m36 / 400[0m
step: [92m37 / 400[0m
step: [92m38 / 400[0m
step: [92m39 / 400[0m
step: [92m40 / 400[0m
step: [92m41 / 400[0m
step: [92m42 / 400[0m
step: [92m43 / 400[0m
step: [92m44 / 400[0m
step: [92m45 / 400[0m
step: [92m46 / 400[0m
step: [92m47 / 400[0m
step: [92m48 / 400[0m
step: [92m49 / 400[0m
step: [92m50 / 400[0m
step: [92m51 / 400[0m
step: [92m52 / 400[0m
step: [92m53 / 400[0m
step: [92m54 / 400[0m
step: [92m55 / 400[0m
step: [92m56 / 400[0m
step: [92m57 / 400[0m
step: [92m58 / 400[0m
step: [92m59 / 400[0m
step: [92m60 / 400[0m
step: [92m61 / 400[0m
step: [92m62 / 400[0m
step: [92m63 / 400[0m
step: [92m64 / 400[0m
step: [92m65 / 400[0m
step: [92m66 / 400[0m
step: [92m67 / 400[0m
step: [92m68 / 400[0m
step: [92m69 / 400[0m
step: [92m70 / 400[0m
step: [92m71 / 400[0m
step: [92m72 / 400[0m
step: [92m73 / 400[0m
step: [92m74 / 400[0m
step: [92m75 / 400[0m
step: [92m76 / 400[0m
step: [92m77 / 400[0m
step: [92m78 / 400[0m
step: [92m79 / 400[0m
step: [92m80 / 400[0m
step: [92m81 / 400[0m
step: [92m82 / 400[0m
step: [92m83 / 400[0m
step: [92m84 / 400[0m
step: [92m85 / 400[0m
step: [92m86 / 400[0m
step: [92m87 / 400[0m
step: [92m88 / 400[0m
step: [92m89 / 400[0m
step: [92m90 / 400[0m
step: [92m91 / 400[0m
step: [92m92 / 400[0m
[92mSuccess![0m
[93mpress_stapler[0m | [94mopenwam2robotwin_interface[0m | [92mdemo_randomized[0m | [91mexp3_official_smoke_unseen_randomized[0m
Success rate: [96m1/1[0m => [95m100.0%[0m, current seed: [90m100000[0m

Data has been saved to eval_result/press_stapler/openwam2robotwin_interface/demo_randomized/exp3_official_smoke_unseen_randomized/2026-09-25 13:47:24/_result.txt
[RESULT] press_stapler: Success rate: [96m1/1[0m => [95m100.0%[0m, current seed: [90m100000[0m
[INFO] Finished task=press_stapler
[INFO] Starting task=stack_bowls_three
[INFO] SAPIEN EGL ICD: /root/data/miniconda3/envs/robotwin-openwam/lib/python3.10/site-packages/sapien/vulkan_library/10_nvidia.json
task_name    : stack_bowls_three
task_config  : demo_randomized
ckpt_setting : exp3_official_smoke_unseen_randomized
server       : ws://127.0.0.1:8848
gpu          : 0
seed         : 0
[eval_policy_wrapper] RoboTwin commit=0aeea2d669c0 eval_policy.py sha256=8b16c766a9c40116
[eval_policy_wrapper] prewarmed CUDA/Curobo before SAPIEN import
[eval_policy_wrapper] patched warp.torch compatibility namespace
============= Config =============

[95mMessy Table:[0m True
[95mRandom Background:[0m True
 - Clean Background Rate: 0.02
[95mRandom Light:[0m True
 - Crazy Random Light Rate: 0.02
[95mRandom Table Height:[0m 0.03
[95mRandom Head Camera Distance:[0m 0
[94mHead Camera Config:[0m D435, True
[94mWrist Camera Config:[0m D435, True
[94mEmbodiment Config:[0m aloha-agilex

==================================
missing pytorch3d
[OpenWAMClient] server=ws://127.0.0.1:8848 send_state=True state_dim=20 request_timeout=300s action_type=ee action_indices=None debug=False debug_dir=./debug_images
[OpenWAMClient] Server healthy at ws://127.0.0.1:8848
[eval_policy_wrapper] overriding RoboTwin eval test_num=1
[34mTask Name: stack_bowls_three[0m
[34mPolicy Name: openwam2robotwin_interface[0m
step: [92m1 / 1200[0m
step: [92m2 / 1200[0m
step: [92m3 / 1200[0m
step: [92m4 / 1200[0m
step: [92m5 / 1200[0m
step: [92m6 / 1200[0m
step: [92m7 / 1200[0m
step: [92m8 / 1200[0m
step: [92m9 / 1200[0m
step: [92m10 / 1200[0m
step: [92m11 / 1200[0m
step: [92m12 / 1200[0m
step: [92m13 / 1200[0m
step: [92m14 / 1200[0m
step: [92m15 / 1200[0m
step: [92m16 / 1200[0m
step: [92m17 / 1200[0m
step: [92m18 / 1200[0m
step: [92m19 / 1200[0m
step: [92m20 / 1200[0m
step: [92m21 / 1200[0m
step: [92m22 / 1200[0m
step: [92m23 / 1200[0m
step: [92m24 / 1200[0m
step: [92m25 / 1200[0m
step: [92m26 / 1200[0m
step: [92m27 / 1200[0m
step: [92m28 / 1200[0m
step: [92m29 / 1200[0m
step: [92m30 / 1200[0m
step: [92m31 / 1200[0m
step: [92m32 / 1200[0m
step: [92m33 / 1200[0m
step: [92m34 / 1200[0m
step: [92m35 / 1200[0m
step: [92m36 / 1200[0m
step: [92m37 / 1200[0m
step: [92m38 / 1200[0m
step: [92m39 / 1200[0m
step: [92m40 / 1200[0m
step: [92m41 / 1200[0m
step: [92m42 / 1200[0m
step: [92m43 / 1200[0m
step: [92m44 / 1200[0m
step: [92m45 / 1200[0m
step: [92m46 / 1200[0m
step: [92m47 / 1200[0m
step: [92m48 / 1200[0m
step: [92m49 / 1200[0m
step: [92m50 / 1200[0m
step: [92m51 / 1200[0m
step: [92m52 / 1200[0m
step: [92m53 / 1200[0m
step: [92m54 / 1200[0m
step: [92m55 / 1200[0m
step: [92m56 / 1200[0m
step: [92m57 / 1200[0m
step: [92m58 / 1200[0m
step: [92m59 / 1200[0m
step: [92m60 / 1200[0m
step: [92m61 / 1200[0m
step: [92m62 / 1200[0m
step: [92m63 / 1200[0m
step: [92m64 / 1200[0m
step: [92m65 / 1200[0m
step: [92m66 / 1200[0m
step: [92m67 / 1200[0m
step: [92m68 / 1200[0m
step: [92m69 / 1200[0m
step: [92m70 / 1200[0m
step: [92m71 / 1200[0m
step: [92m72 / 1200[0m
step: [92m73 / 1200[0m
step: [92m74 / 1200[0m
step: [92m75 / 1200[0m
step: [92m76 / 1200[0m
step: [92m77 / 1200[0m
step: [92m78 / 1200[0m
step: [92m79 / 1200[0m
step: [92m80 / 1200[0m
step: [92m81 / 1200[0m
step: [92m82 / 1200[0m
step: [92m83 / 1200[0m
step: [92m84 / 1200[0m
step: [92m85 / 1200[0m
step: [92m86 / 1200[0m
step: [92m87 / 1200[0m
step: [92m88 / 1200[0m
step: [92m89 / 1200[0m
step: [92m90 / 1200[0m
step: [92m91 / 1200[0m
step: [92m92 / 1200[0m
step: [92m93 / 1200[0m
step: [92m94 / 1200[0m
step: [92m95 / 1200[0m
step: [92m96 / 1200[0m
step: [92m97 / 1200[0m
step: [92m98 / 1200[0m
step: [92m99 / 1200[0m
step: [92m100 / 1200[0m
step: [92m101 / 1200[0m
step: [92m102 / 1200[0m
step: [92m103 / 1200[0m
step: [92m104 / 1200[0m
step: [92m105 / 1200[0m
step: [92m106 / 1200[0m
step: [92m107 / 1200[0m
step: [92m108 / 1200[0m
step: [92m109 / 1200[0m
step: [92m110 / 1200[0m
step: [92m111 / 1200[0m
step: [92m112 / 1200[0m
step: [92m113 / 1200[0m
step: [92m114 / 1200[0m
step: [92m115 / 1200[0m
step: [92m116 / 1200[0m
step: [92m117 / 1200[0m
step: [92m118 / 1200[0m
step: [92m119 / 1200[0m
step: [92m120 / 1200[0m
step: [92m121 / 1200[0m
step: [92m122 / 1200[0m
step: [92m123 / 1200[0m
step: [92m124 / 1200[0m
step: [92m125 / 1200[0m
step: [92m126 / 1200[0m
step: [92m127 / 1200[0m
step: [92m128 / 1200[0m
step: [92m129 / 1200[0m
step: [92m130 / 1200[0m
step: [92m131 / 1200[0m
step: [92m132 / 1200[0m
step: [92m133 / 1200[0m
step: [92m134 / 1200[0m
step: [92m135 / 1200[0m
step: [92m136 / 1200[0m
step: [92m137 / 1200[0m
step: [92m138 / 1200[0m
step: [92m139 / 1200[0m
step: [92m140 / 1200[0m
step: [92m141 / 1200[0m
step: [92m142 / 1200[0m
step: [92m143 / 1200[0m
step: [92m144 / 1200[0m
step: [92m145 / 1200[0m
step: [92m146 / 1200[0m
step: [92m147 / 1200[0m
step: [92m148 / 1200[0m
step: [92m149 / 1200[0m
step: [92m150 / 1200[0m
step: [92m151 / 1200[0m
step: [92m152 / 1200[0m
step: [92m153 / 1200[0m
step: [92m154 / 1200[0m
step: [92m155 / 1200[0m
step: [92m156 / 1200[0m
step: [92m157 / 1200[0m
step: [92m158 / 1200[0m
step: [92m159 / 1200[0m
step: [92m160 / 1200[0m
step: [92m161 / 1200[0m
step: [92m162 / 1200[0m
step: [92m163 / 1200[0m
step: [92m164 / 1200[0m
step: [92m165 / 1200[0m
step: [92m166 / 1200[0m
step: [92m167 / 1200[0m
step: [92m168 / 1200[0m
step: [92m169 / 1200[0m
step: [92m170 / 1200[0m
step: [92m171 / 1200[0m
step: [92m172 / 1200[0m
step: [92m173 / 1200[0m
step: [92m174 / 1200[0m
step: [92m175 / 1200[0m
step: [92m176 / 1200[0m
step: [92m177 / 1200[0m
step: [92m178 / 1200[0m
step: [92m179 / 1200[0m
step: [92m180 / 1200[0m
step: [92m181 / 1200[0m
step: [92m182 / 1200[0m
step: [92m183 / 1200[0m
step: [92m184 / 1200[0m
step: [92m185 / 1200[0m
step: [92m186 / 1200[0m
step: [92m187 / 1200[0m
step: [92m188 / 1200[0m
step: [92m189 / 1200[0m
step: [92m190 / 1200[0m
step: [92m191 / 1200[0m
step: [92m192 / 1200[0m
step: [92m193 / 1200[0m
step: [92m194 / 1200[0m
step: [92m195 / 1200[0m
step: [92m196 / 1200[0m
step: [92m197 / 1200[0m
step: [92m198 / 1200[0m
step: [92m199 / 1200[0m
step: [92m200 / 1200[0m
step: [92m201 / 1200[0m
step: [92m202 / 1200[0m
step: [92m203 / 1200[0m
step: [92m204 / 1200[0m
step: [92m205 / 1200[0m
step: [92m206 / 1200[0m
step: [92m207 / 1200[0m
step: [92m208 / 1200[0m
step: [92m209 / 1200[0m
step: [92m210 / 1200[0m
step: [92m211 / 1200[0m
step: [92m212 / 1200[0m
step: [92m213 / 1200[0m
step: [92m214 / 1200[0m
step: [92m215 / 1200[0m
step: [92m216 / 1200[0m
step: [92m217 / 1200[0m
step: [92m218 / 1200[0m
step: [92m219 / 1200[0m
step: [92m220 / 1200[0m
step: [92m221 / 1200[0m
step: [92m222 / 1200[0m
step: [92m223 / 1200[0m
step: [92m224 / 1200[0m
step: [92m225 / 1200[0m
step: [92m226 / 1200[0m
step: [92m227 / 1200[0m
step: [92m228 / 1200[0m
step: [92m229 / 1200[0m
step: [92m230 / 1200[0m
step: [92m231 / 1200[0m
step: [92m232 / 1200[0m
step: [92m233 / 1200[0m
step: [92m234 / 1200[0m
step: [92m235 / 1200[0m
step: [92m236 / 1200[0m
step: [92m237 / 1200[0m
step: [92m238 / 1200[0m
step: [92m239 / 1200[0m
step: [92m240 / 1200[0m
step: [92m241 / 1200[0m
step: [92m242 / 1200[0m
step: [92m243 / 1200[0m
step: [92m244 / 1200[0m
step: [92m245 / 1200[0m
step: [92m246 / 1200[0m
step: [92m247 / 1200[0m
step: [92m248 / 1200[0m
step: [92m249 / 1200[0m
step: [92m250 / 1200[0m
step: [92m251 / 1200[0m
step: [92m252 / 1200[0m
step: [92m253 / 1200[0m
step: [92m254 / 1200[0m
step: [92m255 / 1200[0m
step: [92m256 / 1200[0m
step: [92m257 / 1200[0m
step: [92m258 / 1200[0m
step: [92m259 / 1200[0m
step: [92m260 / 1200[0m
step: [92m261 / 1200[0m
step: [92m262 / 1200[0m
step: [92m263 / 1200[0m
step: [92m264 / 1200[0m
step: [92m265 / 1200[0m
step: [92m266 / 1200[0m
step: [92m267 / 1200[0m
step: [92m268 / 1200[0m
step: [92m269 / 1200[0m
step: [92m270 / 1200[0m
step: [92m271 / 1200[0m
step: [92m272 / 1200[0m
step: [92m273 / 1200[0m
step: [92m274 / 1200[0m
step: [92m275 / 1200[0m
step: [92m276 / 1200[0m
step: [92m277 / 1200[0m
step: [92m278 / 1200[0m
step: [92m279 / 1200[0m
step: [92m280 / 1200[0m
step: [92m281 / 1200[0m
step: [92m282 / 1200[0m
step: [92m283 / 1200[0m
step: [92m284 / 1200[0m
step: [92m285 / 1200[0m
step: [92m286 / 1200[0m
step: [92m287 / 1200[0m
step: [92m288 / 1200[0m
step: [92m289 / 1200[0m
step: [92m290 / 1200[0m
step: [92m291 / 1200[0m
step: [92m292 / 1200[0m
step: [92m293 / 1200[0m
step: [92m294 / 1200[0m
step: [92m295 / 1200[0m
step: [92m296 / 1200[0m
step: [92m297 / 1200[0m
step: [92m298 / 1200[0m
step: [92m299 / 1200[0m
step: [92m300 / 1200[0m
step: [92m301 / 1200[0m
step: [92m302 / 1200[0m
step: [92m303 / 1200[0m
step: [92m304 / 1200[0m
step: [92m305 / 1200[0m
step: [92m306 / 1200[0m
step: [92m307 / 1200[0m
step: [92m308 / 1200[0m
step: [92m309 / 1200[0m
step: [92m310 / 1200[0m
step: [92m311 / 1200[0m
step: [92m312 / 1200[0m
step: [92m313 / 1200[0m
step: [92m314 / 1200[0m
step: [92m315 / 1200[0m
step: [92m316 / 1200[0m
step: [92m317 / 1200[0m
step: [92m318 / 1200[0m
step: [92m319 / 1200[0m
step: [92m320 / 1200[0m
step: [92m321 / 1200[0m
step: [92m322 / 1200[0m
step: [92m323 / 1200[0m
step: [92m324 / 1200[0m
step: [92m325 / 1200[0m
step: [92m326 / 1200[0m
step: [92m327 / 1200[0m
step: [92m328 / 1200[0m
step: [92m329 / 1200[0m
step: [92m330 / 1200[0m
step: [92m331 / 1200[0m
step: [92m332 / 1200[0m
step: [92m333 / 1200[0m
step: [92m334 / 1200[0m
step: [92m335 / 1200[0m
step: [92m336 / 1200[0m
step: [92m337 / 1200[0m
step: [92m338 / 1200[0m
step: [92m339 / 1200[0m
step: [92m340 / 1200[0m
step: [92m341 / 1200[0m
step: [92m342 / 1200[0m
step: [92m343 / 1200[0m
step: [92m344 / 1200[0m
step: [92m345 / 1200[0m
step: [92m346 / 1200[0m
step: [92m347 / 1200[0m
step: [92m348 / 1200[0m
step: [92m349 / 1200[0m
step: [92m350 / 1200[0m
step: [92m351 / 1200[0m
step: [92m352 / 1200[0m
step: [92m353 / 1200[0m
step: [92m354 / 1200[0m
step: [92m355 / 1200[0m
step: [92m356 / 1200[0m
step: [92m357 / 1200[0m
step: [92m358 / 1200[0m
step: [92m359 / 1200[0m
step: [92m360 / 1200[0m
step: [92m361 / 1200[0m
step: [92m362 / 1200[0m
step: [92m363 / 1200[0m
step: [92m364 / 1200[0m
step: [92m365 / 1200[0m
step: [92m366 / 1200[0m
step: [92m367 / 1200[0m
step: [92m368 / 1200[0m
step: [92m369 / 1200[0m
step: [92m370 / 1200[0m
step: [92m371 / 1200[0m
step: [92m372 / 1200[0m
step: [92m373 / 1200[0m
step: [92m374 / 1200[0m
step: [92m375 / 1200[0m
step: [92m376 / 1200[0m
step: [92m377 / 1200[0m
step: [92m378 / 1200[0m
step: [92m379 / 1200[0m
step: [92m380 / 1200[0m
step: [92m381 / 1200[0m
step: [92m382 / 1200[0m
step: [92m383 / 1200[0m
step: [92m384 / 1200[0m
step: [92m385 / 1200[0m
step: [92m386 / 1200[0m
step: [92m387 / 1200[0m
step: [92m388 / 1200[0m
step: [92m389 / 1200[0m
step: [92m390 / 1200[0m
step: [92m391 / 1200[0m
step: [92m392 / 1200[0m
step: [92m393 / 1200[0m
step: [92m394 / 1200[0m
step: [92m395 / 1200[0m
step: [92m396 / 1200[0m
step: [92m397 / 1200[0m
step: [92m398 / 1200[0m
step: [92m399 / 1200[0m
step: [92m400 / 1200[0m
step: [92m401 / 1200[0m
step: [92m402 / 1200[0m
step: [92m403 / 1200[0m
step: [92m404 / 1200[0m
step: [92m405 / 1200[0m
step: [92m406 / 1200[0m
step: [92m407 / 1200[0m
step: [92m408 / 1200[0m
step: [92m409 / 1200[0m
step: [92m410 / 1200[0m
step: [92m411 / 1200[0m
step: [92m412 / 1200[0m
step: [92m413 / 1200[0m
step: [92m414 / 1200[0m
step: [92m415 / 1200[0m
step: [92m416 / 1200[0m
step: [92m417 / 1200[0m
step: [92m418 / 1200[0m
step: [92m419 / 1200[0m
step: [92m420 / 1200[0m
step: [92m421 / 1200[0m
step: [92m422 / 1200[0m
step: [92m423 / 1200[0m
step: [92m424 / 1200[0m
step: [92m425 / 1200[0m
step: [92m426 / 1200[0m
step: [92m427 / 1200[0m
step: [92m428 / 1200[0m
step: [92m429 / 1200[0m
step: [92m430 / 1200[0m
step: [92m431 / 1200[0m
step: [92m432 / 1200[0m
step: [92m433 / 1200[0m
step: [92m434 / 1200[0m
step: [92m435 / 1200[0m
step: [92m436 / 1200[0m
step: [92m437 / 1200[0m
step: [92m438 / 1200[0m
step: [92m439 / 1200[0m
step: [92m440 / 1200[0m
step: [92m441 / 1200[0m
step: [92m442 / 1200[0m
step: [92m443 / 1200[0m
step: [92m444 / 1200[0m
step: [92m445 / 1200[0m
step: [92m446 / 1200[0m
step: [92m447 / 1200[0m
[92mSuccess![0m
[93mstack_bowls_three[0m | [94mopenwam2robotwin_interface[0m | [92mdemo_randomized[0m | [91mexp3_official_smoke_unseen_randomized[0m
Success rate: [96m1/1[0m => [95m100.0%[0m, current seed: [90m100000[0m

Data has been saved to eval_result/stack_bowls_three/openwam2robotwin_interface/demo_randomized/exp3_official_smoke_unseen_randomized/2026-09-25 13:48:45/_result.txt
[RESULT] stack_bowls_three: Success rate: [96m1/1[0m => [95m100.0%[0m, current seed: [90m100000[0m
[INFO] Finished task=stack_bowls_three
[INFO] Starting task=handover_block
[INFO] SAPIEN EGL ICD: /root/data/miniconda3/envs/robotwin-openwam/lib/python3.10/site-packages/sapien/vulkan_library/10_nvidia.json
task_name    : handover_block
task_config  : demo_randomized
ckpt_setting : exp3_official_smoke_unseen_randomized
server       : ws://127.0.0.1:8848
gpu          : 0
seed         : 0
[eval_policy_wrapper] RoboTwin commit=0aeea2d669c0 eval_policy.py sha256=8b16c766a9c40116
[eval_policy_wrapper] prewarmed CUDA/Curobo before SAPIEN import
[eval_policy_wrapper] patched warp.torch compatibility namespace
============= Config =============

[95mMessy Table:[0m True
[95mRandom Background:[0m True
 - Clean Background Rate: 0.02
[95mRandom Light:[0m True
 - Crazy Random Light Rate: 0.02
[95mRandom Table Height:[0m 0.03
[95mRandom Head Camera Distance:[0m 0
[94mHead Camera Config:[0m D435, True
[94mWrist Camera Config:[0m D435, True
[94mEmbodiment Config:[0m aloha-agilex

==================================
missing pytorch3d
[OpenWAMClient] server=ws://127.0.0.1:8848 send_state=True state_dim=20 request_timeout=300s action_type=ee action_indices=None debug=False debug_dir=./debug_images
[OpenWAMClient] Server healthy at ws://127.0.0.1:8848
[eval_policy_wrapper] overriding RoboTwin eval test_num=1
[34mTask Name: handover_block[0m
[34mPolicy Name: openwam2robotwin_interface[0m
step: [92m1 / 800[0m
step: [92m2 / 800[0m
step: [92m3 / 800[0m
step: [92m4 / 800[0m
step: [92m5 / 800[0m
step: [92m6 / 800[0m
step: [92m7 / 800[0m
step: [92m8 / 800[0m
step: [92m9 / 800[0m
step: [92m10 / 800[0m
step: [92m11 / 800[0m
step: [92m12 / 800[0m
step: [92m13 / 800[0m
step: [92m14 / 800[0m
step: [92m15 / 800[0m
step: [92m16 / 800[0m
step: [92m17 / 800[0m
step: [92m18 / 800[0m
step: [92m19 / 800[0m
step: [92m20 / 800[0m
step: [92m21 / 800[0m
step: [92m22 / 800[0m
step: [92m23 / 800[0m
step: [92m24 / 800[0m
step: [92m25 / 800[0m
step: [92m26 / 800[0m
step: [92m27 / 800[0m
step: [92m28 / 800[0m
step: [92m29 / 800[0m
step: [92m30 / 800[0m
step: [92m31 / 800[0m
step: [92m32 / 800[0m
step: [92m33 / 800[0m
step: [92m34 / 800[0m
step: [92m35 / 800[0m
step: [92m36 / 800[0m
step: [92m37 / 800[0m
step: [92m38 / 800[0m
step: [92m39 / 800[0m
step: [92m40 / 800[0m
step: [92m41 / 800[0m
step: [92m42 / 800[0m
step: [92m43 / 800[0m
step: [92m44 / 800[0m
step: [92m45 / 800[0m
step: [92m46 / 800[0m
step: [92m47 / 800[0m
step: [92m48 / 800[0m
step: [92m49 / 800[0m
step: [92m50 / 800[0m
step: [92m51 / 800[0m
step: [92m52 / 800[0m
step: [92m53 / 800[0m
step: [92m54 / 800[0m
step: [92m55 / 800[0m
step: [92m56 / 800[0m
step: [92m57 / 800[0m
step: [92m58 / 800[0m
step: [92m59 / 800[0m
step: [92m60 / 800[0m
step: [92m61 / 800[0m
step: [92m62 / 800[0m
step: [92m63 / 800[0m
step: [92m64 / 800[0m
step: [92m65 / 800[0m
step: [92m66 / 800[0m
step: [92m67 / 800[0m
step: [92m68 / 800[0m
step: [92m69 / 800[0m
step: [92m70 / 800[0m
step: [92m71 / 800[0m
step: [92m72 / 800[0m
step: [92m73 / 800[0m
step: [92m74 / 800[0m
step: [92m75 / 800[0m
step: [92m76 / 800[0m
step: [92m77 / 800[0m
step: [92m78 / 800[0m
step: [92m79 / 800[0m
step: [92m80 / 800[0m
step: [92m81 / 800[0m
step: [92m82 / 800[0m
step: [92m83 / 800[0m
step: [92m84 / 800[0m
step: [92m85 / 800[0m
step: [92m86 / 800[0m
step: [92m87 / 800[0m
step: [92m88 / 800[0m
step: [92m89 / 800[0m
step: [92m90 / 800[0m
step: [92m91 / 800[0m
step: [92m92 / 800[0m
step: [92m93 / 800[0m
step: [92m94 / 800[0m
step: [92m95 / 800[0m
step: [92m96 / 800[0m
step: [92m97 / 800[0m
step: [92m98 / 800[0m
step: [92m99 / 800[0m
step: [92m100 / 800[0m
step: [92m101 / 800[0m
step: [92m102 / 800[0m
step: [92m103 / 800[0m
step: [92m104 / 800[0m
step: [92m105 / 800[0m
step: [92m106 / 800[0m
step: [92m107 / 800[0m
step: [92m108 / 800[0m
step: [92m109 / 800[0m
step: [92m110 / 800[0m
step: [92m111 / 800[0m
step: [92m112 / 800[0m
step: [92m113 / 800[0m
step: [92m114 / 800[0m
step: [92m115 / 800[0m
step: [92m116 / 800[0m
step: [92m117 / 800[0m
step: [92m118 / 800[0m
step: [92m119 / 800[0m
step: [92m120 / 800[0m
step: [92m121 / 800[0m
step: [92m122 / 800[0m
step: [92m123 / 800[0m
step: [92m124 / 800[0m
step: [92m125 / 800[0m
step: [92m126 / 800[0m
step: [92m127 / 800[0m
step: [92m128 / 800[0m
step: [92m129 / 800[0m
step: [92m130 / 800[0m
step: [92m131 / 800[0m
step: [92m132 / 800[0m
step: [92m133 / 800[0m
step: [92m134 / 800[0m
step: [92m135 / 800[0m
step: [92m136 / 800[0m
step: [92m137 / 800[0m
step: [92m138 / 800[0m
step: [92m139 / 800[0m
step: [92m140 / 800[0m
step: [92m141 / 800[0m
step: [92m142 / 800[0m
step: [92m143 / 800[0m
step: [92m144 / 800[0m
step: [92m145 / 800[0m
step: [92m146 / 800[0m
step: [92m147 / 800[0m
step: [92m148 / 800[0m
step: [92m149 / 800[0m
step: [92m150 / 800[0m
step: [92m151 / 800[0m
step: [92m152 / 800[0m
step: [92m153 / 800[0m
step: [92m154 / 800[0m
step: [92m155 / 800[0m
step: [92m156 / 800[0m
step: [92m157 / 800[0m
step: [92m158 / 800[0m
step: [92m159 / 800[0m
step: [92m160 / 800[0m
step: [92m161 / 800[0m
step: [92m162 / 800[0m
step: [92m163 / 800[0m
step: [92m164 / 800[0m
step: [92m165 / 800[0m
step: [92m166 / 800[0m
step: [92m167 / 800[0m
step: [92m168 / 800[0m
step: [92m169 / 800[0m
step: [92m170 / 800[0m
step: [92m171 / 800[0m
step: [92m172 / 800[0m
step: [92m173 / 800[0m
step: [92m174 / 800[0m
step: [92m175 / 800[0m
step: [92m176 / 800[0m
step: [92m177 / 800[0m
step: [92m178 / 800[0m
step: [92m179 / 800[0m
step: [92m180 / 800[0m
step: [92m181 / 800[0m
step: [92m182 / 800[0m
step: [92m183 / 800[0m
step: [92m184 / 800[0m
step: [92m185 / 800[0m
step: [92m186 / 800[0m
step: [92m187 / 800[0m
step: [92m188 / 800[0m
step: [92m189 / 800[0m
step: [92m190 / 800[0m
step: [92m191 / 800[0m
step: [92m192 / 800[0m
step: [92m193 / 800[0m
step: [92m194 / 800[0m
step: [92m195 / 800[0m
step: [92m196 / 800[0m
step: [92m197 / 800[0m
step: [92m198 / 800[0m
step: [92m199 / 800[0m
step: [92m200 / 800[0m
step: [92m201 / 800[0m
step: [92m202 / 800[0m
step: [92m203 / 800[0m
step: [92m204 / 800[0m
step: [92m205 / 800[0m
step: [92m206 / 800[0m
step: [92m207 / 800[0m
step: [92m208 / 800[0m
step: [92m209 / 800[0m
step: [92m210 / 800[0m
step: [92m211 / 800[0m
step: [92m212 / 800[0m
step: [92m213 / 800[0m
step: [92m214 / 800[0m
step: [92m215 / 800[0m
step: [92m216 / 800[0m
step: [92m217 / 800[0m
step: [92m218 / 800[0m
step: [92m219 / 800[0m
step: [92m220 / 800[0m
step: [92m221 / 800[0m
step: [92m222 / 800[0m
step: [92m223 / 800[0m
step: [92m224 / 800[0m
step: [92m225 / 800[0m
step: [92m226 / 800[0m
step: [92m227 / 800[0m
step: [92m228 / 800[0m
step: [92m229 / 800[0m
step: [92m230 / 800[0m
step: [92m231 / 800[0m
step: [92m232 / 800[0m
step: [92m233 / 800[0m
step: [92m234 / 800[0m
step: [92m235 / 800[0m
step: [92m236 / 800[0m
step: [92m237 / 800[0m
step: [92m238 / 800[0m
step: [92m239 / 800[0m
step: [92m240 / 800[0m
step: [92m241 / 800[0m
step: [92m242 / 800[0m
step: [92m243 / 800[0m
step: [92m244 / 800[0m
step: [92m245 / 800[0m
step: [92m246 / 800[0m
step: [92m247 / 800[0m
step: [92m248 / 800[0m
step: [92m249 / 800[0m
step: [92m250 / 800[0m
step: [92m251 / 800[0m
step: [92m252 / 800[0m
step: [92m253 / 800[0m
step: [92m254 / 800[0m
step: [92m255 / 800[0m
step: [92m256 / 800[0m
step: [92m257 / 800[0m
step: [92m258 / 800[0m
step: [92m259 / 800[0m
step: [92m260 / 800[0m
step: [92m261 / 800[0m
step: [92m262 / 800[0m
step: [92m263 / 800[0m
step: [92m264 / 800[0m
step: [92m265 / 800[0m
step: [92m266 / 800[0m
step: [92m267 / 800[0m
step: [92m268 / 800[0m
step: [92m269 / 800[0m
step: [92m270 / 800[0m
step: [92m271 / 800[0m
step: [92m272 / 800[0m
step: [92m273 / 800[0m
step: [92m274 / 800[0m
step: [92m275 / 800[0m
step: [92m276 / 800[0m
step: [92m277 / 800[0m
step: [92m278 / 800[0m
step: [92m279 / 800[0m
step: [92m280 / 800[0m
step: [92m281 / 800[0m
step: [92m282 / 800[0m
step: [92m283 / 800[0m
step: [92m284 / 800[0m
step: [92m285 / 800[0m
step: [92m286 / 800[0m
step: [92m287 / 800[0m
step: [92m288 / 800[0m
step: [92m289 / 800[0m
step: [92m290 / 800[0m
step: [92m291 / 800[0m
step: [92m292 / 800[0m
step: [92m293 / 800[0m
step: [92m294 / 800[0m
step: [92m295 / 800[0m
step: [92m296 / 800[0m
step: [92m297 / 800[0m
step: [92m298 / 800[0m
step: [92m299 / 800[0m
step: [92m300 / 800[0m
step: [92m301 / 800[0m
step: [92m302 / 800[0m
step: [92m303 / 800[0m
step: [92m304 / 800[0m
step: [92m305 / 800[0m
step: [92m306 / 800[0m
step: [92m307 / 800[0m
step: [92m308 / 800[0m
step: [92m309 / 800[0m
step: [92m310 / 800[0m
step: [92m311 / 800[0m
step: [92m312 / 800[0m
step: [92m313 / 800[0m
step: [92m314 / 800[0m
step: [92m315 / 800[0m
step: [92m316 / 800[0m
step: [92m317 / 800[0m
step: [92m318 / 800[0m
step: [92m319 / 800[0m
step: [92m320 / 800[0m
step: [92m321 / 800[0m
step: [92m322 / 800[0m
step: [92m323 / 800[0m
step: [92m324 / 800[0m
step: [92m325 / 800[0m
step: [92m326 / 800[0m
step: [92m327 / 800[0m
step: [92m328 / 800[0m
step: [92m329 / 800[0m
step: [92m330 / 800[0m
step: [92m331 / 800[0m
step: [92m332 / 800[0m
step: [92m333 / 800[0m
step: [92m334 / 800[0m
step: [92m335 / 800[0m
step: [92m336 / 800[0m
step: [92m337 / 800[0m
step: [92m338 / 800[0m
step: [92m339 / 800[0m
step: [92m340 / 800[0m
step: [92m341 / 800[0m
step: [92m342 / 800[0m
step: [92m343 / 800[0m
step: [92m344 / 800[0m
step: [92m345 / 800[0m
step: [92m346 / 800[0m
step: [92m347 / 800[0m
step: [92m348 / 800[0m
step: [92m349 / 800[0m
step: [92m350 / 800[0m
step: [92m351 / 800[0m
step: [92m352 / 800[0m
step: [92m353 / 800[0m
step: [92m354 / 800[0m
step: [92m355 / 800[0m
step: [92m356 / 800[0m
step: [92m357 / 800[0m
step: [92m358 / 800[0m
step: [92m359 / 800[0m
step: [92m360 / 800[0m
step: [92m361 / 800[0m
step: [92m362 / 800[0m
step: [92m363 / 800[0m
step: [92m364 / 800[0m
step: [92m365 / 800[0m
step: [92m366 / 800[0m
step: [92m367 / 800[0m
step: [92m368 / 800[0m
step: [92m369 / 800[0m
step: [92m370 / 800[0m
step: [92m371 / 800[0m
step: [92m372 / 800[0m
step: [92m373 / 800[0m
step: [92m374 / 800[0m
step: [92m375 / 800[0m
step: [92m376 / 800[0m
step: [92m377 / 800[0m
step: [92m378 / 800[0m
step: [92m379 / 800[0m
step: [92m380 / 800[0m
step: [92m381 / 800[0m
step: [92m382 / 800[0m
step: [92m383 / 800[0m
step: [92m384 / 800[0m
step: [92m385 / 800[0m
step: [92m386 / 800[0m
step: [92m387 / 800[0m
step: [92m388 / 800[0m
step: [92m389 / 800[0m
step: [92m390 / 800[0m
step: [92m391 / 800[0m
step: [92m392 / 800[0m
step: [92m393 / 800[0m
step: [92m394 / 800[0m
step: [92m395 / 800[0m
step: [92m396 / 800[0m
step: [92m397 / 800[0m
step: [92m398 / 800[0m
step: [92m399 / 800[0m
step: [92m400 / 800[0m
step: [92m401 / 800[0m
step: [92m402 / 800[0m
step: [92m403 / 800[0m
step: [92m404 / 800[0m
step: [92m405 / 800[0m
step: [92m406 / 800[0m
step: [92m407 / 800[0m
step: [92m408 / 800[0m
step: [92m409 / 800[0m
step: [92m410 / 800[0m
step: [92m411 / 800[0m
step: [92m412 / 800[0m
step: [92m413 / 800[0m
step: [92m414 / 800[0m
step: [92m415 / 800[0m
step: [92m416 / 800[0m
step: [92m417 / 800[0m
step: [92m418 / 800[0m
step: [92m419 / 800[0m
step: [92m420 / 800[0m
step: [92m421 / 800[0m
step: [92m422 / 800[0m
step: [92m423 / 800[0m
step: [92m424 / 800[0m
step: [92m425 / 800[0m
step: [92m426 / 800[0m
step: [92m427 / 800[0m
step: [92m428 / 800[0m
step: [92m429 / 800[0m
step: [92m430 / 800[0m
step: [92m431 / 800[0m
step: [92m432 / 800[0m
step: [92m433 / 800[0m
step: [92m434 / 800[0m
step: [92m435 / 800[0m
step: [92m436 / 800[0m
step: [92m437 / 800[0m
step: [92m438 / 800[0m
step: [92m439 / 800[0m
step: [92m440 / 800[0m
step: [92m441 / 800[0m
step: [92m442 / 800[0m
step: [92m443 / 800[0m
step: [92m444 / 800[0m
step: [92m445 / 800[0m
step: [92m446 / 800[0m
step: [92m447 / 800[0m
step: [92m448 / 800[0m
step: [92m449 / 800[0m
step: [92m450 / 800[0m
step: [92m451 / 800[0m
step: [92m452 / 800[0m
step: [92m453 / 800[0m
step: [92m454 / 800[0m
step: [92m455 / 800[0m
step: [92m456 / 800[0m
step: [92m457 / 800[0m
step: [92m458 / 800[0m
step: [92m459 / 800[0m
step: [92m460 / 800[0m
step: [92m461 / 800[0m
step: [92m462 / 800[0m
step: [92m463 / 800[0m
step: [92m464 / 800[0m
step: [92m465 / 800[0m
step: [92m466 / 800[0m
step: [92m467 / 800[0m
step: [92m468 / 800[0m
step: [92m469 / 800[0m
step: [92m470 / 800[0m
step: [92m471 / 800[0m
step: [92m472 / 800[0m
step: [92m473 / 800[0m
step: [92m474 / 800[0m
step: [92m475 / 800[0m
step: [92m476 / 800[0m
step: [92m477 / 800[0m
step: [92m478 / 800[0m
step: [92m479 / 800[0m
step: [92m480 / 800[0m
step: [92m481 / 800[0m
step: [92m482 / 800[0m
step: [92m483 / 800[0m
step: [92m484 / 800[0m
step: [92m485 / 800[0m
step: [92m486 / 800[0m
step: [92m487 / 800[0m
step: [92m488 / 800[0m
step: [92m489 / 800[0m
step: [92m490 / 800[0m
step: [92m491 / 800[0m
step: [92m492 / 800[0m
step: [92m493 / 800[0m
step: [92m494 / 800[0m
step: [92m495 / 800[0m
step: [92m496 / 800[0m
step: [92m497 / 800[0m
step: [92m498 / 800[0m
step: [92m499 / 800[0m
step: [92m500 / 800[0m
step: [92m501 / 800[0m
step: [92m502 / 800[0m
step: [92m503 / 800[0m
step: [92m504 / 800[0m
step: [92m505 / 800[0m
step: [92m506 / 800[0m
step: [92m507 / 800[0m
step: [92m508 / 800[0m
step: [92m509 / 800[0m
step: [92m510 / 800[0m
step: [92m511 / 800[0m
step: [92m512 / 800[0m
step: [92m513 / 800[0m
step: [92m514 / 800[0m
step: [92m515 / 800[0m
step: [92m516 / 800[0m
step: [92m517 / 800[0m
step: [92m518 / 800[0m
step: [92m519 / 800[0m
step: [92m520 / 800[0m
step: [92m521 / 800[0m
step: [92m522 / 800[0m
step: [92m523 / 800[0m
step: [92m524 / 800[0m
step: [92m525 / 800[0m
step: [92m526 / 800[0m
step: [92m527 / 800[0m
step: [92m528 / 800[0m
step: [92m529 / 800[0m
step: [92m530 / 800[0m
step: [92m531 / 800[0m
step: [92m532 / 800[0m
step: [92m533 / 800[0m
step: [92m534 / 800[0m
step: [92m535 / 800[0m
step: [92m536 / 800[0m
step: [92m537 / 800[0m
step: [92m538 / 800[0m
step: [92m539 / 800[0m
step: [92m540 / 800[0m
step: [92m541 / 800[0m
step: [92m542 / 800[0m
step: [92m543 / 800[0m
step: [92m544 / 800[0m
step: [92m545 / 800[0m
step: [92m546 / 800[0m
step: [92m547 / 800[0m
step: [92m548 / 800[0m
step: [92m549 / 800[0m
step: [92m550 / 800[0m
step: [92m551 / 800[0m
step: [92m552 / 800[0m
step: [92m553 / 800[0m
step: [92m554 / 800[0m
step: [92m555 / 800[0m
step: [92m556 / 800[0m
step: [92m557 / 800[0m
step: [92m558 / 800[0m
step: [92m559 / 800[0m
step: [92m560 / 800[0m
step: [92m561 / 800[0m
step: [92m562 / 800[0m
step: [92m563 / 800[0m
step: [92m564 / 800[0m
step: [92m565 / 800[0m
step: [92m566 / 800[0m
step: [92m567 / 800[0m
step: [92m568 / 800[0m
step: [92m569 / 800[0m
step: [92m570 / 800[0m
step: [92m571 / 800[0m
step: [92m572 / 800[0m
step: [92m573 / 800[0m
step: [92m574 / 800[0m
step: [92m575 / 800[0m
step: [92m576 / 800[0m
step: [92m577 / 800[0m
step: [92m578 / 800[0m
step: [92m579 / 800[0m
step: [92m580 / 800[0m
step: [92m581 / 800[0m
step: [92m582 / 800[0m
step: [92m583 / 800[0m
step: [92m584 / 800[0m
step: [92m585 / 800[0m
step: [92m586 / 800[0m
step: [92m587 / 800[0m
step: [92m588 / 800[0m
step: [92m589 / 800[0m
step: [92m590 / 800[0m
step: [92m591 / 800[0m
step: [92m592 / 800[0m
step: [92m593 / 800[0m
step: [92m594 / 800[0m
step: [92m595 / 800[0m
step: [92m596 / 800[0m
step: [92m597 / 800[0m
step: [92m598 / 800[0m
step: [92m599 / 800[0m
step: [92m600 / 800[0m
step: [92m601 / 800[0m
step: [92m602 / 800[0m
step: [92m603 / 800[0m
step: [92m604 / 800[0m
step: [92m605 / 800[0m
step: [92m606 / 800[0m
step: [92m607 / 800[0m
step: [92m608 / 800[0m
step: [92m609 / 800[0m
step: [92m610 / 800[0m
step: [92m611 / 800[0m
step: [92m612 / 800[0m
step: [92m613 / 800[0m
step: [92m614 / 800[0m
step: [92m615 / 800[0m
step: [92m616 / 800[0m
step: [92m617 / 800[0m
step: [92m618 / 800[0m
step: [92m619 / 800[0m
step: [92m620 / 800[0m
step: [92m621 / 800[0m
step: [92m622 / 800[0m
step: [92m623 / 800[0m
step: [92m624 / 800[0m
step: [92m625 / 800[0m
step: [92m626 / 800[0m
step: [92m627 / 800[0m
step: [92m628 / 800[0m
step: [92m629 / 800[0m
step: [92m630 / 800[0m
step: [92m631 / 800[0m
step: [92m632 / 800[0m
step: [92m633 / 800[0m
step: [92m634 / 800[0m
step: [92m635 / 800[0m
step: [92m636 / 800[0m
step: [92m637 / 800[0m
step: [92m638 / 800[0m
step: [92m639 / 800[0m
step: [92m640 / 800[0m
step: [92m641 / 800[0m
step: [92m642 / 800[0m
step: [92m643 / 800[0m
step: [92m644 / 800[0m
step: [92m645 / 800[0m
step: [92m646 / 800[0m
step: [92m647 / 800[0m
step: [92m648 / 800[0m
step: [92m649 / 800[0m
step: [92m650 / 800[0m
step: [92m651 / 800[0m
step: [92m652 / 800[0m
step: [92m653 / 800[0m
step: [92m654 / 800[0m
step: [92m655 / 800[0m
step: [92m656 / 800[0m
step: [92m657 / 800[0m
step: [92m658 / 800[0m
step: [92m659 / 800[0m
step: [92m660 / 800[0m
step: [92m661 / 800[0m
step: [92m662 / 800[0m
step: [92m663 / 800[0m
step: [92m664 / 800[0m
step: [92m665 / 800[0m
step: [92m666 / 800[0m
step: [92m667 / 800[0m
step: [92m668 / 800[0m
step: [92m669 / 800[0m
step: [92m670 / 800[0m
step: [92m671 / 800[0m
step: [92m672 / 800[0m
step: [92m673 / 800[0m
step: [92m674 / 800[0m
step: [92m675 / 800[0m
step: [92m676 / 800[0m
step: [92m677 / 800[0m
step: [92m678 / 800[0m
step: [92m679 / 800[0m
step: [92m680 / 800[0m
step: [92m681 / 800[0m
step: [92m682 / 800[0m
step: [92m683 / 800[0m
step: [92m684 / 800[0m
step: [92m685 / 800[0m
step: [92m686 / 800[0m
step: [92m687 / 800[0m
step: [92m688 / 800[0m
step: [92m689 / 800[0m
step: [92m690 / 800[0m
step: [92m691 / 800[0m
step: [92m692 / 800[0m
step: [92m693 / 800[0m
step: [92m694 / 800[0m
step: [92m695 / 800[0m
step: [92m696 / 800[0m
step: [92m697 / 800[0m
step: [92m698 / 800[0m
step: [92m699 / 800[0m
step: [92m700 / 800[0m
step: [92m701 / 800[0m
step: [92m702 / 800[0m
step: [92m703 / 800[0m
step: [92m704 / 800[0m
step: [92m705 / 800[0m
step: [92m706 / 800[0m
step: [92m707 / 800[0m
step: [92m708 / 800[0m
step: [92m709 / 800[0m
step: [92m710 / 800[0m
step: [92m711 / 800[0m
step: [92m712 / 800[0m
step: [92m713 / 800[0m
step: [92m714 / 800[0m
step: [92m715 / 800[0m
step: [92m716 / 800[0m
step: [92m717 / 800[0m
step: [92m718 / 800[0m
step: [92m719 / 800[0m
step: [92m720 / 800[0m
step: [92m721 / 800[0m
step: [92m722 / 800[0m
step: [92m723 / 800[0m
step: [92m724 / 800[0m
step: [92m725 / 800[0m
step: [92m726 / 800[0m
step: [92m727 / 800[0m
step: [92m728 / 800[0m
step: [92m729 / 800[0m
step: [92m730 / 800[0m
step: [92m731 / 800[0m
step: [92m732 / 800[0m
step: [92m733 / 800[0m
step: [92m734 / 800[0m
step: [92m735 / 800[0m
step: [92m736 / 800[0m
step: [92m737 / 800[0m
step: [92m738 / 800[0m
step: [92m739 / 800[0m
step: [92m740 / 800[0m
step: [92m741 / 800[0m
step: [92m742 / 800[0m
step: [92m743 / 800[0m
step: [92m744 / 800[0m
step: [92m745 / 800[0m
step: [92m746 / 800[0m
step: [92m747 / 800[0m
step: [92m748 / 800[0m
step: [92m749 / 800[0m
step: [92m750 / 800[0m
step: [92m751 / 800[0m
step: [92m752 / 800[0m
step: [92m753 / 800[0m
step: [92m754 / 800[0m
step: [92m755 / 800[0m
step: [92m756 / 800[0m
step: [92m757 / 800[0m
step: [92m758 / 800[0m
step: [92m759 / 800[0m
step: [92m760 / 800[0m
step: [92m761 / 800[0m
step: [92m762 / 800[0m
step: [92m763 / 800[0m
step: [92m764 / 800[0m
step: [92m765 / 800[0m
step: [92m766 / 800[0m
step: [92m767 / 800[0m
step: [92m768 / 800[0m
step: [92m769 / 800[0m
step: [92m770 / 800[0m
step: [92m771 / 800[0m
step: [92m772 / 800[0m
step: [92m773 / 800[0m
step: [92m774 / 800[0m
step: [92m775 / 800[0m
step: [92m776 / 800[0m
step: [92m777 / 800[0m
step: [92m778 / 800[0m
step: [92m779 / 800[0m
step: [92m780 / 800[0m
step: [92m781 / 800[0m
step: [92m782 / 800[0m
step: [92m783 / 800[0m
step: [92m784 / 800[0m
step: [92m785 / 800[0m
step: [92m786 / 800[0m
step: [92m787 / 800[0m
step: [92m788 / 800[0m
step: [92m789 / 800[0m
step: [92m790 / 800[0m
step: [92m791 / 800[0m
step: [92m792 / 800[0m
step: [92m793 / 800[0m
step: [92m794 / 800[0m
step: [92m795 / 800[0m
step: [92m796 / 800[0m
step: [92m797 / 800[0m
step: [92m798 / 800[0m
step: [92m799 / 800[0m
step: [92m800 / 800[0m
[91mFail![0m
[93mhandover_block[0m | [94mopenwam2robotwin_interface[0m | [92mdemo_randomized[0m | [91mexp3_official_smoke_unseen_randomized[0m
Success rate: [96m0/1[0m => [95m0.0%[0m, current seed: [90m100001[0m

Data has been saved to eval_result/handover_block/openwam2robotwin_interface/demo_randomized/exp3_official_smoke_unseen_randomized/2026-09-25 13:51:57/_result.txt
[RESULT] handover_block: Success rate: [96m0/1[0m => [95m0.0%[0m, current seed: [90m100001[0m
[INFO] Finished task=handover_block
[INFO] Starting task=turn_switch
[INFO] SAPIEN EGL ICD: /root/data/miniconda3/envs/robotwin-openwam/lib/python3.10/site-packages/sapien/vulkan_library/10_nvidia.json
task_name    : turn_switch
task_config  : demo_randomized
ckpt_setting : exp3_official_smoke_unseen_randomized
server       : ws://127.0.0.1:8848
gpu          : 0
seed         : 0
[eval_policy_wrapper] RoboTwin commit=0aeea2d669c0 eval_policy.py sha256=8b16c766a9c40116
[eval_policy_wrapper] prewarmed CUDA/Curobo before SAPIEN import
[eval_policy_wrapper] patched warp.torch compatibility namespace
============= Config =============

[95mMessy Table:[0m True
[95mRandom Background:[0m True
 - Clean Background Rate: 0.02
[95mRandom Light:[0m True
 - Crazy Random Light Rate: 0.02
[95mRandom Table Height:[0m 0.03
[95mRandom Head Camera Distance:[0m 0
[94mHead Camera Config:[0m D435, True
[94mWrist Camera Config:[0m D435, True
[94mEmbodiment Config:[0m aloha-agilex

==================================
missing pytorch3d
[OpenWAMClient] server=ws://127.0.0.1:8848 send_state=True state_dim=20 request_timeout=300s action_type=ee action_indices=None debug=False debug_dir=./debug_images
[OpenWAMClient] Server healthy at ws://127.0.0.1:8848
[eval_policy_wrapper] overriding RoboTwin eval test_num=1
[34mTask Name: turn_switch[0m
[34mPolicy Name: openwam2robotwin_interface[0m
step: [92m1 / 400[0m
step: [92m2 / 400[0m
step: [92m3 / 400[0m
step: [92m4 / 400[0m
step: [92m5 / 400[0m
step: [92m6 / 400[0m
step: [92m7 / 400[0m
step: [92m8 / 400[0m
step: [92m9 / 400[0m
step: [92m10 / 400[0m
step: [92m11 / 400[0m
step: [92m12 / 400[0m
step: [92m13 / 400[0m
step: [92m14 / 400[0m
step: [92m15 / 400[0m
step: [92m16 / 400[0m
step: [92m17 / 400[0m
step: [92m18 / 400[0m
step: [92m19 / 400[0m
step: [92m20 / 400[0m
step: [92m21 / 400[0m
step: [92m22 / 400[0m
step: [92m23 / 400[0m
step: [92m24 / 400[0m
step: [92m25 / 400[0m
step: [92m26 / 400[0m
step: [92m27 / 400[0m
step: [92m28 / 400[0m
step: [92m29 / 400[0m
step: [92m30 / 400[0m
step: [92m31 / 400[0m
step: [92m32 / 400[0m
step: [92m33 / 400[0m
step: [92m34 / 400[0m
step: [92m35 / 400[0m
step: [92m36 / 400[0m
step: [92m37 / 400[0m
step: [92m38 / 400[0m
step: [92m39 / 400[0m
step: [92m40 / 400[0m
step: [92m41 / 400[0m
step: [92m42 / 400[0m
step: [92m43 / 400[0m
step: [92m44 / 400[0m
step: [92m45 / 400[0m
step: [92m46 / 400[0m
step: [92m47 / 400[0m
step: [92m48 / 400[0m
step: [92m49 / 400[0m
step: [92m50 / 400[0m
step: [92m51 / 400[0m
step: [92m52 / 400[0m
step: [92m53 / 400[0m
step: [92m54 / 400[0m
step: [92m55 / 400[0m
step: [92m56 / 400[0m
step: [92m57 / 400[0m
step: [92m58 / 400[0m
step: [92m59 / 400[0m
step: [92m60 / 400[0m
step: [92m61 / 400[0m
step: [92m62 / 400[0m
step: [92m63 / 400[0m
step: [92m64 / 400[0m
step: [92m65 / 400[0m
step: [92m66 / 400[0m
step: [92m67 / 400[0m
step: [92m68 / 400[0m
step: [92m69 / 400[0m
step: [92m70 / 400[0m
step: [92m71 / 400[0m
step: [92m72 / 400[0m
step: [92m73 / 400[0m
step: [92m74 / 400[0m
step: [92m75 / 400[0m
step: [92m76 / 400[0m
step: [92m77 / 400[0m
step: [92m78 / 400[0m
step: [92m79 / 400[0m
step: [92m80 / 400[0m
step: [92m81 / 400[0m
step: [92m82 / 400[0m
step: [92m83 / 400[0m
step: [92m84 / 400[0m
step: [92m85 / 400[0m
step: [92m86 / 400[0m
step: [92m87 / 400[0m
step: [92m88 / 400[0m
step: [92m89 / 400[0m
step: [92m90 / 400[0m
step: [92m91 / 400[0m
step: [92m92 / 400[0m
step: [92m93 / 400[0m
step: [92m94 / 400[0m
step: [92m95 / 400[0m
step: [92m96 / 400[0m
step: [92m97 / 400[0m
step: [92m98 / 400[0m
step: [92m99 / 400[0m
step: [92m100 / 400[0m
step: [92m101 / 400[0m
step: [92m102 / 400[0m
step: [92m103 / 400[0m
step: [92m104 / 400[0m
step: [92m105 / 400[0m
step: [92m106 / 400[0m
step: [92m107 / 400[0m
step: [92m108 / 400[0m
step: [92m109 / 400[0m
step: [92m110 / 400[0m
step: [92m111 / 400[0m
step: [92m112 / 400[0m
step: [92m113 / 400[0m
step: [92m114 / 400[0m
step: [92m115 / 400[0m
step: [92m116 / 400[0m
step: [92m117 / 400[0m
step: [92m118 / 400[0m
step: [92m119 / 400[0m
step: [92m120 / 400[0m
step: [92m121 / 400[0m
step: [92m122 / 400[0m
step: [92m123 / 400[0m
step: [92m124 / 400[0m
step: [92m125 / 400[0m
step: [92m126 / 400[0m
step: [92m127 / 400[0m
step: [92m128 / 400[0m
step: [92m129 / 400[0m
step: [92m130 / 400[0m
step: [92m131 / 400[0m
step: [92m132 / 400[0m
step: [92m133 / 400[0m
step: [92m134 / 400[0m
step: [92m135 / 400[0m
step: [92m136 / 400[0m
step: [92m137 / 400[0m
step: [92m138 / 400[0m
step: [92m139 / 400[0m
step: [92m140 / 400[0m
step: [92m141 / 400[0m
step: [92m142 / 400[0m
step: [92m143 / 400[0m
step: [92m144 / 400[0m
step: [92m145 / 400[0m
step: [92m146 / 400[0m
step: [92m147 / 400[0m
step: [92m148 / 400[0m
step: [92m149 / 400[0m
step: [92m150 / 400[0m
step: [92m151 / 400[0m
step: [92m152 / 400[0m
step: [92m153 / 400[0m
step: [92m154 / 400[0m
step: [92m155 / 400[0m
step: [92m156 / 400[0m
step: [92m157 / 400[0m
step: [92m158 / 400[0m
step: [92m159 / 400[0m
step: [92m160 / 400[0m
step: [92m161 / 400[0m
step: [92m162 / 400[0m
step: [92m163 / 400[0m
step: [92m164 / 400[0m
step: [92m165 / 400[0m
step: [92m166 / 400[0m
step: [92m167 / 400[0m
step: [92m168 / 400[0m
step: [92m169 / 400[0m
step: [92m170 / 400[0m
step: [92m171 / 400[0m
step: [92m172 / 400[0m
step: [92m173 / 400[0m
step: [92m174 / 400[0m
step: [92m175 / 400[0m
step: [92m176 / 400[0m
step: [92m177 / 400[0m
step: [92m178 / 400[0m
step: [92m179 / 400[0m
step: [92m180 / 400[0m
step: [92m181 / 400[0m
step: [92m182 / 400[0m
step: [92m183 / 400[0m
step: [92m184 / 400[0m
step: [92m185 / 400[0m
step: [92m186 / 400[0m
step: [92m187 / 400[0m
step: [92m188 / 400[0m
step: [92m189 / 400[0m
step: [92m190 / 400[0m
step: [92m191 / 400[0m
step: [92m192 / 400[0m
step: [92m193 / 400[0m
step: [92m194 / 400[0m
step: [92m195 / 400[0m
step: [92m196 / 400[0m
step: [92m197 / 400[0m
step: [92m198 / 400[0m
step: [92m199 / 400[0m
step: [92m200 / 400[0m
step: [92m201 / 400[0m
step: [92m202 / 400[0m
step: [92m203 / 400[0m
step: [92m204 / 400[0m
step: [92m205 / 400[0m
step: [92m206 / 400[0m
step: [92m207 / 400[0m
step: [92m208 / 400[0m
step: [92m209 / 400[0m
step: [92m210 / 400[0m
step: [92m211 / 400[0m
step: [92m212 / 400[0m
step: [92m213 / 400[0m
step: [92m214 / 400[0m
step: [92m215 / 400[0m
step: [92m216 / 400[0m
step: [92m217 / 400[0m
step: [92m218 / 400[0m
step: [92m219 / 400[0m
step: [92m220 / 400[0m
step: [92m221 / 400[0m
step: [92m222 / 400[0m
step: [92m223 / 400[0m
step: [92m224 / 400[0m
step: [92m225 / 400[0m
step: [92m226 / 400[0m
step: [92m227 / 400[0m
step: [92m228 / 400[0m
step: [92m229 / 400[0m
step: [92m230 / 400[0m
step: [92m231 / 400[0m
step: [92m232 / 400[0m
step: [92m233 / 400[0m
step: [92m234 / 400[0m
step: [92m235 / 400[0m
step: [92m236 / 400[0m
step: [92m237 / 400[0m
step: [92m238 / 400[0m
step: [92m239 / 400[0m
step: [92m240 / 400[0m
step: [92m241 / 400[0m
step: [92m242 / 400[0m
step: [92m243 / 400[0m
step: [92m244 / 400[0m
step: [92m245 / 400[0m
step: [92m246 / 400[0m
step: [92m247 / 400[0m
step: [92m248 / 400[0m
step: [92m249 / 400[0m
step: [92m250 / 400[0m
step: [92m251 / 400[0m
step: [92m252 / 400[0m
step: [92m253 / 400[0m
step: [92m254 / 400[0m
step: [92m255 / 400[0m
step: [92m256 / 400[0m
step: [92m257 / 400[0m
step: [92m258 / 400[0m
step: [92m259 / 400[0m
step: [92m260 / 400[0m
step: [92m261 / 400[0m
step: [92m262 / 400[0m
step: [92m263 / 400[0m
step: [92m264 / 400[0m
step: [92m265 / 400[0m
step: [92m266 / 400[0m
step: [92m267 / 400[0m
step: [92m268 / 400[0m
step: [92m269 / 400[0m
step: [92m270 / 400[0m
step: [92m271 / 400[0m
step: [92m272 / 400[0m
step: [92m273 / 400[0m
step: [92m274 / 400[0m
step: [92m275 / 400[0m
step: [92m276 / 400[0m
step: [92m277 / 400[0m
step: [92m278 / 400[0m
step: [92m279 / 400[0m
step: [92m280 / 400[0m
step: [92m281 / 400[0m
step: [92m282 / 400[0m
step: [92m283 / 400[0m
step: [92m284 / 400[0m
step: [92m285 / 400[0m
step: [92m286 / 400[0m
step: [92m287 / 400[0m
step: [92m288 / 400[0m
step: [92m289 / 400[0m
step: [92m290 / 400[0m
step: [92m291 / 400[0m
step: [92m292 / 400[0m
step: [92m293 / 400[0m
step: [92m294 / 400[0m
step: [92m295 / 400[0m
step: [92m296 / 400[0m
step: [92m297 / 400[0m
step: [92m298 / 400[0m
step: [92m299 / 400[0m
step: [92m300 / 400[0m
step: [92m301 / 400[0m
step: [92m302 / 400[0m
step: [92m303 / 400[0m
step: [92m304 / 400[0m
step: [92m305 / 400[0m
step: [92m306 / 400[0m
step: [92m307 / 400[0m
step: [92m308 / 400[0m
step: [92m309 / 400[0m
step: [92m310 / 400[0m
step: [92m311 / 400[0m
step: [92m312 / 400[0m
step: [92m313 / 400[0m
step: [92m314 / 400[0m
step: [92m315 / 400[0m
step: [92m316 / 400[0m
step: [92m317 / 400[0m
step: [92m318 / 400[0m
step: [92m319 / 400[0m
step: [92m320 / 400[0m
step: [92m321 / 400[0m
step: [92m322 / 400[0m
step: [92m323 / 400[0m
step: [92m324 / 400[0m
step: [92m325 / 400[0m
step: [92m326 / 400[0m
step: [92m327 / 400[0m
step: [92m328 / 400[0m
step: [92m329 / 400[0m
step: [92m330 / 400[0m
step: [92m331 / 400[0m
step: [92m332 / 400[0m
step: [92m333 / 400[0m
step: [92m334 / 400[0m
step: [92m335 / 400[0m
step: [92m336 / 400[0m
step: [92m337 / 400[0m
step: [92m338 / 400[0m
step: [92m339 / 400[0m
step: [92m340 / 400[0m
step: [92m341 / 400[0m
step: [92m342 / 400[0m
step: [92m343 / 400[0m
step: [92m344 / 400[0m
step: [92m345 / 400[0m
step: [92m346 / 400[0m
step: [92m347 / 400[0m
step: [92m348 / 400[0m
step: [92m349 / 400[0m
step: [92m350 / 400[0m
step: [92m351 / 400[0m
step: [92m352 / 400[0m
step: [92m353 / 400[0m
step: [92m354 / 400[0m
step: [92m355 / 400[0m
step: [92m356 / 400[0m
step: [92m357 / 400[0m
step: [92m358 / 400[0m
step: [92m359 / 400[0m
step: [92m360 / 400[0m
step: [92m361 / 400[0m
step: [92m362 / 400[0m
step: [92m363 / 400[0m
step: [92m364 / 400[0m
step: [92m365 / 400[0m
step: [92m366 / 400[0m
step: [92m367 / 400[0m
step: [92m368 / 400[0m
step: [92m369 / 400[0m
step: [92m370 / 400[0m
step: [92m371 / 400[0m
step: [92m372 / 400[0m
step: [92m373 / 400[0m
step: [92m374 / 400[0m
step: [92m375 / 400[0m
step: [92m376 / 400[0m
step: [92m377 / 400[0m
step: [92m378 / 400[0m
step: [92m379 / 400[0m
step: [92m380 / 400[0m
step: [92m381 / 400[0m
step: [92m382 / 400[0m
step: [92m383 / 400[0m
step: [92m384 / 400[0m
step: [92m385 / 400[0m
step: [92m386 / 400[0m
step: [92m387 / 400[0m
step: [92m388 / 400[0m
step: [92m389 / 400[0m
step: [92m390 / 400[0m
step: [92m391 / 400[0m
step: [92m392 / 400[0m
step: [92m393 / 400[0m
step: [92m394 / 400[0m
step: [92m395 / 400[0m
step: [92m396 / 400[0m
step: [92m397 / 400[0m
step: [92m398 / 400[0m
step: [92m399 / 400[0m
step: [92m400 / 400[0m
[91mFail![0m
[93mturn_switch[0m | [94mopenwam2robotwin_interface[0m | [92mdemo_randomized[0m | [91mexp3_official_smoke_unseen_randomized[0m
Success rate: [96m0/1[0m => [95m0.0%[0m, current seed: [90m100000[0m

Data has been saved to eval_result/turn_switch/openwam2robotwin_interface/demo_randomized/exp3_official_smoke_unseen_randomized/2026-09-25 13:57:04/_result.txt
[RESULT] turn_switch: Success rate: [96m0/1[0m => [95m0.0%[0m, current seed: [90m100000[0m
[INFO] Finished task=turn_switch
[INFO] All tasks finished. Logs: /root/data/robot/experiment3/runs/20260925_unseen_smoke/openwam/official_smoke/unseen/raw_logs
