[INFO] SAPIEN EGL ICD: /root/data/miniconda3/envs/fastwam/lib/python3.10/site-packages/sapien/vulkan_library/10_nvidia.json
task_name    : grab_roller
task_config  : demo_clean
ckpt_setting : exp3_official_smoke_unseen_clean
server       : ws://127.0.0.1:8848
gpu          : 0
seed         : 0
[eval_policy_wrapper] RoboTwin commit=0aeea2d669c0 eval_policy.py sha256=8b16c766a9c40116
[eval_policy_wrapper] prewarmed CUDA/Curobo before SAPIEN import
[eval_policy_wrapper] patched warp.torch compatibility namespace
============= Config =============

[95mMessy Table:[0m False
[95mRandom Background:[0m False
[95mRandom Light:[0m False
[95mRandom Table Height:[0m 0
[95mRandom Head Camera Distance:[0m 0
[94mHead Camera Config:[0m D435, True
[94mWrist Camera Config:[0m D435, True
[94mEmbodiment Config:[0m aloha-agilex

==================================
missing pytorch3d
[OpenWAMClient] server=ws://127.0.0.1:8848 send_state=True state_dim=20 request_timeout=300s action_type=ee action_indices=None debug=False debug_dir=./debug_images
[OpenWAMClient] Server healthy at ws://127.0.0.1:8848
[eval_policy_wrapper] overriding RoboTwin eval test_num=1
[34mTask Name: grab_roller[0m
[34mPolicy Name: openwam2robotwin_interface[0m
